******************************************************************************
               TMS320C6x Linker Unix v7.4.1                    
******************************************************************************
>> Linked Sun May 11 21:26:33 2014

OUTPUT FILE NAME:   <hua_evmc6670l.out>
ENTRY POINT SYMBOL: "_c_int00"  address: 83d73fa0


MEMORY CONFIGURATION

         name            origin    length      used     unused   attr    fill
----------------------  --------  ---------  --------  --------  ----  --------
  L2SRAM_IBL_RESERVED   00800000   00020000  00000000  00020000  RW X
  L2SRAM                00820000   00060000  00009e54  000561ac  RW X
  L1PSRAM               00e00000   00008000  00000000  00008000  RW X
  L1DSRAM               00f00000   00008000  00000000  00008000  RW  
  MSMCSRAM              0c000000   00400000  00057300  003a8d00  RW X
  DDR                   80000000   1fffffff  03d8df3c  1c2720c3  RW X


SEGMENT ALLOCATION MAP

run origin  load origin   length   init length attrs members
----------  ----------- ---------- ----------- ----- -------
00820000    00820000    00008888   00000000    rw-
  00820000    00820000    00004000   00000000    rw- .resmgr_memregion
  00824000    00824000    00002400   00000000    rw- .qmss
  00826400    00826400    00001488   00000000    rw- .resmgr_pa
  00827888    00827888    00001000   00000000    rw- .stack
00828890    00828890    00000600   00000000    rw-
  00828890    00828890    00000600   00000000    rw- .far:NDK_OBJMEM
00828e90    00828e90    00000170   00000170    r--
  00828e90    00828e90    00000170   00000170    r-- .switch.1
00829000    00829000    00000200   00000200    r-x
  00829000    00829000    00000200   00000200    r-x .vecs
00829200    00829200    00000480   00000000    rw-
  00829200    00829200    00000480   00000000    rw- .cppi
00829680    00829680    00000304   00000304    r--
  00829680    00829680    00000304   00000304    r-- .switch.2
00829a00    00829a00    00000438   00000318    rw-
  00829a00    00829a00    00000318   00000318    rw- .nimu_eth_ll2
  00829d18    00829d18    00000120   00000000    rw- .cio
00829e40    00829e40    000000a0   00000000    rw-
  00829e40    00829e40    000000a0   00000000    rw- .resmgr_handles
0c000000    0c000000    00057300   00000000    rw-
  0c000000    0c000000    00052b00   00000000    rw- .far:NDK_PACKETMEM
  0c052b00    0c052b00    00004800   00000000    rw- .far:taskStackSection
80000000    80000000    02625a00   00000000    rw-
  80000000    80000000    02625a00   00000000    rw- systemHeap
82625a00    82625a00    016f1808   016f1808    rw-
  82625a00    82625a00    016f1808   016f1808    rw- .far
83d17210    83d17210    00000010   00000010    r--
  83d17210    83d17210    00000010   00000010    r-- .const.1
83d17220    83d17220    00072fae   00072fae    r-x
  83d17220    83d17220    000688e0   000688e0    r-x .text
  83d7fb00    83d7fb00    0000a6ce   0000a6ce    r-- .const.2
83d8a1d0    83d8a1d0    0000149a   0000149a    rw-
  83d8a1d0    83d8a1d0    0000149a   0000149a    rw- .fardata
83d8b670    83d8b670    0000152c   00001470    rw-
  83d8b670    83d8b670    00001470   00001470    rw- platform_lib
  83d8cae0    83d8cae0    000000bc   00000000    rw- .bss
83d8cba0    83d8cba0    000001ed   000001ed    rw-
  83d8cba0    83d8cba0    000001ed   000001ed    rw- .neardata
83d8cd90    83d8cd90    0000003c   0000003c    r--
  83d8cd90    83d8cd90    0000003c   0000003c    r-- .rodata
83d8cdcc    83d8cdcc    00001180   00001180    r--
  83d8cdcc    83d8cdcc    00000014   00000014    r-- .init_array
  83d8cde0    83d8cde0    0000116c   0000116c    r-- .cinit


SECTION ALLOCATION MAP

 output                                  attributes/
section   page    origin      length       input sections
--------  ----  ----------  ----------   ----------------
.resmgr_memregion 
*          0    00820000    00004000     UNINITIALIZED
                  00820000    00004000     resourcemgr.obj (.resmgr_memregion)

.qmss      0    00824000    00002400     UNINITIALIZED
                  00824000    00002400     ti.drv.qmss.ae66 : qmss_drv.oe66 (.qmss)

.resmgr_pa 
*          0    00826400    00001488     UNINITIALIZED
                  00826400    00001488     resourcemgr.obj (.resmgr_pa)

.stack     0    00827888    00001000     UNINITIALIZED
                  00827888    00000008     boot.ae66 : boot.oe66 (.stack)
                  00827890    00000ff8     --HOLE--

.far:NDK_OBJMEM 
*          0    00828890    00000600     UNINITIALIZED
                  00828890    00000600     os.ae66 : ossys.oe66 (.far:NDK_OBJMEM)

.switch.1 
*          0    00828e90    00000170     
                  00828e90    00000070     ti.csl.ae66 : csl_chip.oe66 (.switch:CSL_chipReadReg)
                  00828f00    00000060     nettool.ae66 : telnetd.oe66 (.switch:telnet_netdata)
                  00828f60    0000003c     stk6_ppp_pppoe.ae66 : sock.oe66 (.switch:SockGet)
                  00828f9c    0000003c                         : sock.oe66 (.switch:SockSet)
                  00828fd8    00000028                         : lcp.oe66 (.switch:lcpInput)

.vecs      0    00829000    00000200     
                  00829000    00000200     evm_pe66.oe66 (.vecs)

.cppi      0    00829200    00000480     UNINITIALIZED
                  00829200    00000480     ti.drv.cppi.ae66 : cppi_drv.oe66 (.cppi)

.switch.2 
*          0    00829680    00000304     
                  00829680    00000038     stk6_ppp_pppoe.ae66 : icmpin.oe66 (.switch:ICMPInput)
                  008296b8    00000038                         : icmpv6in.oe66 (.switch:ICMPv6RxPacket)
                  008296f0    00000034                         : rawethsock.oe66 (.switch:RawEthSockSet)
                  00829724    0000002c                         : sock6.oe66 (.switch:Sock6Get)
                  00829750    0000002c                         : sock6.oe66 (.switch:Sock6Set)
                  0082977c    0000002c     ti.drv.pa.ae66 : pa.oe66 (.switch:pa_conv_routing_info)
                  008297a8    00000020     stk6_ppp_pppoe.ae66 : rawethsock.oe66 (.switch:RawEthSockGet)
                  008297c8    00000020                         : tcp6prot.oe66 (.switch:TCP6PrGetOption)
                  008297e8    00000020                         : tcp6prot.oe66 (.switch:TCP6PrSetOption)
                  00829808    00000020                         : tcpprot.oe66 (.switch:TcpPrGetOption)
                  00829828    00000020                         : tcpprot.oe66 (.switch:TcpPrSetOption)
                  00829848    00000020                         : ipcp.oe66 (.switch:ipcpInput)
                  00829868    0000001c                         : sock6int.oe66 (.switch:Sock6Notify)
                  00829884    0000001c                         : sockint.oe66 (.switch:SockNotify)
                  008298a0    0000001c     nettool.ae66 : dhcpsm.oe66 (.switch:dhcpState)
                  008298bc    00000018     stk6_ppp_pppoe.ae66 : nimuppp.oe66 (.switch:pppEvent)
                  008298d4    00000014                         : icmpv6in.oe66 (.switch:ICMPv6RecvDstUnreachable)
                  008298e8    00000014                         : lli6.oe66 (.switch:LLI6TimerCheck)
                  008298fc    00000014                         : nimu.oe66 (.switch:NIMUIoctl)
                  00829910    00000014                         : lcp.oe66 (.switch:lcpSendCfg)
                  00829924    00000010                         : ipv6_exthdrs.oe66 (.switch:IPv6ParseHopOptions)
                  00829934    00000010                         : auth.oe66 (.switch:chapInput)
                  00829944    00000010     nettool.ae66 : inetaddr.oe66 (.switch:inet_aton)
                  00829954    00000010     stk6_ppp_pppoe.ae66 : ipcp.oe66 (.switch:ipcpSendCfg)
                  00829964    00000010     ti.platform.evm6670l.ae66 : platform.obj (.switch:platform_internal_memory_test)
                  00829974    00000010     stk6_ppp_pppoe.ae66 : nimupppoe.oe66 (.switch:pppoeCtrlMsg)

.nimu_eth_ll2 
*          0    00829a00    00000318     
                  00829a00    00000308     ti.transport.ndk.nimu.ae66 : nimu_eth.obj (.nimu_eth_ll2:uninit) [fill = 0]
                  00829d08    00000010                                : nimu_eth.obj (.nimu_eth_ll2:init)

.cio       0    00829d18    00000120     UNINITIALIZED
                  00829d18    00000120     rts6600_elf.lib : trgmsg.obj (.cio)

.resmgr_handles 
*          0    00829e40    000000a0     UNINITIALIZED
                  00829e40    000000a0     resourcemgr.obj (.resmgr_handles)

.far:NDK_PACKETMEM 
*          0    0c000000    00052b00     UNINITIALIZED
                  0c000000    00052b00     stk6_ppp_pppoe.ae66 : pbm_data.oe66 (.far:NDK_PACKETMEM)

.far:taskStackSection 
*          0    0c052b00    00004800     UNINITIALIZED
                  0c052b00    00004800     evm_pe66.oe66 (.far:taskStackSection)

xdc.meta   0    80000000    000000f8     COPY SECTION
                  80000000    000000f8     evm_pe66.oe66 (xdc.meta)

systemHeap 
*          0    80000000    02625a00     UNINITIALIZED
                  80000000    02625a00     evm_pe66.oe66 (systemHeap)

.far       0    82625a00    016f1808     
                  82625a00    016e3978     hpdspua.obj (.far) [fill = 0]
                  83d09378    00000008     rts6600_elf.lib : trgdrv.obj (.far) [fill = 0]
                  83d09380    0000c1c0     os.ae66 : mem_data.oe66 (.far:NDK_MMBUFFER) [fill = 0]
                  83d15540    00000818     evm_pe66.oe66 (.far) [fill = 0]
                  83d15d58    00000004     rts6600_elf.lib : wlocale.obj (.far:_ZGVNSt10moneypunctIwLb0EE2idE) [fill = 0]
                  83d15d5c    00000004                     : wlocale.obj (.far:_ZGVNSt10moneypunctIwLb1EE2idE) [fill = 0]
                  83d15d60    00000660     nettool.ae66 : daemon.oe66 (.far) [fill = 0]
                  83d163c0    000001d8     rts6600_elf.lib : wiostrea.obj (.far) [fill = 0]
                  83d16598    000001d4                     : iostream.obj (.far) [fill = 0]
                  83d1676c    00000004                     : iostream.obj (.far:_ZGVNSt7codecvtIcciE2idE) [fill = 0]
                  83d16770    00000140                     : defs.obj (.far) [fill = 0]
                  83d168b0    00000120     ti.drv.qmss.ae66 : qmss_drv.oe66 (.far) [fill = 0]
                  83d169d0    00000110     stk6_ppp_pppoe.ae66 : igmp.oe66 (.far) [fill = 0]
                  83d16ae0    000000d8     netctrl.ae66 : netsrv.oe66 (.far) [fill = 0]
                  83d16bb8    000000c8     stk6_ppp_pppoe.ae66 : ipv6.oe66 (.far) [fill = 0]
                  83d16c80    000000c4                         : tcp.oe66 (.far) [fill = 0]
                  83d16d44    000000b8                         : tcp6in.oe66 (.far) [fill = 0]
                  83d16dfc    00000004     rts6600_elf.lib : wlocale.obj (.far:_ZGVNSt7collateIwE2idE) [fill = 0]
                  83d16e00    0000009c     stk6_ppp_pppoe.ae66 : icmp.oe66 (.far) [fill = 0]
                  83d16e9c    00000004     rts6600_elf.lib : wlocale.obj (.far:_ZGVNSt7num_getIwSt19istreambuf_iteratorIwSt11char_traitsIwEEE2idE) [fill = 0]
                  83d16ea0    0000007c     os.ae66 : mem.oe66 (.far) [fill = 0]
                  83d16f1c    00000068     stk6_ppp_pppoe.ae66 : ip.oe66 (.far) [fill = 0]
                  83d16f84    00000064                         : nimu.oe66 (.far) [fill = 0]
                  83d16fe8    00000044     ti.platform.evm6670l.ae66 : evmc66x_i2c_eeprom.obj (.far) [fill = 0]
                  83d1702c    00000030     stk6_ppp_pppoe.ae66 : udp.oe66 (.far) [fill = 0]
                  83d1705c    00000004     rts6600_elf.lib : wlocale.obj (.far:_ZGVNSt7num_putIwSt19ostreambuf_iteratorIwSt11char_traitsIwEEE2idE) [fill = 0]
                  83d17060    00000030     ti.transport.ndk.nimu.ae66 : nimu_eth.obj (.far) [fill = 0]
                  83d17090    00000028     stk6_ppp_pppoe.ae66 : vlan.oe66 (.far) [fill = 0]
                  83d170b8    00000024                         : udp6.oe66 (.far) [fill = 0]
                  83d170dc    00000004     rts6600_elf.lib : wlocale.obj (.far:_ZGVNSt8messagesIwE2idE) [fill = 0]
                  83d170e0    00000020     resourcemgr.obj (.far) [fill = 0]
                  83d17100    0000001c     os.ae66 : mem_data.oe66 (.far:NDK_MMBUFFER1)
                  83d1711c    00000018     stk6_ppp_pppoe.ae66 : icmpv6.oe66 (.far) [fill = 0]
                  83d17134    0000000c     rts6600_elf.lib : locale0.obj (.far) [fill = 0]
                  83d17140    00000014     stk6_ppp_pppoe.ae66 : rtc.oe66 (.far) [fill = 0]
                  83d17154    00000012     tpool.obj (.far) [fill = 0]
                  83d17166    00000002     --HOLE--
                  83d17168    00000010     netctrl.ae66 : netctrl.oe66 (.far) [fill = 0]
                  83d17178    00000010     stk6_ppp_pppoe.ae66 : raw.oe66 (.far) [fill = 0]
                  83d17188    00000010                         : raw6.oe66 (.far) [fill = 0]
                  83d17198    00000010                         : raweth.oe66 (.far) [fill = 0]
                  83d171a8    0000000c                         : pbm.oe66 (.far) [fill = 0]
                  83d171b4    00000004     rts6600_elf.lib : wlocale.obj (.far:_ZGVNSt8numpunctIwE2idE) [fill = 0]
                  83d171b8    00000004                     : wlocale.obj (.far:_ZGVNSt8time_getIwSt19istreambuf_iteratorIwSt11char_traitsIwEEE2idE) [fill = 0]
                  83d171bc    00000004                     : wlocale.obj (.far:_ZGVNSt9money_getIwSt19istreambuf_iteratorIwSt11char_traitsIwEEE2idE) [fill = 0]
                  83d171c0    00000004                     : wlocale.obj (.far:_ZGVNSt9money_putIwSt19ostreambuf_iteratorIwSt11char_traitsIwEEE2idE) [fill = 0]
                  83d171c4    00000004                     : wlocale.obj (.far:_ZNSt10moneypunctIwLb0EE2idE) [fill = 0]
                  83d171c8    00000004                     : wlocale.obj (.far:_ZNSt10moneypunctIwLb1EE2idE) [fill = 0]
                  83d171cc    00000004                     : iostream.obj (.far:_ZNSt13basic_filebufIcSt11char_traitsIcEE7_StinitE) [fill = 0]
                  83d171d0    00000004                     : wiostrea.obj (.far:_ZNSt13basic_filebufIwSt11char_traitsIwEE7_StinitE) [fill = 0]
                  83d171d4    00000004                     : iostream.obj (.far:_ZNSt4fposIiE4_StzE) [fill = 0]
                  83d171d8    00000004                     : iostream.obj (.far:_ZNSt7codecvtIcciE2idE) [fill = 0]
                  83d171dc    00000004                     : wlocale.obj (.far:_ZNSt7collateIwE2idE) [fill = 0]
                  83d171e0    00000004                     : wlocale.obj (.far:_ZNSt7num_getIwSt19istreambuf_iteratorIwSt11char_traitsIwEEE2idE) [fill = 0]
                  83d171e4    00000004                     : wlocale.obj (.far:_ZNSt7num_putIwSt19ostreambuf_iteratorIwSt11char_traitsIwEEE2idE) [fill = 0]
                  83d171e8    00000004                     : wlocale.obj (.far:_ZNSt8messagesIwE2idE) [fill = 0]
                  83d171ec    00000004                     : wlocale.obj (.far:_ZNSt8numpunctIwE2idE) [fill = 0]
                  83d171f0    00000004                     : wlocale.obj (.far:_ZNSt8time_getIwSt19istreambuf_iteratorIwSt11char_traitsIwEEE2idE) [fill = 0]
                  83d171f4    00000004                     : wlocale.obj (.far:_ZNSt8time_putIwSt19ostreambuf_iteratorIwSt11char_traitsIwEEE2idE) [fill = 0]
                  83d171f8    00000004                     : wlocale.obj (.far:_ZNSt9money_getIwSt19istreambuf_iteratorIwSt11char_traitsIwEEE2idE) [fill = 0]
                  83d171fc    00000004                     : wlocale.obj (.far:_ZNSt9money_putIwSt19ostreambuf_iteratorIwSt11char_traitsIwEEE2idE) [fill = 0]
                  83d17200    00000004                     : wlocale.obj (.far) [fill = 0]
                  83d17204    00000004     stk6_ppp_pppoe.ae66 : rawethsock_pcb.oe66 (.far) [fill = 0]

.const.1   0    83d17210    00000010     
                  83d17210    00000010     rts6600_elf.lib : string.obj (.const:.string:_ZTSSt11logic_error)

.text      0    83d17220    000688e0     
                  83d17220    00002d80     ti.transport.ndk.nimu.ae66 : nimu_eth.obj (.text)
                  83d19fa0    00002000     ti.platform.evm6670l.ae66 : platform.obj (.text)
                  83d1bfa0    00001b20                               : evmc6670.obj (.text)
                  83d1dac0    00001a00     stk6_ppp_pppoe.ae66 : tcpin.oe66 (.text:TcpInput)
                  83d1f4c0    000019a0                         : tcp6in.oe66 (.text:TCP6Input)
                  83d20e60    00001240                         : tcpout.oe66 (.text:TcpOutput)
                  83d220a0    00001180                         : tcp6out.oe66 (.text:TCP6Output)
                  83d23220    00001140     hpdspua.obj (.text)
                  83d24360    00000d80     ti.platform.evm6670l.ae66 : evmc66x_i2c_eeprom.obj (.text)
                  83d250e0    00000d00     resourcemgr.obj (.text)
                  83d25de0    00000b80     stk6_ppp_pppoe.ae66 : ipin.oe66 (.text:IPRxPacket)
                  83d26960    00000b60     ti.platform.evm6670l.ae66 : evm66x_nand.obj (.text)
                  83d274c0    00000aa0     stk6_ppp_pppoe.ae66 : md5.oe66 (.text:MD5Transform)
                  83d27f60    000009c0                         : ipout.oe66 (.text:IPTxPacket)
                  83d28920    000009a0                         : lcp.oe66 (.text:lcpInput)
                  83d292c0    000009a0     ti.targets.rts6000.ae66 : System.oe66 (.text:xdc_runtime_System_doPrint__I)
                  83d29c60    00000920     rts6600_elf.lib : wiostrea.obj (.text:_ZNSt6_WinitC1Ev)
                  83d2a580    000008a0     nettool.ae66 : httpclie.oe66 (.text:httpClientProcess)
                  83d2ae20    000007e0     ti.drv.qmss.ae66 : qmss_drv.oe66 (.text:Qmss_insertMemoryRegion)
                  83d2b600    000007e0     stk6_ppp_pppoe.ae66 : ipcp.oe66 (.text:ipcpInput)
                  83d2bde0    000007c0     nettool.ae66 : httpsend.oe66 (.text:SetContentType)
                  83d2c5a0    000007c0     stk6_ppp_pppoe.ae66 : sock.oe66 (.text:SockSet)
                  83d2cd60    000007a0                         : fileuser.oe66 (.text:fdPoll)
                  83d2d500    00000780     sysbios.ae66 : BIOS.obj (.text:ti_sysbios_family_c64p_Exception_handler__I)
                  83d2dc80    00000760     rts6600_elf.lib : iostream.obj (.text:_ZNSt8ios_base4InitC1Ev)
                  83d2e3e0    00000720     ti.drv.pa.ae66 : pa.oe66 (.text:Pa_addMac)
                  83d2eb00    00000720     ti.platform.evm6670l.ae66 : evmc66x_ecc.obj (.text)
                  83d2f220    00000720                               : evmc66x_gpio.obj (.text)
                  83d2f940    000006c0     nettool.ae66 : telnetd.oe66 (.text:telnet_netdata)
                  83d30000    000006a0     stk6_ppp_pppoe.ae66 : sock.oe66 (.text:SockGet)
                  83d306a0    00000680                         : icmpv6_ndisc.oe66 (.text:ICMPv6RecvRA)
                  83d30d20    00000680     rts6600_elf.lib : wiostrea.obj (.text:_ZNSt13basic_filebufIwSt11char_traitsIwEE8overflowEj)
                  83d313a0    00000680     sysbios.ae66 : BIOS.obj (.text:ti_sysbios_knl_Task_Instance_finalize__F)
                  83d31a20    00000660     ti.drv.cppi.ae66 : cppi_drv.oe66 (.text:Cppi_configureRxFlow)
                  83d32080    00000640     rts6600_elf.lib : iostream.obj (.text:_ZNSt13basic_filebufIcSt11char_traitsIcEE8overflowEi)
                  83d326c0    00000620     stk6_ppp_pppoe.ae66 : route6.oe66 (.text:Rt6Create)
                  83d32ce0    00000620     rts6600_elf.lib : wiostrea.obj (.text:_ZNSt13basic_filebufIwSt11char_traitsIwEE5uflowEv)
                  83d33300    00000600     sysbios.ae66 : BIOS.obj (.text:ti_sysbios_heaps_HeapMem_alloc__E)
                  83d33900    00000600                  : BIOS.obj (.text:ti_sysbios_heaps_HeapMem_free__E)
                  83d33f00    000005e0     rts6600_elf.lib : iostream.obj (.text:_ZNSt13basic_filebufIcSt11char_traitsIcEE5uflowEv)
                  83d344e0    000005c0     stk6_ppp_pppoe.ae66 : ipfrag.oe66 (.text:IPReasm)
                  83d34aa0    000005c0     rts6600_elf.lib : divd.obj (.text:__c6xabi_divd)
                  83d35060    000005c0                     : _printfi.obj (.text:_getarg_diouxp)
                  83d35620    000005c0     sysbios.ae66 : BIOS.obj (.text:ti_sysbios_timers_timer64_Timer_Module_startup__F)
                  83d35be0    000005a0     stk6_ppp_pppoe.ae66 : icmpin.oe66 (.text:ICMPInput)
                  83d36180    000005a0     ti.platform.evm6670l.ae66 : evmc66x_spi.obj (.text)
                  83d36720    00000580     stk6_ppp_pppoe.ae66 : nimuppp.oe66 (.text:pppEvent)
                  83d36ca0    00000580     ti.platform.evm6670l.ae66 : evmc6670_phy.obj (.text)
                  83d37220    00000560     stk6_ppp_pppoe.ae66 : ipv6.oe66 (.text:IPv6IPAddressToString)
                  83d37780    00000540     rts6600_elf.lib : iostream.obj (.text:_ZNSt13basic_filebufIcSt11char_traitsIcEE9_EndwriteEv)
                  83d37cc0    00000540                     : wiostrea.obj (.text:_ZNSt13basic_filebufIwSt11char_traitsIwEE9_EndwriteEv)
                  83d38200    00000520     stk6_ppp_pppoe.ae66 : sock.oe66 (.text:SockNew)
                  83d38720    00000520     ti.platform.evm6670l.ae66 : evmc66x_nor.obj (.text)
                  83d38c40    00000500     rts6600_elf.lib : ios.obj (.text:_ZNSt8ios_base5clearENSt5_IosbIiE8_IostateEb)
                  83d39140    000004e0     stk6_ppp_pppoe.ae66 : udp.oe66 (.text:UdpInput)
                  83d39620    000004e0                         : nimupppoe.oe66 (.text:pppoeInputS)
                  83d39b00    000004e0     sysbios.ae66 : BIOS.obj (.text:ti_sysbios_knl_Semaphore_pend__E)
                  83d39fe0    000004c0     ti.drv.cppi.ae66 : cppi_drv.oe66 (.text:Cppi_txChannelOpen)
                  83d3a4a0    000004c0     stk6_ppp_pppoe.ae66 : sock6.oe66 (.text:Sock6Connect)
                  83d3a960    000004c0                         : sock6.oe66 (.text:Sock6Set)
                  83d3ae20    000004c0     rts6600_elf.lib : fwrite.obj (.text:fwrite)
                  83d3b2e0    000004c0     ti.platform.evm6670l.ae66 : evmc66x_fpga.obj (.text)
                  83d3b7a0    000004a0     stk6_ppp_pppoe.ae66 : bind6.oe66 (.text:Bind6New)
                  83d3bc40    000004a0                         : lliin.oe66 (.text:LLIRxPacket)
                  83d3c0e0    000004a0                         : sock6.oe66 (.text:Sock6Recv)
                  83d3c580    000004a0                         : sock.oe66 (.text:SockRecv)
                  83d3ca20    00000480     sysbios.ae66 : BIOS.obj (.text:ti_sysbios_knl_Task_Module_startup__F)
                  83d3cea0    00000460     rts6600_elf.lib : _printfi.obj (.text:_printfi)
                  83d3d300    00000460                     : _printfi.obj (.text:_setfield)
                  83d3d760    00000460     stk6_ppp_pppoe.ae66 : nimuppp.oe66 (.text:pppNew)
                  83d3dbc0    00000440     ti.drv.cppi.ae66 : cppi_drv.oe66 (.text:Cppi_rxChannelOpen)
                  83d3e000    00000440     stk6_ppp_pppoe.ae66 : sock6.oe66 (.text:Sock6New)
                  83d3e440    00000440                         : auth.oe66 (.text:chapInput)
                  83d3e880    00000440                         : fileuser.oe66 (.text:fdSelect)
                  83d3ecc0    00000440                         : nimupppoe.oe66 (.text:pppoeInputC)
                  83d3f100    00000420     nettool.ae66 : daemon.oe66 (.text:daemon)
                  83d3f520    00000420     ti.drv.pa.ae66 : pa.oe66 (.text:pa_conv_routing_info)
                  83d3f940    00000400     stk6_ppp_pppoe.ae66 : sock6.oe66 (.text:Sock6Get)
                  83d3fd40    00000400                         : sock6.oe66 (.text:Sock6Send)
                  83d40140    00000400     rts6600_elf.lib : wlocale.obj (.text:__sti___11_wlocale_cpp_2cd9943d)
                  83d40540    00000400     os.ae66 : efs.oe66 (.text:efs_filecheck)
                  83d40940    000003e0     stk6_ppp_pppoe.ae66 : ipv6_frag.oe66 (.text:IPv6TxFragPacket)
                  83d40d20    000003c0     ti.drv.cppi.ae66 : cppi_desc.oe66 (.text:Cppi_initDescriptor)
                  83d410e0    000003c0     stk6_ppp_pppoe.ae66 : ipv6out.oe66 (.text:IPv6TxPacket)
                  83d414a0    000003c0                         : lli6.oe66 (.text:LLI6TimerCheck)
                  83d41860    000003c0                         : sock.oe66 (.text:SockSend)
                  83d41c20    000003c0                         : tcp6.oe66 (.text:TCP6TimeoutCheck)
                  83d41fe0    000003c0                         : tcp.oe66 (.text:TcpTimeoutCheck)
                  83d423a0    000003c0     sysbios.ae66 : BIOS.obj (.text:ti_sysbios_knl_Task_Instance_init__F)
                  83d42760    000003c0                  : BIOS.obj (.text:ti_sysbios_knl_Task_setPri__E)
                  83d42b20    000003a0     stk6_ppp_pppoe.ae66 : nimu.oe66 (.text:NIMUIoctl)
                  83d42ec0    000003a0                         : route.oe66 (.text:RtCreate)
                  83d43260    000003a0                         : sb.oe66 (.text:SBRead)
                  83d43600    000003a0     rts6600_elf.lib : fputs.obj (.text:fputs)
                  83d439a0    000003a0     stk6_ppp_pppoe.ae66 : auth.oe66 (.text:papInput)
                  83d43d40    00000380                         : icmpv6in.oe66 (.text:ICMPv6RxPacket)
                  83d440c0    00000380                         : igmp.oe66 (.text:IGMPInput)
                  83d44440    00000380                         : sock6int.oe66 (.text:Sock6Notify)
                  83d447c0    00000380                         : sock.oe66 (.text:SockConnect)
                  83d44b40    00000380                         : sockint.oe66 (.text:SockNotify)
                  83d44ec0    00000380     nettool.ae66 : dhcppkt.oe66 (.text:dhcpPacketProcess)
                  83d45240    00000360     stk6_ppp_pppoe.ae66 : icmpv6out.oe66 (.text:ICMPv6SendParameterProblem)
                  83d455a0    00000360                         : ipv6_frag.oe66 (.text:IPv6FragReasm)
                  83d45900    00000360                         : lliout.oe66 (.text:LLITxIpPacket)
                  83d45c60    00000360     evm_pe66.oe66 (.text:xdc_runtime_System_printfExtend__I)
                  83d45fc0    00000340     ti.drv.pa.ae66 : painit.oe66 (.text:Pa_create)
                  83d46300    00000340     ti.drv.qmss.ae66 : qmss_drv.oe66 (.text:Qmss_init)
                  83d46640    00000340     os.ae66 : mem.oe66 (.text:mmAlloc)
                  83d46980    00000340     stk6_ppp_pppoe.ae66 : nimupppoe.oe66 (.text:pppoeSI)
                  83d46cc0    00000320     nettool.ae66 : config.oe66 (.text:CfgAddEntry)
                  83d46fe0    00000320     stk6_ppp_pppoe.ae66 : icmpv6_ndisc.oe66 (.text:ICMPv6RecvRedirect)
                  83d47300    00000320                         : nimupppoe.oe66 (.text:SendServerMsg)
                  83d47620    00000320     rts6600_elf.lib : _printfi.obj (.text:_pproc_fge)
                  83d47940    00000320     nettool.ae66 : telnetd.oe66 (.text:telnet_engine)
                  83d47c60    00000320     ti.platform.evm6670l.ae66 : evmc66x_uart.obj (.text)
                  83d47f80    00000300     stk6_ppp_pppoe.ae66 : icmpv6_ndisc.oe66 (.text:ICMPv6RecvNS)
                  83d48280    00000300                         : icmpv6out.oe66 (.text:ICMPv6SendDstUnreachable)
                  83d48580    00000300                         : icmpv6out.oe66 (.text:ICMPv6SendTimeExceeded)
                  83d48880    00000300     netctrl.ae66 : netctrl.oe66 (.text:NetScheduler)
                  83d48b80    00000300     stk6_ppp_pppoe.ae66 : sock6pcb.oe66 (.text:Sock6PcbBind)
                  83d48e80    00000300                         : udp6.oe66 (.text:Udp6Input)
                  83d49180    00000300     nettool.ae66 : inetaddr.oe66 (.text:inet_aton)
                  83d49480    00000300     platform_osal.obj (.text)
                  83d49780    00000300     sysbios.ae66 : BIOS.obj (.text:ti_sysbios_family_c64p_Hwi_dispatchC__I)
                  83d49a80    000002e0     stk6_ppp_pppoe.ae66 : ipv6_frag.oe66 (.text:IPv6FragQEnqueueFrag)
                  83d49d60    000002e0     ti.drv.pa.ae66 : pa.oe66 (.text:Pa_forwardResult)
                  83d4a040    000002e0     stk6_ppp_pppoe.ae66 : route6.oe66 (.text:Rt6Find)
                  83d4a320    000002e0                         : nimupppoe.oe66 (.text:SendClientMsg)
                  83d4a600    000002e0                         : udp.oe66 (.text:UdpOutput)
                  83d4a8e0    000002e0     rts6600_elf.lib : _printfi.obj (.text:_pproc_fwp)
                  83d4abc0    000002e0     sysbios.ae66 : BIOS.obj (.text:ti_sysbios_heaps_HeapMem_Instance_init__F)
                  83d4aea0    000002c0     stk6_ppp_pppoe.ae66 : bind.oe66 (.text:BindNew)
                  83d4b160    000002c0                         : sb6.oe66 (.text:SB6Read)
                  83d4b420    000002c0                         : sock6pcb.oe66 (.text:Sock6PcbResolve)
                  83d4b6e0    000002c0                         : udp6.oe66 (.text:Udp6Output)
                  83d4b9a0    000002c0                         : nimuppp.oe66 (.text:pppInput)
                  83d4bc60    000002c0     sysbios.ae66 : BIOS.obj (.text:ti_sysbios_knl_Task_exit__E)
                  83d4bf20    000002a0     stk6_ppp_pppoe.ae66 : ipv6_exthdrs.oe66 (.text:IPv6ParseExtnHeaders)
                  83d4c1c0    000002a0                         : node.oe66 (.text:NodeAdd)
                  83d4c460    000002a0                         : route6.oe66 (.text:Rt6Free)
                  83d4c700    000002a0                         : rtable.oe66 (.text:RtFind)
                  83d4c9a0    000002a0                         : sock6pcb.oe66 (.text:Sock6PcbFind)
                  83d4cc40    000002a0                         : sock.oe66 (.text:SockClose)
                  83d4cee0    000002a0                         : tcp6prot.oe66 (.text:TCP6PrSetOption)
                  83d4d180    000002a0                         : tcpprot.oe66 (.text:TcpPrSetOption)
                  83d4d420    000002a0     rts6600_elf.lib : _printfi.obj (.text:fcvt)
                  83d4d6c0    000002a0     sysbios.ae66 : BIOS.obj (.text:ti_sysbios_knl_Clock_workFunc__E)
                  83d4d960    000002a0                  : BIOS.obj (.text:ti_sysbios_knl_Task_sleep__E)
                  83d4dc00    00000280     nettool.ae66 : dhcpmain.oe66 (.text:DHCPOpen)
                  83d4de80    00000280     stk6_ppp_pppoe.ae66 : icmp.oe66 (.text:ICMPGenPacket)
                  83d4e100    00000280                         : icmpv6in.oe66 (.text:ICMPv6RecvEchoRequest)
                  83d4e380    00000280                         : lli6.oe66 (.text:LLI6NeighUnreachStateMachine)
                  83d4e600    00000280                         : sockpcb.oe66 (.text:SockPcbResolve)
                  83d4e880    00000280                         : tcp6out.oe66 (.text:TCP6GenPacket)
                  83d4eb00    00000280     rts6600_elf.lib : divf.obj (.text:__c6xabi_divf)
                  83d4ed80    00000280     sysbios.ae66 : BIOS.obj (.text:deviceConfig$47)
                  83d4f000    00000280     rts6600_elf.lib : _printfi.obj (.text:ecvt)
                  83d4f280    00000280     stk6_ppp_pppoe.ae66 : ipcp.oe66 (.text:ipcpSendCfg)
                  83d4f500    00000280                         : lcp.oe66 (.text:lcpSendCfg)
                  83d4f780    00000280     sysbios.ae66 : BIOS.obj (.text:ti_sysbios_knl_Clock_Instance_init__F)
                  83d4fa00    00000280     ti.targets.rts6000.ae66 : Core-mem.oe66 (.text:xdc_runtime_Core_createObject__I)
                  83d4fc80    00000280                             : Error.oe66 (.text:xdc_runtime_Error_raiseX__F)
                  83d4ff00    00000260     stk6_ppp_pppoe.ae66 : icmpv6_ndisc.oe66 (.text:ICMPv6SendNA)
                  83d50160    00000260                         : icmpv6_ndisc.oe66 (.text:ICMPv6SendNS)
                  83d503c0    00000260                         : lli6.oe66 (.text:LLI6TxIPPacket)
                  83d50620    00000260                         : nimu.oe66 (.text:NIMUReceivePacket)
                  83d50880    00000260                         : rawethsock.oe66 (.text:RawEthSockSet)
                  83d50ae0    00000260                         : sb6.oe66 (.text:SB6Write)
                  83d50d40    00000260                         : sb.oe66 (.text:SBWrite)
                  83d50fa0    00000260                         : sock6.oe66 (.text:Sock6Close)
                  83d51200    00000260                         : sockpcb.oe66 (.text:SockPcbBind)
                  83d51460    00000260     rts6600_elf.lib : wiostrea.obj (.text:_ZNSt6_WinitD1Ev)
                  83d516c0    00000260                     : iostream.obj (.text:__sti___12_iostream_cpp_3a72482d)
                  83d51920    00000260                     : wiostrea.obj (.text:__sti___12_wiostrea_cpp_2cd9943d)
                  83d51b80    00000260     nettool.ae66 : httppars.oe66 (.text:httpParseRecv)
                  83d51de0    00000260     ti.targets.rts6000.ae66 : Startup.oe66 (.text:xdc_runtime_Startup_startMods__I)
                  83d52040    00000240     ti.drv.cppi.ae66 : cppi_drv.oe66 (.text:Cppi_open)
                  83d52280    00000240     nettool.ae66 : daemon.oe66 (.text:DaemonNew)
                  83d524c0    00000240     ti.drv.pa.ae66 : pa.oe66 (.text:Pa_resetControl)
                  83d52700    00000240     stk6_ppp_pppoe.ae66 : pipe.oe66 (.text:PipeRecv)
                  83d52940    00000240                         : raw.oe66 (.text:RawInput)
                  83d52b80    00000240     rts6600_elf.lib : iostream.obj (.text:_ZNSt13basic_filebufIcSt11char_traitsIcEE5imbueERKSt6locale)
                  83d52dc0    00000240                     : wiostrea.obj (.text:_ZNSt13basic_filebufIwSt11char_traitsIwEE5imbueERKSt6locale)
                  83d53000    00000240                     : imath64.obj (.text:__c6xabi_divull)
                  83d53240    00000240                     : _printfi.obj (.text:_pconv_e)
                  83d53480    00000240                     : _printfi.obj (.text:_pproc_diouxp)
                  83d536c0    00000240     nettool.ae66 : dhcpsm.oe66 (.text:dhcpIPAdd)
                  83d53900    00000240                  : dhcpsm.oe66 (.text:dhcpState)
                  83d53b40    00000240     sysbios.ae66 : BIOS.obj (.text:ti_sysbios_family_c64p_Exception_internalHandler__I)
                  83d53d80    00000240                  : BIOS.obj (.text:ti_sysbios_knl_Semaphore_post__E)
                  83d53fc0    00000240     ti.targets.rts6000.ae66 : LoggerBuf.oe66 (.text:xdc_runtime_LoggerBuf_write8__F)
                  83d54200    00000220     stk6_ppp_pppoe.ae66 : bind6.oe66 (.text:Bind6RunDAD)
                  83d54420    00000220                         : icmpv6_ndisc.oe66 (.text:ICMPv6RecvNA)
                  83d54640    00000220                         : igmp.oe66 (.text:IGMPJoinHostGroup)
                  83d54860    00000220                         : ipv6in.oe66 (.text:IPv6RxPacket)
                  83d54a80    00000220                         : rawethsock.oe66 (.text:RawEthSockNew)
                  83d54ca0    00000220                         : sockpcb.oe66 (.text:SockPcbFind)
                  83d54ec0    00000220     rts6600_elf.lib : locale0.obj (.text:_ZNSs6assignERKSsjj)
                  83d550e0    00000220                     : _printfi.obj (.text:_pproc_str)
                  83d55300    00000220     nettool.ae66 : dhcppkt.oe66 (.text:dhcpVerifyMessage)
                  83d55520    00000220     rts6600_elf.lib : fputc.obj (.text:fputc)
                  83d55740    00000220     nettool.ae66 : httpclie.oe66 (.text:httpGetAuthParams)
                  83d55960    00000220     sysbios.ae66 : BIOS.obj (.text:ti_sysbios_knl_Swi_run__I)
                  83d55b80    00000220                  : BIOS.obj (.text:ti_sysbios_knl_Task_schedule__I)
                  83d55da0    00000220                  : BIOS.obj (.text:ti_sysbios_knl_Task_startCore__E)
                  83d55fc0    00000200     stk6_ppp_pppoe.ae66 : ipv6_frag.oe66 (.text:IPv6ParseFragHdr)
                  83d561c0    00000200                         : lli6.oe66 (.text:LLI6New)
                  83d563c0    00000200     ti.drv.qmss.ae66 : qmss_drv.oe66 (.text:Qmss_internalQueueOpen)
                  83d565c0    00000200                      : qmss_acc.oe66 (.text:Qmss_programAccumulator)
                  83d567c0    00000200     stk6_ppp_pppoe.ae66 : rtc.oe66 (.text:RTCReport)
                  83d569c0    00000200                         : raw6.oe66 (.text:Raw6Output)
                  83d56bc0    00000200                         : rawethsock.oe66 (.text:RawEthSockGet)
                  83d56dc0    00000200     rts6600_elf.lib : _printfi.obj (.text:_pconv_g)
                  83d56fc0    00000200     sysbios.ae66 : c64p_Hwi_disp_always.obj (.text:_ti_sysbios_family_c64p_Hwi_dispatchAlways)
                  83d571c0    00000200     stk6_ppp_pppoe.ae66 : socket.oe66 (.text:accept)
                  83d573c0    00000200     sysbios.ae66 : BIOS.obj (.text:block$59)
                  83d575c0    00000200     ti.drv.cppi.ae66 : cppi_heap.oe66 (.text:cppi_internal_heap_add)
                  83d577c0    00000200     stk6_ppp_pppoe.ae66 : nimupppoe.oe66 (.text:pppoeCtrlMsg)
                  83d579c0    00000200     rts6600_elf.lib : setvbuf.obj (.text:setvbuf)
                  83d57bc0    000001e0     stk6_ppp_pppoe.ae66 : igmp.oe66 (.text:IGMPSendReply)
                  83d57da0    000001e0                         : route6.oe66 (.text:Rt6Modify)
                  83d57f80    000001e0                         : sock6pcb.oe66 (.text:Sock6PcbFindRaw)
                  83d58160    000001e0                         : tcpout.oe66 (.text:TcpGenPacket)
                  83d58340    000001e0                         : auth.oe66 (.text:chapSendMsg)
                  83d58520    000001e0     nettool.ae66 : dhcpsock.oe66 (.text:dhcpSocketOpen)
                  83d58700    000001e0     stk6_ppp_pppoe.ae66 : socket.oe66 (.text:sendto)
                  83d588e0    000001e0     sysbios.ae66 : BIOS.obj (.text:ti_sysbios_knl_Task_postInit__I)
                  83d58ac0    000001e0                  : BIOS.obj (.text:ti_sysbios_timers_timer64_Timer_getFreq__E)
                  83d58ca0    000001c0     nettool.ae66 : config.oe66 (.text:CfgExecute)
                  83d58e60    000001c0     ti.drv.cppi.ae66 : cppi_drv.oe66 (.text:Cppi_channelClose)
                  83d59020    000001c0                      : cppi_drv.oe66 (.text:Cppi_initCfg)
                  83d591e0    000001c0     stk6_ppp_pppoe.ae66 : ip.oe66 (.text:IPGetRoute)
                  83d593a0    000001c0                         : ipv6_exthdrs.oe66 (.text:IPv6ParseHopOptions)
                  83d59560    000001c0                         : lliout.oe66 (.text:LLIGenArpPacket)
                  83d59720    000001c0     ti.drv.qmss.ae66 : qmss_drv.oe66 (.text:Qmss_internaldownloadFirmware)
                  83d598e0    000001c0     netctrl.ae66 : netsrv.oe66 (.text:SPIpNet)
                  83d59aa0    000001c0     stk6_ppp_pppoe.ae66 : tcptime.oe66 (.text:TcpTimeoutRexmt)
                  83d59c60    000001c0                         : lli.oe66 (.text:_LLITimeoutCheck)
                  83d59e20    000001c0     rts6600_elf.lib : string.obj (.text:_ZNKSt12_String_base5_XranEv)
                  83d59fe0    000001c0                     : _printfi.obj (.text:_mcpy)
                  83d5a1a0    000001c0     nettool.ae66 : dhcpbild.oe66 (.text:dhcpBuildHeader)
                  83d5a360    000001c0     stk6_ppp_pppoe.ae66 : fileuser.oe66 (.text:fdClose)
                  83d5a520    000001c0     sysbios.ae66 : BIOS.obj (.text:ti_sysbios_knl_Task_checkStacks__E)
                  83d5a6e0    000001c0                  : BIOS.obj (.text:ti_sysbios_timers_timer64_Timer_setPeriodMicroSecs__E)
                  83d5a8a0    000001a0     stk6_ppp_pppoe.ae66 : bind6.oe66 (.text:Bind6Msg)
                  83d5aa40    000001a0     nettool.ae66 : config.oe66 (.text:CfgRemoveEntry)
                  83d5abe0    000001a0     rts6600_elf.lib : trgdrv.obj (.text:HOSTrename)
                  83d5ad80    000001a0     stk6_ppp_pppoe.ae66 : icmpin.oe66 (.text:ICMPRevSrcRoute)
                  83d5af20    000001a0                         : ipv6_frag.oe66 (.text:IPv6FragMsg)
                  83d5b0c0    000001a0                         : ipv6_exthdrs.oe66 (.text:IPv6ParseRoutingHdr)
                  83d5b260    000001a0     netctrl.ae66 : netctrl.oe66 (.text:NC_NetStart)
                  83d5b400    000001a0     stk6_ppp_pppoe.ae66 : node.oe66 (.text:NodeTreeFree)
                  83d5b5a0    000001a0     ti.drv.pa.ae66 : pa.oe66 (.text:Pa_downloadImage)
                  83d5b740    000001a0     stk6_ppp_pppoe.ae66 : raw6.oe66 (.text:Raw6Input)
                  83d5b8e0    000001a0                         : route6.oe66 (.text:Route6LifetimeMgmt)
                  83d5ba80    000001a0                         : sockint.oe66 (.text:SockCreatePacket)
                  83d5bc20    000001a0     nettool.ae66 : dhcpsm.oe66 (.text:StateRenewRebind)
                  83d5bdc0    000001a0     stk6_ppp_pppoe.ae66 : tcp6time.oe66 (.text:TCP6TimeoutRexmt)
                  83d5bf60    000001a0     rts6600_elf.lib : xlocinfo.obj (.text:_Getctyptab)
                  83d5c100    000001a0                     : wiostrea.obj (.text:_ZNKSt7codecvtIwciE5do_inERiPKcS3_RS3_PwS5_RS5_)
                  83d5c2a0    000001a0                     : iostream.obj (.text:_ZNSt13basic_filebufIcSt11char_traitsIcEE7seekoffElNSt5_IosbIiE8_SeekdirENS4_9_OpenmodeE)
                  83d5c440    000001a0                     : wiostrea.obj (.text:_ZNSt13basic_filebufIwSt11char_traitsIwEE7seekoffElNSt5_IosbIiE8_SeekdirENS4_9_OpenmodeE)
                  83d5c5e0    000001a0                     : iostream.obj (.text:_ZNSt8ios_base4InitD1Ev)
                  83d5c780    000001a0                     : imath40.obj (.text:__c6xabi_divul)
                  83d5c920    000001a0     nettool.ae66 : dhcptags.oe66 (.text:dhcpBuildOptions)
                  83d5cac0    000001a0     stk6_ppp_pppoe.ae66 : socket.oe66 (.text:getpeername)
                  83d5cc60    000001a0     nettool.ae66 : telnetd.oe66 (.text:telnet_termdata)
                  83d5ce00    000001a0     sysbios.ae66 : BIOS.obj (.text:ti_sysbios_gates_GateMutex_enter__E)
                  83d5cfa0    000001a0                  : BIOS.obj (.text:ti_sysbios_timers_timer64_Timer_start__E)
                  83d5d140    000001a0     ti.targets.rts6000.ae66 : LoggerBuf.oe66 (.text:xdc_runtime_LoggerBuf_write4__F)
                  83d5d2e0    00000180     stk6_ppp_pppoe.ae66 : bind6.oe66 (.text:Bind6GetGlobalAddress)
                  83d5d460    00000180                         : igmp.oe66 (.text:IGMPMsg)
                  83d5d5e0    00000180                         : nimu.oe66 (.text:NIMURegister)
                  83d5d760    00000180     netctrl.ae66 : netsrv.oe66 (.text:ServiceScan)
                  83d5d8e0    00000180                  : netsrv.oe66 (.text:ServiceSpawn)
                  83d5da60    00000180     nettool.ae66 : dhcpsm.oe66 (.text:StateBound)
                  83d5dbe0    00000180     rts6600_elf.lib : wiostrea.obj (.text:_ZNKSt5ctypeIwE10do_toupperEPwPKw)
                  83d5dd60    00000180                     : wiostrea.obj (.text:_ZNKSt7codecvtIwciE6do_outERiPKwS3_RS3_PcS5_RS5_)
                  83d5dee0    00000180                     : iostream.obj (.text:_ZNSt13basic_filebufIcSt11char_traitsIcEE7seekposESt4fposIiENSt5_IosbIiE9_OpenmodeE)
                  83d5e060    00000180                     : wiostrea.obj (.text:_ZNSt13basic_filebufIwSt11char_traitsIwEE7seekposESt4fposIiENSt5_IosbIiE9_OpenmodeE)
                  83d5e1e0    00000180                     : wiostrea.obj (.text:_ZSt9use_facetISt5ctypeIwEERKT_RKSt6locale)
                  83d5e360    00000180                     : copy_decompress_rle.obj (.text:__TI_decompress_rle_core)
                  83d5e4e0    00000180     stk6_ppp_pppoe.ae66 : socket.oe66 (.text:bind)
                  83d5e660    00000180                         : socket.oe66 (.text:connect)
                  83d5e7e0    00000180     nettool.ae66 : dhcpbild.oe66 (.text:dhcpBuildRequest)
                  83d5e960    00000180     os.ae66 : task.oe66 (.text:llEnter)
                  83d5eae0    00000180     stk6_ppp_pppoe.ae66 : auth.oe66 (.text:papSendCfg)
                  83d5ec60    00000180     sysbios.ae66 : c64p_Exception_asm.obj (.text)
                  83d5ede0    00000180                  : BIOS.obj (.text:ti_sysbios_knl_Swi_schedule__I)
                  83d5ef60    00000180                  : BIOS.obj (.text:ti_sysbios_knl_Task_unblockI__E)
                  83d5f0e0    00000180     ti.targets.rts6000.ae66 : Text.oe66 (.text:xdc_runtime_Text_putSite__F)
                  83d5f260    00000160     nettool.ae66 : config.oe66 (.text:CfgGetEntry)
                  83d5f3c0    00000160                  : config.oe66 (.text:CfgGetNextEntry)
                  83d5f520    00000160     os.ae66 : ossys.oe66 (.text:DbgPrintf)
                  83d5f680    00000160     stk6_ppp_pppoe.ae66 : igmp.oe66 (.text:IGMPDoMCast)
                  83d5f7e0    00000160                         : nimu.oe66 (.text:NIMUIoctlSpecialCmd)
                  83d5f940    00000160                         : pbm.oe66 (.text:PBM_free)
                  83d5faa0    00000160                         : nimuppp.oe66 (.text:PPPStop)
                  83d5fc00    00000160                         : pipe.oe66 (.text:PipeSend)
                  83d5fd60    00000160                         : raw.oe66 (.text:RawOutput)
                  83d5fec0    00000160                         : rtable.oe66 (.text:RtTimeoutCheck)
                  83d60020    00000160                         : rtable.oe66 (.text:RtWalkNext)
                  83d60180    00000160     netctrl.ae66 : netsrv.oe66 (.text:SPRoute)
                  83d602e0    00000160     stk6_ppp_pppoe.ae66 : sock6.oe66 (.text:Sock6Check)
                  83d60440    00000160                         : sock6int.oe66 (.text:Sock6CreatePacket)
                  83d605a0    00000160                         : sock6pcb.oe66 (.text:Sock6PcbConnect)
                  83d60700    00000160                         : sock.oe66 (.text:SockCheck)
                  83d60860    00000160                         : sockpcb.oe66 (.text:SockPcbConnect)
                  83d609c0    00000160     nettool.ae66 : dhcpsm.oe66 (.text:StateRequesting)
                  83d60b20    00000160     stk6_ppp_pppoe.ae66 : tcp6time.oe66 (.text:TCP6TimeoutKeep)
                  83d60c80    00000160                         : tcptime.oe66 (.text:TcpTimeoutKeep)
                  83d60de0    00000160     rts6600_elf.lib : string.obj (.text:_ZNKSt12_String_base5_XlenEv)
                  83d60f40    00000160                     : locale0.obj (.text:_ZNSs6assignEPKcj)
                  83d610a0    00000160                     : iostream.obj (.text:_ZNSt13basic_filebufIcSt11char_traitsIcEE9pbackfailEi)
                  83d61200    00000160                     : iostream.obj (.text:_ZNSt13basic_filebufIcSt11char_traitsIcEED0Ev)
                  83d61360    00000160                     : wiostrea.obj (.text:_ZNSt13basic_filebufIwSt11char_traitsIwEE9pbackfailEj)
                  83d614c0    00000160                     : wiostrea.obj (.text:_ZNSt13basic_filebufIwSt11char_traitsIwEED0Ev)
                  83d61620    00000160                     : iostream.obj (.text:_ZNSt9basic_iosIcSt11char_traitsIcEE4initEPSt15basic_streambufIcS1_Eb)
                  83d61780    00000160                     : wiostrea.obj (.text:_ZNSt9basic_iosIwSt11char_traitsIwEE4initEPSt15basic_streambufIwS1_Eb)
                  83d618e0    00000160                     : iostream.obj (.text:_ZSt9use_facetISt5ctypeIcEERKT_RKSt6locale)
                  83d61a40    00000160     stk6_ppp_pppoe.ae66 : auth.oe66 (.text:authInit)
                  83d61ba0    00000160                         : socket.oe66 (.text:getsockopt)
                  83d61d00    00000160     nettool.ae66 : httpclie.oe66 (.text:httpExtractTag)
                  83d61e60    00000160                  : httpsend.oe66 (.text:httpSendErrorHTML)
                  83d61fc0    00000160     stk6_ppp_pppoe.ae66 : socket.oe66 (.text:setsockopt)
                  83d62120    00000160     nettool.ae66 : telnetd.oe66 (.text:telnetClientProcess)
                  83d62280    00000140     stk6_ppp_pppoe.ae66 : bind6.oe66 (.text:Bind6DADCheck)
                  83d623c0    00000140                         : bind6.oe66 (.text:Bind6Free)
                  83d62500    00000140     ti.csl.ae66 : csl_chip.oe66 (.text:CSL_chipReadReg)
                  83d62640    00000140     stk6_ppp_pppoe.ae66 : exec.oe66 (.text:ExecOpen)
                  83d62780    00000140                         : icmp.oe66 (.text:ICMPSendRtAdv)
                  83d628c0    00000140                         : igmp.oe66 (.text:IGMPJoin)
                  83d62a00    00000140                         : ipv6.oe66 (.text:IPv6DisplayIPAddress)
                  83d62b40    00000140                         : lli6.oe66 (.text:LLI6Find)
                  83d62c80    00000140                         : lli.oe66 (.text:LLINew)
                  83d62dc0    00000140                         : node.oe66 (.text:NodeFind)
                  83d62f00    00000140                         : node.oe66 (.text:NodeWalk)
                  83d63040    00000140                         : pbm.oe66 (.text:PBM_alloc)
                  83d63180    00000140                         : rtable.oe66 (.text:RtFlush)
                  83d632c0    00000140                         : sb6.oe66 (.text:SB6New)
                  83d63400    00000140     netctrl.ae66 : netsrv.oe66 (.text:ServiceKill)
                  83d63540    00000140     stk6_ppp_pppoe.ae66 : sock6.oe66 (.text:Sock6Accept)
                  83d63680    00000140                         : sock6.oe66 (.text:Sock6Listen)
                  83d637c0    00000140                         : sock.oe66 (.text:SockAccept)
                  83d63900    00000140                         : sock.oe66 (.text:SockListen)
                  83d63a40    00000140                         : sockpcb.oe66 (.text:SockPcbCtlError)
                  83d63b80    00000140                         : tcp6prot.oe66 (.text:TCP6PrGetOption)
                  83d63cc0    00000140                         : tcpprot.oe66 (.text:TcpPrGetOption)
                  83d63e00    00000140     rts6600_elf.lib : iostream.obj (.text:_ZNSs5_CopyEjj)
                  83d63f40    00000140                     : iostream.obj (.text:_ZNSt13basic_filebufIcSt11char_traitsIcEE6setbufEPci)
                  83d64080    00000140                     : iostream.obj (.text:_ZNSt13basic_filebufIcSt11char_traitsIcEED1Ev)
                  83d641c0    00000140                     : wiostrea.obj (.text:_ZNSt13basic_filebufIwSt11char_traitsIwEED1Ev)
                  83d64300    00000140                     : locale0.obj (.text:_ZNSt6locale5_InitEv)
                  83d64440    00000140                     : locale0.obj (.text:_ZNSt6locale7_LocimpD1Ev)
                  83d64580    00000140                     : locale0.obj (.text:_ZNSt8_LocinfoC1EPKc)
                  83d646c0    00000140     boot.ae66 : autoinit.oe66 (.text:_auto_init_elf)
                  83d64800    00000140     rts6600_elf.lib : _printfi.obj (.text:_pproc_fflags)
                  83d64940    00000140     stk6_ppp_pppoe.ae66 : auth.oe66 (.text:authGetPassword)
                  83d64a80    00000140     nettool.ae66 : dhcptags.oe66 (.text:dhcpDecodeType)
                  83d64bc0    00000140     rts6600_elf.lib : fgetc.obj (.text:fgetc)
                  83d64d00    00000140                     : lowlev.obj (.text:getdevice)
                  83d64e40    00000140     nettool.ae66 : httpsend.oe66 (.text:httpAuthenticationReq)
                  83d64f80    00000140     os.ae66 : mem.oe66 (.text:mmCopy)
                  83d650c0    00000140     rts6600_elf.lib : perror.obj (.text:perror)
                  83d65200    00000140     stk6_ppp_pppoe.ae66 : socket.oe66 (.text:recv)
                  83d65340    00000140                         : socket.oe66 (.text:send)
                  83d65480    00000140                         : socket.oe66 (.text:shutdown)
                  83d655c0    00000140     sysbios.ae66 : BIOS.obj (.text:ti_sysbios_family_c64p_Hwi_Module_startup__F)
                  83d65700    00000140                  : BIOS.obj (.text:ti_sysbios_family_c66_Cache_Module_startup__F)
                  83d65840    00000140                  : BIOS.obj (.text:ti_sysbios_knl_Clock_Instance_finalize__F)
                  83d65980    00000140                  : BIOS.obj (.text:ti_sysbios_knl_Semaphore_Instance_init__F)
                  83d65ac0    00000140                  : BIOS.obj (.text:ti_sysbios_knl_Swi_post__E)
                  83d65c00    00000140                  : BIOS.obj (.text:ti_sysbios_knl_Task_blockI__E)
                  83d65d40    00000140     rts6600_elf.lib : ungetc.obj (.text:ungetc)
                  83d65e80    00000120     stk6_ppp_pppoe.ae66 : bind6.oe66 (.text:Bind6LifetimeMgmt)
                  83d65fa0    00000120                         : bind.oe66 (.text:BindFree)
                  83d660c0    00000120     nettool.ae66 : config.oe66 (.text:CfgFree)
                  83d661e0    00000120                  : daemon.oe66 (.text:DaemonFree)
                  83d66300    00000120     stk6_ppp_pppoe.ae66 : file.oe66 (.text:FdWaitEvent)
                  83d66420    00000120                         : igmp.oe66 (.text:IGMPLeaveHostGroup)
                  83d66540    00000120                         : ip.oe66 (.text:IPMsg)
                  83d66660    00000120                         : ipin.oe66 (.text:IPRouteIP)
                  83d66780    00000120                         : ipv6_frag.oe66 (.text:IPv6CreateFragQ)
                  83d668a0    00000120                         : ipv6.oe66 (.text:IPv6Init)
                  83d669c0    00000120                         : icmpv6out.oe66 (.text:IsICMPv6ErrorPkt)
                  83d66ae0    00000120                         : md5.oe66 (.text:MD5Update)
                  83d66c00    00000120                         : mld.oe66 (.text:MLDJoinGroup)
                  83d66d20    00000120     netctrl.ae66 : netctrl.oe66 (.text:NC_SystemOpen)
                  83d66e40    00000120     stk6_ppp_pppoe.ae66 : nimu.oe66 (.text:NIMUAddEthernetHeader)
                  83d66f60    00000120     ti.drv.qmss.ae66 : qmss_acc.oe66 (.text:Qmss_disableAccumulator)
                  83d67080    00000120     stk6_ppp_pppoe.ae66 : raweth.oe66 (.text:RawEthRxPacket)
                  83d671a0    00000120                         : raweth.oe66 (.text:RawEthTxPacket)
                  83d672c0    00000120                         : sb.oe66 (.text:SBNew)
                  83d673e0    00000120     netctrl.ae66 : netsrv.oe66 (.text:SPConfig)
                  83d67500    00000120                  : netsrv.oe66 (.text:SPService)
                  83d67620    00000120     stk6_ppp_pppoe.ae66 : sock6.oe66 (.text:Sock6Disconnect)
                  83d67740    00000120                         : sock6.oe66 (.text:Sock6Shutdown)
                  83d67860    00000120                         : sockpcb.oe66 (.text:SockPcbFindRaw)
                  83d67980    00000120                         : sock.oe66 (.text:SockShutdown)
                  83d67aa0    00000120                         : tcp6prot.oe66 (.text:TCP6PrAttach)
                  83d67bc0    00000120                         : tcpprot.oe66 (.text:TcpPrAttach)
                  83d67ce0    00000120     nettool.ae66 : telnetd.oe66 (.text:TelnetOpen)
                  83d67e00    00000120     stk6_ppp_pppoe.ae66 : rtable.oe66 (.text:_RtNodeInsert)
                  83d67f20    00000120     rts6600_elf.lib : wiostrea.obj (.text:_ZNKSt5ctypeIwE5do_isEPKwS2_Ps)
                  83d68040    00000120                     : wiostrea.obj (.text:_ZNKSt5ctypeIwE9do_narrowEPKwS2_cPc)
                  83d68160    00000120                     : wiostrea.obj (.text:_ZNKSt7codecvtIwciE9do_lengthERKiPKcS4_j)
                  83d68280    00000120                     : wiostrea.obj (.text:_ZNSt13basic_filebufIwSt11char_traitsIwEE6setbufEPwi)
                  83d683a0    00000120                     : wiostrea.obj (.text:_ZNSt15basic_streambufIwSt11char_traitsIwEE6xsgetnEPwi)
                  83d684c0    00000120                     : locale0.obj (.text:_ZNSt8_LocinfoD1Ev)
                  83d685e0    00000120                     : _bufread.obj (.text:_buff_read)
                  83d68700    00000120                     : fclose.obj (.text:_closefile)
                  83d68820    00000120                     : _printfi.obj (.text:_ltostr)
                  83d68940    00000120     os.ae66 : mem.oe66 (.text:_mmInit)
                  83d68a60    00000120     nettool.ae66 : daemon.oe66 (.text:dchild)
                  83d68b80    00000120     stk6_ppp_pppoe.ae66 : fileuser.oe66 (.text:fdOpenSession)
                  83d68ca0    00000120     rts6600_elf.lib : fseek.obj (.text:fseek)
                  83d68dc0    00000120                     : ftell.obj (.text:ftell)
                  83d68ee0    00000120     nettool.ae66 : http.oe66 (.text:httpOpen)
                  83d69000    00000120                  : httpsend.oe66 (.text:httpSendStatusLine)
                  83d69120    00000120     stk6_ppp_pppoe.ae66 : lcp.oe66 (.text:lcpOpen)
                  83d69240    00000120                         : lcp.oe66 (.text:lcpReject)
                  83d69360    00000120                         : socket.oe66 (.text:socket)
                  83d69480    00000120     ti.targets.rts6000.ae66 : LoggerBuf.oe66 (.text:xdc_runtime_LoggerBuf_setFilterLevel__F)
                  83d695a0    00000120                             : Text.oe66 (.text:xdc_runtime_Text_putLab__F)
                  83d696c0    00000100     nettool.ae66 : config.oe66 (.text:CfgNew)
                  83d697c0    00000100                  : config.oe66 (.text:CfgSetExecuteOrder)
                  83d698c0    00000100     rts6600_elf.lib : trgdrv.obj (.text:HOSTlseek)
                  83d699c0    00000100     stk6_ppp_pppoe.ae66 : igmp.oe66 (.text:IGMPTimer)
                  83d69ac0    00000100                         : ipv6.oe66 (.text:IPv6GetSubnetMaskFromBits)
                  83d69bc0    00000100                         : ipv6_frag.oe66 (.text:IPv6ReasmTimeout)
                  83d69cc0    00000100                         : rtc.oe66 (.text:RTCMsg)
                  83d69dc0    00000100                         : rawethsock.oe66 (.text:RawEthSockCheck)
                  83d69ec0    00000100                         : route.oe66 (.text:RtRedirect)
                  83d69fc0    00000100                         : sockint.oe66 (.text:SockValidateRoute)
                  83d6a0c0    00000100     nettool.ae66 : dhcpsm.oe66 (.text:StateSelecting)
                  83d6a1c0    00000100     stk6_ppp_pppoe.ae66 : tcp6prot.oe66 (.text:TCP6PrInherit)
                  83d6a2c0    00000100                         : tcp6time.oe66 (.text:TCP6XmitTimer)
                  83d6a3c0    00000100                         : tcpprot.oe66 (.text:TcpPrInherit)
                  83d6a4c0    00000100                         : tcptime.oe66 (.text:TcpXmitTimer)
                  83d6a5c0    00000100                         : rtable.oe66 (.text:_RtNodeRemove)
                  83d6a6c0    00000100     rts6600_elf.lib : iostream.obj (.text:_ZNSt15basic_streambufIcSt11char_traitsIcEE6xsgetnEPci)
                  83d6a7c0    00000100                     : iostream.obj (.text:_ZNSt15basic_streambufIcSt11char_traitsIcEE6xsputnEPKci)
                  83d6a8c0    00000100                     : wiostrea.obj (.text:_ZNSt15basic_streambufIwSt11char_traitsIwEE6xsputnEPKwi)
                  83d6a9c0    00000100                     : _io_perm.obj (.text:_wrt_ok)
                  83d6aac0    00000100     stk6_ppp_pppoe.ae66 : file.oe66 (.text:fdint_unlockfd)
                  83d6abc0    00000100     sysbios.ae66 : BIOS.obj (.text:initDevice$47)
                  83d6acc0    00000100     stk6_ppp_pppoe.ae66 : socket.oe66 (.text:listen)
                  83d6adc0    00000100     os.ae66 : mem.oe66 (.text:mmFree)
                  83d6aec0    00000100     stk6_ppp_pppoe.ae66 : nimuppp.oe66 (.text:pppAddClient)
                  83d6afc0    00000100     sysbios.ae66 : BIOS.obj (.text:ti_sysbios_family_c64p_EventCombiner_dispatch__F)
                  83d6b0c0    00000100                  : BIOS.obj (.text:ti_sysbios_knl_Clock_startI__E)
                  83d6b1c0    00000100                  : BIOS.obj (.text:ti_sysbios_knl_Swi_restoreHwi__E)
                  83d6b2c0    00000100     stk6_ppp_pppoe.ae66 : lliin.oe66 (.text:updateRtTable)
                  83d6b3c0    00000100     ti.targets.rts6000.ae66 : Core-mem.oe66 (.text:xdc_runtime_Core_deleteObject__I)
                  83d6b4c0    00000100                             : LoggerBuf.oe66 (.text:xdc_runtime_LoggerBuf_getFilterLevel__F)
                  83d6b5c0    00000100                             : Startup.oe66 (.text:xdc_runtime_Startup_exec__F)
                  83d6b6c0    00000100                             : Text.oe66 (.text:xdc_runtime_Text_putMod__F)
                  83d6b7c0    00000100                             : Text.oe66 (.text:xdc_runtime_Text_visitRope2__I)
                  83d6b8c0    000000e0     stk6_ppp_pppoe.ae66 : bind6.oe66 (.text:Bind6GetLinkLocalAddress)
                  83d6b9a0    000000e0     nettool.ae66 : config.oe66 (.text:CfgGetEntryCnt)
                  83d6ba80    000000e0                  : dhcpmain.oe66 (.text:DHCPClose)
                  83d6bb60    000000e0     rts6600_elf.lib : trgdrv.obj (.text:HOSTopen)
                  83d6bc40    000000e0     stk6_ppp_pppoe.ae66 : igmp.oe66 (.text:IGMPLeave)
                  83d6bd20    000000e0                         : ipv6_frag.oe66 (.text:IPv6FindFragQ)
                  83d6be00    000000e0                         : lli6.oe66 (.text:LLI6Msg)
                  83d6bee0    000000e0                         : lli6.oe66 (.text:LLI6Update)
                  83d6bfc0    000000e0                         : mld.oe66 (.text:MLDFindMulticastNode)
                  83d6c0a0    000000e0                         : nimu.oe66 (.text:NIMUAllocateIndex)
                  83d6c180    000000e0                         : nimu.oe66 (.text:NIMUAllocateName)
                  83d6c260    000000e0                         : node.oe66 (.text:NodeDeRef)
                  83d6c340    000000e0                         : node.oe66 (.text:NodeNew)
                  83d6c420    000000e0                         : node.oe66 (.text:NodeTreeNew)
                  83d6c500    000000e0                         : pbm.oe66 (.text:PBMQ_enq)
                  83d6c5e0    000000e0                         : pbm.oe66 (.text:PBM_copy)
                  83d6c6c0    000000e0                         : rawethsock.oe66 (.text:RawEthSockNotify)
                  83d6c7a0    000000e0                         : rawethsock_pcb.oe66 (.text:RawEthSockPcbAttach)
                  83d6c880    000000e0                         : rawethsock.oe66 (.text:RawEthSockSend)
                  83d6c960    000000e0                         : route6.oe66 (.text:Route6Msg)
                  83d6ca40    000000e0                         : route.oe66 (.text:RtDeRef)
                  83d6cb20    000000e0                         : route.oe66 (.text:RtRemove)
                  83d6cc00    000000e0                         : sb.oe66 (.text:SBSetMax)
                  83d6cce0    000000e0                         : sock6int.oe66 (.text:Sock6SpawnAbort)
                  83d6cdc0    000000e0                         : sock6int.oe66 (.text:Sock6ValidateRoute)
                  83d6cea0    000000e0                         : sock.oe66 (.text:SockDisconnect)
                  83d6cf80    000000e0                         : sockint.oe66 (.text:SockSpawnAbort)
                  83d6d060    000000e0                         : tcp6prot.oe66 (.text:TCP6PrDetach)
                  83d6d140    000000e0                         : tcp6prot.oe66 (.text:TCP6PrDisconnect)
                  83d6d220    000000e0                         : tcp6prot.oe66 (.text:TCP6ValidateMetrics)
                  83d6d300    000000e0                         : tcpprot.oe66 (.text:TcpPrDetach)
                  83d6d3e0    000000e0                         : tcpprot.oe66 (.text:TcpPrDisconnect)
                  83d6d4c0    000000e0                         : tcpprot.oe66 (.text:TcpValidateMetrics)
                  83d6d5a0    000000e0                         : timer.oe66 (.text:TimerListInsert)
                  83d6d680    000000e0                         : udp.oe66 (.text:UdpChecksum)
                  83d6d760    000000e0                         : vlan.oe66 (.text:VLANDeinit)
                  83d6d840    000000e0                         : vlan.oe66 (.text:VLANReceivePacket)
                  83d6d920    000000e0     nettool.ae66 : config.oe66 (.text:_CfgEntryScan)
                  83d6da00    000000e0     rts6600_elf.lib : locale0.obj (.text:_Fac_tidy)
                  83d6dae0    000000e0     stk6_ppp_pppoe.ae66 : lli.oe66 (.text:_LLIExpListInsert)
                  83d6dbc0    000000e0                         : rtable.oe66 (.text:_RtExpListInsert)
                  83d6dca0    000000e0     rts6600_elf.lib : locale0.obj (.text:_ZNSs5eraseEjj)
                  83d6dd80    000000e0                     : divi.obj (.text:__divi)
                  83d6de60    000000e0                     : _printfi.obj (.text:_div)
                  83d6df40    000000e0                     : atoi.obj (.text:atoi)
                  83d6e020    000000e0                     : lowlev.obj (.text:close)
                  83d6e100    000000e0                     : copy_zero_init.obj (.text:decompress:ZI:__TI_zero_init)
                  83d6e1e0    000000e0     os.ae66 : efs.oe66 (.text:efs_internal_remove)
                  83d6e2c0    000000e0     stk6_ppp_pppoe.ae66 : file.oe66 (.text:fdint_lockfd)
                  83d6e3a0    000000e0     rts6600_elf.lib : fflush.obj (.text:fflush)
                  83d6e480    000000e0     nettool.ae66 : httpclie.oe66 (.text:httpGetMimeBits)
                  83d6e560    000000e0     os.ae66 : task.oe66 (.text:llExit)
                  83d6e640    000000e0     rts6600_elf.lib : ltoa.obj (.text:ltoa)
                  83d6e720    000000e0                     : memset.obj (.text:memset)
                  83d6e800    000000e0     os.ae66 : mem.oe66 (.text:mmBulkAlloc)
                  83d6e8e0    000000e0     stk6_ppp_pppoe.ae66 : nimuppp.oe66 (.text:pppFree)
                  83d6e9c0    000000e0     rts6600_elf.lib : printf.obj (.text:printf)
                  83d6eaa0    000000e0     sysbios.ae66 : BIOS.obj (.text:ti_sysbios_knl_Clock_start__E)
                  83d6eb80    000000e0                  : BIOS.obj (.text:ti_sysbios_timers_timer64_Timer_startup__E)
                  83d6ec60    000000e0     ti.targets.rts6000.ae66 : Error.oe66 (.text:xdc_runtime_Error_print__F)
                  83d6ed40    000000e0                             : Memory.oe66 (.text:xdc_runtime_Memory_alloc__F)
                  83d6ee20    000000c0     rts6600_elf.lib : trgdrv.obj (.text:HOSTread)
                  83d6eee0    000000c0                     : trgdrv.obj (.text:HOSTunlink)
                  83d6efa0    000000c0                     : trgdrv.obj (.text:HOSTwrite)
                  83d6f060    000000c0     stk6_ppp_pppoe.ae66 : icmpv6in.oe66 (.text:ICMPv6RecvDstUnreachable)
                  83d6f120    000000c0                         : icmpv6in.oe66 (.text:ICMPv6SocketErrorInterface)
                  83d6f1e0    000000c0                         : ipv6.oe66 (.text:IPv6Layer4ComputeChecksum)
                  83d6f2a0    000000c0                         : lli.oe66 (.text:LLIGetValidTime)
                  83d6f360    000000c0                         : lli.oe66 (.text:LLIMsg)
                  83d6f420    000000c0                         : mld.oe66 (.text:MLDCreateMulticastNode)
                  83d6f4e0    000000c0                         : mld.oe66 (.text:MLDLeaveGroup)
                  83d6f5a0    000000c0                         : nimu.oe66 (.text:NIMUFindByName)
                  83d6f660    000000c0     netctrl.ae66 : netsrv.oe66 (.text:NS_BootTask)
                  83d6f720    000000c0     stk6_ppp_pppoe.ae66 : node.oe66 (.text:NodeUpdatePL)
                  83d6f7e0    000000c0     nettool.ae66 : ipaddr.oe66 (.text:NtIfIdx2Ip)
                  83d6f8a0    000000c0     ti.drv.qmss.ae66 : qmss_drv.oe66 (.text:Qmss_setEoiVector)
                  83d6f960    000000c0     stk6_ppp_pppoe.ae66 : rawethsock.oe66 (.text:RawEthSockShutdown)
                  83d6fa20    000000c0                         : route6.oe66 (.text:Rt6FindDefaultRouter)
                  83d6fae0    000000c0                         : rtable.oe66 (.text:RtWalkBegin)
                  83d6fba0    000000c0                         : sb6.oe66 (.text:SB6Flush)
                  83d6fc60    000000c0                         : sb6.oe66 (.text:SB6SetMax)
                  83d6fd20    000000c0                         : sb.oe66 (.text:SBFlush)
                  83d6fde0    000000c0                         : sock6.oe66 (.text:Sock6IntAbort)
                  83d6fea0    000000c0                         : sock6pcb.oe66 (.text:Sock6PcbResolveChain)
                  83d6ff60    000000c0                         : sock6pcb.oe66 (.text:Sock6PcbRtChange)
                  83d70020    000000c0                         : sock.oe66 (.text:SockIntAbort)
                  83d700e0    000000c0                         : sockpcb.oe66 (.text:SockPcbRtChange)
                  83d701a0    000000c0                         : tcp6prot.oe66 (.text:TCP6Close)
                  83d70260    000000c0                         : tcp6time.oe66 (.text:TCP6TimeoutSackRexmt)
                  83d70320    000000c0     os.ae66 : task.oe66 (.text:TaskGetEnv)
                  83d703e0    000000c0     stk6_ppp_pppoe.ae66 : tcp.oe66 (.text:TcpChecksum)
                  83d704a0    000000c0                         : tcpprot.oe66 (.text:TcpClose)
                  83d70560    000000c0                         : tcptime.oe66 (.text:TcpTimeoutSackRexmt)
                  83d70620    000000c0                         : bind6.oe66 (.text:_Bind6FindByHostInList)
                  83d706e0    000000c0                         : bind6.oe66 (.text:_Bind6FindByNetInList)
                  83d707a0    000000c0     rts6600_elf.lib : dtor_list.obj (.text:_Z11__TI_atexitPFYvPvES_S_)
                  83d70860    000000c0                     : wiostrea.obj (.text:_ZNKSt5ctypeIwE10do_tolowerEPwPKw)
                  83d70920    000000c0                     : wiostrea.obj (.text:_ZNKSt7codecvtIwciE10do_unshiftERiPcS2_RS2_)
                  83d709e0    000000c0                     : iostream.obj (.text:_ZNSo5flushEv)
                  83d70aa0    000000c0                     : iostream.obj (.text:_ZNSt13basic_filebufIcSt11char_traitsIcEE5_InitEPSt4FILENS2_7_InitflE)
                  83d70b60    000000c0                     : locale0.obj (.text:_ZNSt6locale7_LocimpC1Eb)
                  83d70c20    000000c0                     : ios.obj (.text:_ZNSt8ios_baseD1Ev)
                  83d70ce0    000000c0                     : dtor_list.obj (.text:__cxa_finalize)
                  83d70da0    000000c0                     : divu.obj (.text:__divu)
                  83d70e60    000000c0                     : remi.obj (.text:__remi)
                  83d70f20    000000c0                     : fflush.obj (.text:_doflush)
                  83d70fe0    000000c0                     : _io_perm.obj (.text:_rd_ok)
                  83d710a0    000000c0     ti.drv.cppi.ae66 : cppi_listlib.oe66 (.text:cppi_list_remove_node)
                  83d71160    000000c0     nettool.ae66 : dhcptags.oe66 (.text:dhcpOptionsClear)
                  83d71220    000000c0     os.ae66 : efs.oe66 (.text:efs_fopen)
                  83d712e0    000000c0     rts6600_elf.lib : exit.obj (.text:exit)
                  83d713a0    000000c0     nettool.ae66 : httpsend.oe66 (.text:httpSendFullResponse)
                  83d71460    000000c0     os.ae66 : mem.oe66 (.text:mmZeroInit)
                  83d71520    000000c0     stk6_ppp_pppoe.ae66 : nimuppp.oe66 (.text:pppAddIP)
                  83d715e0    000000c0     sysbios.ae66 : BIOS.obj (.text:ti_sysbios_BIOS_errorRaiseHook__I)
                  83d716a0    000000c0                  : BIOS.obj (.text:ti_sysbios_heaps_HeapMem_getStats__E)
                  83d71760    000000c0                  : BIOS.obj (.text:ti_sysbios_knl_Clock_logTick__E)
                  83d71820    000000c0     evm_pe66.oe66 (.text:ti_sysbios_knl_Task_Object__create__S)
                  83d718e0    000000c0     sysbios.ae66 : BIOS.obj (.text:ti_sysbios_knl_Task_allBlockedFunction__I)
                  83d719a0    000000c0                  : BIOS.obj (.text:ti_sysbios_timers_timer64_Timer_stop__E)
                  83d71a60    000000c0     ti.targets.rts6000.ae66 : LoggerBuf.oe66 (.text:xdc_runtime_LoggerBuf_Instance_init__F)
                  83d71b20    000000c0     evm_pe66.oe66 (.text:xdc_runtime_LoggerBuf_Object__create__S)
                  83d71be0    000000c0     ti.targets.rts6000.ae66 : System.oe66 (.text:xdc_runtime_System_formatNum__I)
                  83d71ca0    000000a0     nettool.ae66 : config.oe66 (.text:CfgEntryDeRef)
                  83d71d40    000000a0                  : config.oe66 (.text:CfgEntryGetData)
                  83d71de0    000000a0                  : config.oe66 (.text:CfgGetImmediate)
                  83d71e80    000000a0                  : telnetd.oe66 (.text:CmdWriteBytes)
                  83d71f20    000000a0                  : telnetd.oe66 (.text:CmdWriteCmd)
                  83d71fc0    000000a0     ti.drv.cppi.ae66 : cppi_drv.oe66 (.text:Cppi_channelEnable)
                  83d72060    000000a0     stk6_ppp_pppoe.ae66 : file.oe66 (.text:FdSignalEvent)
                  83d72100    000000a0     rts6600_elf.lib : trgdrv.obj (.text:HOSTclose)
                  83d721a0    000000a0     stk6_ppp_pppoe.ae66 : ipfrag.oe66 (.text:IPReasmFree)
                  83d72240    000000a0                         : ipfrag.oe66 (.text:IPReasmTimeout)
                  83d722e0    000000a0                         : ipv6.oe66 (.text:IPv6CompareAddress)
                  83d72380    000000a0                         : lliin.oe66 (.text:LLIValidateRoute)
                  83d72420    000000a0                         : md5.oe66 (.text:MD5Final)
                  83d724c0    000000a0                         : nimu.oe66 (.text:NIMUShutdown)
                  83d72560    000000a0                         : nimu.oe66 (.text:NIMUUnregister)
                  83d72600    000000a0     nettool.ae66 : ipaddr.oe66 (.text:NtAddNetwork)
                  83d726a0    000000a0     stk6_ppp_pppoe.ae66 : pbm.oe66 (.text:PBM_open)
                  83d72740    000000a0                         : pipe.oe66 (.text:PipeCheck)
                  83d727e0    000000a0     ti.drv.qmss.ae66 : qmss_drv.oe66 (.text:Qmss_queueClose)
                  83d72880    000000a0                      : qmss_drv.oe66 (.text:Qmss_startCfg)
                  83d72920    000000a0     stk6_ppp_pppoe.ae66 : rtable.oe66 (.text:RouteMsg)
                  83d729c0    000000a0                         : route.oe66 (.text:RtNew)
                  83d72a60    000000a0                         : sb6.oe66 (.text:SB6Free)
                  83d72b00    000000a0                         : sb.oe66 (.text:SBFree)
                  83d72ba0    000000a0     os.ae66 : semaphore.oe66 (.text:SemCreate)
                  83d72c40    000000a0     stk6_ppp_pppoe.ae66 : sock6pcb.oe66 (.text:Sock6CleanPcb)
                  83d72ce0    000000a0                         : sock6.oe66 (.text:Sock6GetName)
                  83d72d80    000000a0                         : sock.oe66 (.text:SockBind)
                  83d72e20    000000a0                         : sockpcb.oe66 (.text:SockCleanPcb)
                  83d72ec0    000000a0                         : sockpcb.oe66 (.text:SockPcbResolveChain)
                  83d72f60    000000a0                         : tcp6prot.oe66 (.text:TCP6Drop)
                  83d73000    000000a0                         : tcp6prot.oe66 (.text:TCP6PrCtlError)
                  83d730a0    000000a0                         : tcp6prot.oe66 (.text:TCP6PrSend)
                  83d73140    000000a0                         : tcp6prot.oe66 (.text:TCP6PrSendOOB)
                  83d731e0    000000a0     os.ae66 : task.oe66 (.text:TaskCreate)
                  83d73280    000000a0     stk6_ppp_pppoe.ae66 : tcpprot.oe66 (.text:TcpDrop)
                  83d73320    000000a0                         : tcpprot.oe66 (.text:TcpPrCtlError)
                  83d733c0    000000a0                         : tcpprot.oe66 (.text:TcpPrSend)
                  83d73460    000000a0                         : tcpprot.oe66 (.text:TcpPrSendOOB)
                  83d73500    000000a0                         : timer.oe66 (.text:TimerNew)
                  83d735a0    000000a0     nettool.ae66 : config.oe66 (.text:_CfgRelease)
                  83d73640    000000a0     stk6_ppp_pppoe.ae66 : lli.oe66 (.text:_LLITimeoutFlush)
                  83d736e0    000000a0     rts6600_elf.lib : locale0.obj (.text:_Setgloballocale)
                  83d73780    000000a0                     : wiostrea.obj (.text:_ZNKSt5ctypeIwE8do_widenEPKcS2_Pw)
                  83d73820    000000a0                     : string.obj (.text:_ZNSt11logic_errorD1Ev)
                  83d738c0    000000a0                     : string.obj (.text:_ZNSt12length_errorD1Ev)
                  83d73960    000000a0                     : string.obj (.text:_ZNSt12out_of_rangeC1ERKSs)
                  83d73a00    000000a0                     : string.obj (.text:_ZNSt12out_of_rangeD1Ev)
                  83d73aa0    000000a0                     : iostream.obj (.text:_ZNSt13basic_filebufIcSt11char_traitsIcEE9underflowEv)
                  83d73b40    000000a0                     : wiostrea.obj (.text:_ZNSt13basic_filebufIwSt11char_traitsIwEE9underflowEv)
                  83d73be0    000000a0                     : ios.obj (.text:_ZNSt13runtime_errorD1Ev)
                  83d73c80    000000a0                     : ios.obj (.text:_ZNSt8ios_base5_InitEv)
                  83d73d20    000000a0                     : ios.obj (.text:_ZNSt8ios_base5_TidyEv)
[...]
83d89434   ti_sysbios_family_c64p_Exception_E_exceptionMin__C
83d89438   _ZTSSt15basic_streambufIcSt11char_traitsIcEE
83d89464   ti_sysbios_family_c64p_Exception_exceptionHook__C
83d89468   _ZTSSt15basic_streambufIwSt11char_traitsIwEE
83d894e4   ti_sysbios_heaps_HeapMem_Module__FXNS__C
83d8950c   xdc_runtime_LoggerBuf_Object__PARAMS__C
83d89534   ti_sysbios_family_c64p_Exception_externalHook__C
83d89538   _ZTSSt13basic_filebufIcSt11char_traitsIcEE
83d89560   _ZTSSt13basic_filebufIwSt11char_traitsIwEE
83d89588   _ZTSSt13basic_istreamIwSt11char_traitsIwEE
83d895b0   _ZTSSt13basic_ostreamIwSt11char_traitsIwEE
83d89600   _ZTSN10__cxxabiv121__vmi_class_type_infoE
83d89628   _ZTSN10__cxxabiv120__si_class_type_infoE
83d89650   ti_sysbios_gates_GateHwi_Module__FXNS__C
83d89674   ti_sysbios_gates_GateMutex_Module__FXNS__C
83d89698   ti_sysbios_heaps_HeapMem_Object__PARAMS__C
83d896bc   ti_sysbios_knl_Clock_Object__PARAMS__C
83d896e0   ti_sysbios_knl_Semaphore_Object__PARAMS__C
83d89728   _ZTSN10__cxxabiv117__class_type_infoE
83d8974c   ti_sysbios_family_c64p_Exception_internalHook__C
83d89750   _ZTSSt9basic_iosIcSt11char_traitsIcEE
83d89774   ti_sysbios_family_c64p_Exception_nmiHook__C
83d89778   _ZTSSt9basic_iosIwSt11char_traitsIwEE
83d897bc   ti_sysbios_gates_GateHwi_Object__DESC__C
83d897dc   ti_sysbios_gates_GateMutex_Object__DESC__C
83d897fc   ti_sysbios_heaps_HeapMem_Object__DESC__C
83d8981c   ti_sysbios_knl_Clock_Object__DESC__C
83d8983c   ti_sysbios_knl_Queue_Object__DESC__C
83d8985c   ti_sysbios_knl_Semaphore_Object__DESC__C
83d8987c   ti_sysbios_knl_Task_Object__DESC__C
83d8989c   xdc_runtime_LoggerBuf_Object__DESC__C
83d898bc   ti_sysbios_family_c64p_Hwi_LD_end__C
83d8991c   ti_sysbios_family_c64p_Hwi_LM_begin__C
83d89920   _ZTVSt12codecvt_base
83d8993c   ti_sysbios_family_c64p_Hwi_Module__diagsEnabled__C
83d89940   xdc_runtime_Startup_sfxnRts__A
83d8995c   ti_sysbios_family_c64p_Hwi_Module__diagsIncluded__C
83d899a8   _ZTISi
83d899c0   _ZTISo
83d899d8   _ZTISt13basic_istreamIwSt11char_traitsIwEE
83d899f0   _ZTISt13basic_ostreamIwSt11char_traitsIwEE
83d89a08   _ZTVNSt8ios_base7failureE
83d89a20   _ZTVSt11logic_error
83d89a38   _ZTVSt12length_error
83d89a50   _ZTVSt12out_of_range
83d89a68   _ZTVSt13runtime_error
83d89a80   _ZTVSt9exception
83d89ab0   ti_sysbios_gates_GateHwi_Object__PARAMS__C
83d89ac8   ti_sysbios_gates_GateMutex_Object__PARAMS__C
83d89ae0   ti_sysbios_knl_Queue_Object__PARAMS__C
83d89b10   _ZTSNSt8ios_base7failureE
83d89b54   ti_sysbios_family_c64p_Hwi_Module__diagsMask__C
83d89b58   _ZTSNSt6locale7_LocimpE
83d89b80   _ZTSNSt6locale5facetE
83d89b94   ti_sysbios_family_c64p_Hwi_Module__loggerFxn1__C
83d89b98   _ZTSSt13runtime_error
83d89bac   ti_sysbios_family_c64p_Hwi_Module__loggerFxn8__C
83d89bb0   _ZTSSt12codecvt_base
83d89bc4   ti_sysbios_family_c64p_Hwi_Module__loggerObj__C
83d89bc8   _ZTSSt12length_error
83d89bdc   ti_sysbios_family_c66_Cache_atomicBlockSize__C
83d89be0   _ZTSSt12out_of_range
83d89c34   ti_sysbios_gates_GateMutex_A_badContext__C
83d89c38   _ZTSSt7codecvtIcciE
83d89c48   _ZTSSt7codecvtIwciE
83d89c58   _ZTVN10__cxxabiv117__class_type_infoE
83d89c68   _ZTVN10__cxxabiv120__si_class_type_infoE
83d89c78   _ZTVN10__cxxabiv121__vmi_class_type_infoE
83d89c88   _ZTVNSt6locale5facetE
83d89c98   _ZTVNSt6locale7_LocimpE
83d89ca8   _ZTVSt10ctype_base
83d89cb8   _ZTVSt8ios_base
83d89cc8   _ZTVSt9basic_iosIcSt11char_traitsIcEE
83d89cd8   _ZTVSt9basic_iosIwSt11char_traitsIwEE
83d89ce8   paMemAligns
83d89cf8   ti_sysbios_family_c64p_EventCombiner_EVTMASK__C
83d89d08   _ZTSSt10ctype_base
83d89d34   ti_sysbios_gates_GateMutex_Instance_State_sem__O
83d89d38   _ZTSSt9exception
83d89d48   _ZTSSt9type_info
83d89d58   _ZTSSt5_IosbIiE
83d89d64   ti_sysbios_gates_GateMutex_Module__diagsEnabled__C
83d89d68   _ZTSSt5ctypeIcE
83d89d74   ti_sysbios_gates_GateMutex_Module__diagsIncluded__C
83d89d78   _ZTSSt5ctypeIwE
83d89d84   ti_sysbios_gates_GateMutex_Module__diagsMask__C
83d89d88   _ZTSSt8ios_base
83d89d94   _ZTIN10__cxxabiv117__class_type_infoE
83d89da0   _ZTIN10__cxxabiv120__si_class_type_infoE
83d89dac   _ZTIN10__cxxabiv121__vmi_class_type_infoE
83d89db8   _ZTINSt6locale7_LocimpE
83d89dc4   _ZTINSt8ios_base7failureE
83d89dd0   _ZTISt10ctype_base
83d89ddc   _ZTISt11logic_error
83d89de8   _ZTISt12codecvt_base
83d89df4   _ZTISt12length_error
83d89e00   _ZTISt12out_of_range
83d89e0c   _ZTISt13basic_filebufIcSt11char_traitsIcEE
83d89e18   _ZTISt13basic_filebufIwSt11char_traitsIwEE
83d89e24   _ZTISt13runtime_error
83d89e30   _ZTISt5ctypeIcE
83d89e3c   _ZTISt5ctypeIwE
83d89e48   _ZTISt7codecvtIcciE
83d89e54   _ZTISt7codecvtIwciE
83d89e60   _ZTISt8ios_base
83d89e6c   _ZTISt9basic_iosIcSt11char_traitsIcEE
83d89e78   _ZTISt9basic_iosIwSt11char_traitsIwEE
83d89e84   ti_sysbios_family_c66_Cache_initSize__C
83d89e9c   ti_sysbios_hal_Hwi_E_stackOverflow__C
83d89eb8   _ZTINSt6locale5facetE
83d89ec0   _ZTISt15basic_streambufIcSt11char_traitsIcEE
83d89ec8   _ZTISt15basic_streambufIwSt11char_traitsIwEE
83d89ed0   _ZTISt5_IosbIiE
83d89ed8   _ZTISt9exception
83d89ee0   _ZTISt9type_info
83d89ee8   ti_sysbios_knl_Idle_coreList__A
83d89ef0   ti_sysbios_knl_Idle_coreList__C
83d89ef8   ti_sysbios_knl_Idle_funcList__A
83d89f00   ti_sysbios_knl_Idle_funcList__C
83d89f08   ti_sysbios_knl_Task_hooks__C
83d89f10   xdc_runtime_Startup_firstFxns__A
83d89f18   xdc_runtime_Startup_firstFxns__C
83d89f20   xdc_runtime_Startup_lastFxns__A
83d89f28   xdc_runtime_Startup_lastFxns__C
83d89f50   ti_sysbios_heaps_HeapMem_A_align__C
83d89f54   ti_sysbios_heaps_HeapMem_A_heapSize__C
83d89f58   ti_sysbios_heaps_HeapMem_A_invalidFree__C
83d89f5c   ti_sysbios_heaps_HeapMem_A_zeroBlock__C
83d89f60   ti_sysbios_heaps_HeapMem_E_memory__C
83d89f64   ti_sysbios_heaps_HeapMem_Module__diagsEnabled__C
83d89f68   ti_sysbios_heaps_HeapMem_Module__diagsIncluded__C
83d89f6c   ti_sysbios_heaps_HeapMem_Module__diagsMask__C
83d89f70   ti_sysbios_heaps_HeapMem_Module__gateObj__C
83d89f74   ti_sysbios_heaps_HeapMem_Object__count__C
83d89f78   ti_sysbios_heaps_HeapMem_Object__table__C
83d89f7c   ti_sysbios_heaps_HeapMem_reqAlign__C
83d89f80   ti_sysbios_knl_Clock_A_badThreadType__C
83d89f84   ti_sysbios_knl_Clock_LM_begin__C
83d89f88   ti_sysbios_knl_Clock_LM_tick__C
83d89f8c   ti_sysbios_knl_Clock_LW_delayed__C
83d89f90   ti_sysbios_knl_Clock_Module_State_clockQ__O
83d89f94   ti_sysbios_knl_Clock_Module__diagsEnabled__C
83d89f98   ti_sysbios_knl_Clock_Module__diagsIncluded__C
83d89f9c   ti_sysbios_knl_Clock_Module__diagsMask__C
83d89fa0   ti_sysbios_knl_Clock_Module__loggerFxn1__C
83d89fa4   ti_sysbios_knl_Clock_Module__loggerFxn2__C
83d89fa8   ti_sysbios_knl_Clock_Module__loggerObj__C
83d89fac   ti_sysbios_knl_Clock_tickMode__C
83d89fb0   ti_sysbios_knl_Clock_tickSource__C
83d89fb4   ti_sysbios_knl_Queue_Object__count__C
83d89fb8   ti_sysbios_knl_Queue_Object__table__C
83d89fbc   ti_sysbios_knl_Semaphore_A_badContext__C
83d89fc0   ti_sysbios_knl_Semaphore_A_noEvents__C
83d89fc4   ti_sysbios_knl_Semaphore_A_overflow__C
83d89fc8   ti_sysbios_knl_Semaphore_Instance_State_pendQ__O
83d89fcc   ti_sysbios_knl_Semaphore_LM_pend__C
83d89fd0   ti_sysbios_knl_Semaphore_LM_post__C
83d89fd4   ti_sysbios_knl_Semaphore_Module__diagsEnabled__C
83d89fd8   ti_sysbios_knl_Semaphore_Module__diagsIncluded__C
83d89fdc   ti_sysbios_knl_Semaphore_Module__diagsMask__C
83d89fe0   ti_sysbios_knl_Semaphore_Module__loggerFxn2__C
83d89fe4   ti_sysbios_knl_Semaphore_Module__loggerFxn4__C
83d89fe8   ti_sysbios_knl_Semaphore_Module__loggerObj__C
83d89fec   ti_sysbios_knl_Swi_LD_end__C
83d89ff0   ti_sysbios_knl_Swi_LM_begin__C
83d89ff4   ti_sysbios_knl_Swi_LM_post__C
83d89ff8   ti_sysbios_knl_Swi_Module__diagsEnabled__C
83d89ffc   ti_sysbios_knl_Swi_Module__diagsIncluded__C
83d8a000   ti_sysbios_knl_Swi_Module__diagsMask__C
83d8a004   ti_sysbios_knl_Swi_Module__loggerFxn1__C
83d8a008   ti_sysbios_knl_Swi_Module__loggerFxn4__C
83d8a00c   ti_sysbios_knl_Swi_Module__loggerObj__C
83d8a010   ti_sysbios_knl_Swi_Object__count__C
83d8a014   ti_sysbios_knl_Swi_Object__table__C
83d8a018   ti_sysbios_knl_Task_A_badPriority__C
83d8a01c   ti_sysbios_knl_Task_A_badTaskState__C
83d8a020   ti_sysbios_knl_Task_A_badThreadType__C
83d8a024   ti_sysbios_knl_Task_A_badTimeout__C
83d8a028   ti_sysbios_knl_Task_A_noPendElem__C
83d8a02c   ti_sysbios_knl_Task_E_deleteNotAllowed__C
83d8a030   ti_sysbios_knl_Task_E_spOutOfBounds__C
83d8a034   ti_sysbios_knl_Task_E_stackOverflow__C
83d8a038   ti_sysbios_knl_Task_LD_block__C
83d8a03c   ti_sysbios_knl_Task_LD_exit__C
83d8a040   ti_sysbios_knl_Task_LD_ready__C
83d8a044   ti_sysbios_knl_Task_LM_setPri__C
83d8a048   ti_sysbios_knl_Task_LM_sleep__C
83d8a04c   ti_sysbios_knl_Task_LM_switch__C
83d8a050   ti_sysbios_knl_Task_Module_State_inactiveQ__O
83d8a054   ti_sysbios_knl_Task_Module_State_terminatedQ__O
83d8a058   ti_sysbios_knl_Task_Module__diagsEnabled__C
83d8a05c   ti_sysbios_knl_Task_Module__diagsIncluded__C
83d8a060   ti_sysbios_knl_Task_Module__diagsMask__C
83d8a064   ti_sysbios_knl_Task_Module__loggerFxn2__C
83d8a068   ti_sysbios_knl_Task_Module__loggerFxn4__C
83d8a06c   ti_sysbios_knl_Task_Module__loggerObj__C
83d8a070   ti_sysbios_knl_Task_Object__count__C
83d8a074   ti_sysbios_knl_Task_Object__heap__C
83d8a078   ti_sysbios_knl_Task_Object__table__C
83d8a07c   ti_sysbios_knl_Task_allBlockedFunc__C
83d8a080   ti_sysbios_knl_Task_defaultStackHeap__C
83d8a084   ti_sysbios_knl_Task_defaultStackSize__C
83d8a088   ti_sysbios_knl_Task_numConstructedTasks__C
83d8a08c   ti_sysbios_knl_Task_numPriorities__C
83d8a090   ti_sysbios_timers_timer64_Timer_A_notAvailable__C
83d8a094   ti_sysbios_timers_timer64_Timer_E_cannotSupport__C
83d8a098   ti_sysbios_timers_timer64_Timer_Module__diagsEnabled__C
83d8a09c   ti_sysbios_timers_timer64_Timer_Module__diagsIncluded__C
83d8a0a0   ti_sysbios_timers_timer64_Timer_Module__diagsMask__C
83d8a0a4   ti_sysbios_timers_timer64_Timer_anyMask__C
83d8a0a8   ti_sysbios_timers_timer64_Timer_freqDivisor__C
83d8a0ac   ti_sysbios_timers_timer64_Timer_numLocalTimers__C
83d8a0b0   ti_sysbios_timers_timer64_Timer_numTimerDevices__C
83d8a0b4   xdc_runtime_Assert_E_assertFailed__C
83d8a0b8   xdc_runtime_Core_A_initializedParams__C
83d8a0bc   xdc_runtime_Core_Module__diagsEnabled__C
83d8a0c0   xdc_runtime_Core_Module__diagsIncluded__C
83d8a0c4   xdc_runtime_Core_Module__diagsMask__C
83d8a0c8   xdc_runtime_Error_E_generic__C
83d8a0cc   xdc_runtime_Error_E_memory__C
83d8a0d0   xdc_runtime_Error_Module__diagsEnabled__C
83d8a0d4   xdc_runtime_Error_Module__diagsIncluded__C
83d8a0d8   xdc_runtime_Error_Module__diagsMask__C
83d8a0dc   xdc_runtime_Error_Module__loggerFxn8__C
83d8a0e0   xdc_runtime_Error_Module__loggerObj__C
83d8a0e4   xdc_runtime_Error_policy__C
83d8a0e8   xdc_runtime_Error_raiseHook__C
83d8a0ec   xdc_runtime_IFilterLogger_Interface__BASE__C
83d8a0f0   xdc_runtime_IGateProvider_Interface__BASE__C
83d8a0f4   xdc_runtime_IHeap_Interface__BASE__C
83d8a0f8   xdc_runtime_ILogger_Interface__BASE__C
83d8a0fc   xdc_runtime_IModule_Interface__BASE__C
83d8a100   xdc_runtime_Log_L_error__C
83d8a104   xdc_runtime_LoggerBuf_E_badLevel__C
83d8a108   xdc_runtime_LoggerBuf_Module__gateObj__C
83d8a10c   xdc_runtime_LoggerBuf_Object__count__C
83d8a110   xdc_runtime_LoggerBuf_Object__table__C
83d8a114   xdc_runtime_LoggerBuf_statusLogger__C
83d8a118   xdc_runtime_Memory_defaultHeapInstance__C
83d8a11c   xdc_runtime_Startup_execImpl__C
83d8a120   xdc_runtime_Startup_maxPasses__C
83d8a124   xdc_runtime_Startup_sfxnRts__C
83d8a128   xdc_runtime_Startup_sfxnTab__C
83d8a12c   xdc_runtime_Startup_startModsFxn__C
83d8a130   xdc_runtime_System_Module__gateObj__C
83d8a134   xdc_runtime_System_extendFxn__C
83d8a138   xdc_runtime_System_maxAtexitHandlers__C
83d8a13c   xdc_runtime_Text_charTab__C
83d8a140   xdc_runtime_Text_nameEmpty__C
83d8a144   xdc_runtime_Text_nameStatic__C
83d8a148   xdc_runtime_Text_nameUnknown__C
83d8a14c   xdc_runtime_Text_nodeTab__C
83d8a150   xdc_runtime_Text_visitRopeFxn__C
83d8a154   ti_sysbios_family_c64p_EventCombiner_Module__id__C
83d8a158   _ZTSSi
83d8a15c   ti_sysbios_family_c64p_Exception_Module__id__C
83d8a160   _ZTSSo
83d8a164   ti_sysbios_family_c64p_Hwi_Module__id__C
83d8a168   ti_sysbios_family_c64p_Hwi_Module__loggerDefined__C
83d8a16c   ti_sysbios_gates_GateMutex_Module__id__C
83d8a170   ti_sysbios_hal_Hwi_Module__id__C
83d8a174   ti_sysbios_heaps_HeapMem_Module__id__C
83d8a178   ti_sysbios_knl_Clock_Module__id__C
83d8a17c   ti_sysbios_knl_Clock_Module__loggerDefined__C
83d8a180   ti_sysbios_knl_Semaphore_Module__id__C
83d8a184   ti_sysbios_knl_Semaphore_Module__loggerDefined__C
83d8a188   ti_sysbios_knl_Swi_Module__id__C
83d8a18c   ti_sysbios_knl_Swi_Module__loggerDefined__C
83d8a190   ti_sysbios_knl_Task_Module__id__C
83d8a194   ti_sysbios_knl_Task_Module__loggerDefined__C
83d8a198   ti_sysbios_knl_Task_deleteTerminatedTasks__C
83d8a19c   ti_sysbios_knl_Task_initStackFlag__C
83d8a1a0   ti_sysbios_timers_timer64_Timer_Module__id__C
83d8a1a4   ti_sysbios_timers_timer64_Timer_startupNeeded__C
83d8a1a8   xdc_runtime_Core_Module__id__C
83d8a1ac   xdc_runtime_Error_Module__loggerDefined__C
83d8a1b0   xdc_runtime_Error_maxDepth__C
83d8a1b4   xdc_runtime_LoggerBuf_Module__id__C
83d8a1b8   xdc_runtime_LoggerBuf_filterByLevel__C
83d8a1bc   xdc_runtime_Memory_Module__id__C
83d8a1c0   xdc_runtime_Text_charCnt__C
83d8a1c4   xdc_runtime_Text_isLoaded__C
83d8a1c8   xdc_runtime_Text_registryModsLastId__C
83d8a1cc   xdc_runtime_Text_unnamedModsLastId__C
83d8a1d0   ti_sysbios_BIOS_Module__state__V
83d8a1f0   ti_sysbios_family_c64p_EventCombiner_Module__state__V
83d8a5f0   ti_sysbios_family_c64p_Exception_Module__state__V
83d8a61c   ti_sysbios_family_c64p_Hwi_Module__root__V
83d8a624   ti_sysbios_family_c64p_Hwi_Module__state__V
83d8a68c   ti_sysbios_gates_GateHwi_Module__root__V
83d8a694   ti_sysbios_gates_GateMutex_Module__root__V
83d8a69c   ti_sysbios_hal_Hwi_Module__root__V
83d8a6a4   ti_sysbios_hal_Timer_Module__root__V
83d8a6ac   ti_sysbios_heaps_HeapMem_Module__root__V
83d8a6b4   ti_sysbios_knl_Clock_Module__root__V
83d8a6bc   ti_sysbios_knl_Clock_Module__state__V
83d8a6e4   ti_sysbios_knl_Queue_Module__root__V
83d8a6ec   ti_sysbios_knl_Semaphore_Module__root__V
83d8a6f4   ti_sysbios_knl_Swi_Module__root__V
83d8a6fc   ti_sysbios_knl_Swi_Module__state__V
83d8a718   ti_sysbios_knl_Task_Module__root__V
83d8a720   ti_sysbios_knl_Task_Module__state__V
83d8a768   ti_sysbios_timers_timer64_Timer_Module__root__V
83d8a770   ti_sysbios_timers_timer64_Timer_Module__state__V
83d8a784   xdc_runtime_Error_Module__state__V
83d8a788   xdc_runtime_GateNull_Module__root__V
83d8a790   xdc_runtime_LoggerBuf_Module__root__V
83d8a798   xdc_runtime_LoggerBuf_Module__state__V
83d8a7a0   xdc_runtime_Memory_Module__state__V
83d8a7a4   xdc_runtime_Registry_Module__state__V
83d8a7ac   xdc_runtime_Startup_Module__state__V
83d8a7b4   xdc_runtime_System_Module__state__V
83d8a7c0   xdc_runtime_Text_Module__state__V
83d8a7c8   __xdc__init__addr
83d8a7cc   _ZNSt9_FacetptrISt5ctypeIcEE6_PsaveE
83d8a7d0   _ftable
83d8a9b0   cppiGblCfgParams
83d8aaf0   qmssGblCfgParams
83d8ac10   ti_sysbios_knl_Task_Object__table__V
83d8acb0   TSK_idle
83d8ad00   ti_sysbios_timers_timer64_Timer_Module_State_0_device__A
83d8adc0   _ipcfg
83d8ae74   _ZNSt9_FacetptrISt5ctypeIwEE6_PsaveE
83d8af18   ti_sysbios_family_c64p_Hwi_Object__table__V
83d8afa8   ti_sysbios_knl_Swi_Module_State_0_readyQ__A
83d8b028   ti_sysbios_knl_Task_Module_State_0_readyQ__A
83d8b1c0   ti_sysbios_timers_timer64_Timer_Object__table__V
83d8b20c   _ZNSt9_FacetptrISt7codecvtIcciEE6_PsaveE
83d8b310   ti_sysbios_timers_timer64_Timer_Module_State_0_gctrl__A
83d8b350   ti_sysbios_timers_timer64_Timer_Module_State_0_handles__A
83d8b390   ti_sysbios_timers_timer64_Timer_Module_State_0_intFreqs__A
83d8b404   _cleanup_ptr
83d8b408   _dtors_ptr
83d8b40c   __TI_enable_exit_profile_output
83d8b444   _ZNSt9_FacetptrISt7codecvtIwciEE6_PsaveE
83d8b448   ti_sysbios_knl_Swi_Object__table__V
83d8b4a0   _oscfg
83d8b4c4   _ft_end
83d8b4c8   xdc_runtime_LoggerBuf_Object__table__V
83d8b4f0   Qmss_highEoiVector
83d8b510   pstrMsgName
83d8b530   ti_sysbios_gates_GateMutex_Object__table__V
83d8b550   xdc_runtime_System_Module_State_0_atexitHandlers__A
83d8b570   ti_sysbios_heaps_HeapMem_Object__table__V
83d8b588   NIMUDeviceTable
83d8b5a4   _ZNSt8ios_base6_IndexE
83d8b5a8   _ZNSt8ios_base5_SyncE
83d8b5ac   _ZSt4_Fpz
83d8b5c4   _ZNSt6locale2id7_Id_cntE
83d8b5c8   _ZNSt6locale7_Locimp8_ClocptrE
83d8b5d8   Qmss_lowEoiVector
83d8b5e8   ti_sysbios_hal_Hwi_Object__table__V
83d8b5f8   _lock
83d8b5fc   _unlock
83d8b60c   __errno
83d8b60c   errno
83d8b61c   _ZNSt8ios_base4Init9_Init_cntE
83d8b62c   _ZSt14_Raise_handler
83d8b630   ti_sysbios_hal_Timer_Object__table__V
83d8b638   _new_handler
83d8b63c   _ZNSt6_Winit9_Init_cntE
83d8b648   cppiLObj
83d8b64c   paLObj
83d8b658   ti_sysbios_gates_GateHwi_Object__table__V
83d8b660   ti_sysbios_knl_Task_Module_State_0_idleTask__A
83d8b668   Qmss_cdmaEoiVector
83d8b6c8   gDeviceNandBBlist
83d8c8f4   gDeviceNand
83d8c92c   gDeviceNor
83d8c964   gDeviceEeprom0
83d8c99c   gDeviceEeprom1
83d8c9d8   emac_port_mode
83d8cae0   __TI_STATIC_BASE
83d8cae0   hCfg
83d8cae4   pform_status
83d8cae8   cos_theta
83d8caf0   angle
83d8caf8   time_diff
83d8cb00   i
83d8cb04   j
83d8cb08   led_no
83d8cb0c   signalA_tstart
83d8cb10   signalB_tstart
83d8cb14   data_index
83d8cb18   tscl_val
83d8cb1c   tsch_val
83d8cb20   elapsed_time
83d8cb40   _IGMPInDiscard
83d8cb44   _IGMPInQuery
83d8cb48   _IGMPInQueryGroup
83d8cb4c   _IGMPInResponse
83d8cb50   _IGMPOutResponse
83d8cb54   gTxCmdReturnQHnd
83d8cb58   gTxCmdFreeQHnd
83d8cb5c   ethSemHandle
83d8cb84   __dso_handle
83d8cba0   VerStr
83d8cba4   stcp
83d8cba8   LocalIPAddr
83d8cbac   PCStaticIP
83d8cbb0   EVMStaticIP
83d8cbb4   LocalIPMask
83d8cbb8   GatewayIP
83d8cbbc   DomainName
83d8cbc0   DNSServer
83d8cbc4   log_flag
83d8cbc8   FILTER_SAMPLE
83d8cbd0   sumA
83d8cbd8   sumB
83d8cbe0   distance
83d8cbe4   interrupt_call_count
83d8cbe8   number_of_cores
83d8cbec   flag
83d8cbf0   data_bit
83d8cbf4   product_result
83d8cbfc   timer_flag
83d8cc04   CONTENT_TYPE_APPLET
83d8cc08   CONTENT_TYPE_AU
83d8cc0c   CONTENT_TYPE_CSS
83d8cc10   CONTENT_TYPE_DOC
83d8cc14   CONTENT_TYPE_GIF
83d8cc18   CONTENT_TYPE_HTML
83d8cc1c   CONTENT_TYPE_JPG
83d8cc20   CONTENT_TYPE_MPEG
83d8cc24   CONTENT_TYPE_PDF
83d8cc28   CONTENT_TYPE_WAV
83d8cc2c   CONTENT_TYPE_ZIP
83d8cc30   CONTENT_TYPE
83d8cc34   CONTENT_LENGTH
83d8cc38   CRLF
83d8cc3c   DEFAULT_NAME
83d8cc40   HTTP_VER
83d8cc44   SPACE
83d8cc48   PITCount
83d8cc4c   PITUsed
83d8cc50   PITHigh
83d8ccd8   _IGMPForceVersion1
83d8ccec   DebugLogSize
83d8ccf0   DebugCritError
83d8ccfc   _ICMPInErrors
83d8cd00   _ICMPOutErrors
83d8cd04   _IPExecuting
83d8cd14   gFragQList
83d8cd34   tcp_iss
83d8cd38   ptTimeFirst
83d8cd3c   pt6TimeFirst
83d8cd40   tcp6_iss
83d8cd4c   platform_errno
83d8cd50   platform_init_return_code
83d8cd60   httpErrorResponseHook
83d8cd6c   _IPReasmPtr
83d8cd74   gMLDNodeList
83d8cd8c   qmssLObjIsValid
83d8cd90   IPV6_MAX_MULTICAST_SOLICIT
83d8cd94   IPV6_MAX_UNICAST_SOLICIT
83d8cd98   IPV6_RETRANS_TIME
83d8cd9c   IPV6_DELAY_FIRST_PROBE_TIME
83d8cda0   IPV6_REACHABLE_TIME
83d8cda4   IPV6_MAX_RTR_SOLICITATION_DELAY
83d8cda8   IPV6_RTR_SOLICITATION_INTERVAL
83d8cdac   IPV6_MAX_RTR_SOLICITATIONS
83d8cdb0   INFINITE_LT
83d8cdb4   ti_ndk_config_Global_rawPageSize
83d8cdb8   ti_ndk_config_Global_rawPageCount
83d8cdbc   ti_ndk_config_Global_smallest
83d8cdc0   ti_ndk_config_Global_largest
83d8cdc4   ti_ndk_config_Global_numFrameBuf
83d8cdc8   ti_ndk_config_Global_sizeFrameBuf
83d8cdcc   __TI_INITARRAY_Base
83d8cde0   __TI_INITARRAY_Limit
83d8de64   __TI_Handler_Table_Base
83d8de70   __TI_Handler_Table_Limit
83d8decc   __TI_CINIT_Base
83d8df4c   __TI_CINIT_Limit
ffffffff   __TI_pprof_out_hndl
ffffffff   __TI_prof_data_size
ffffffff   __TI_prof_data_start
ffffffff   __binit__
ffffffff   __c_args__
ffffffff   binit

[2026 symbols]
