******************************************************************************
               TMS320C6x Linker Unix v7.4.1                    
******************************************************************************
>> Linked Sun May 11 19:30:35 2014

OUTPUT FILE NAME:   <hua_evmc6670l.out>
ENTRY POINT SYMBOL: "_c_int00"  address: 83d741c0


MEMORY CONFIGURATION

         name            origin    length      used     unused   attr    fill
----------------------  --------  ---------  --------  --------  ----  --------
  L2SRAM_IBL_RESERVED   00800000   00020000  00000200  0001fe00  RW X
  L2SRAM                00820000   00060000  00009e54  000561ac  RW X
  L1PSRAM               00e00000   00008000  00000000  00008000  RW X
  L1DSRAM               00f00000   00008000  00000000  00008000  RW  
  MSMCSRAM              0c000000   00400000  00057300  003a8d00  RW X
  DDR                   80000000   1fffffff  03d8e350  1c271caf  RW X


SEGMENT ALLOCATION MAP

run origin  load origin   length   init length attrs members
----------  ----------- ---------- ----------- ----- -------
00800000    00800000    00000200   00000200    r-x
  00800000    00800000    00000200   00000200    r-x .csl_vect
00820000    00820000    00008888   00000000    rw-
  00820000    00820000    00004000   00000000    rw- .resmgr_memregion
  00824000    00824000    00002400   00000000    rw- .qmss
  00826400    00826400    00001488   00000000    rw- .resmgr_pa
  00827888    00827888    00001000   00000000    rw- .stack
00828890    00828890    00000600   00000000    rw-
  00828890    00828890    00000600   00000000    rw- .far:NDK_OBJMEM
00828e90    00828e90    00000170   00000170    r--
  00828e90    00828e90    00000170   00000170    r-- .switch.1
00829000    00829000    00000200   00000200    r-x
  00829000    00829000    00000200   00000200    r-x .vecs
00829200    00829200    00000480   00000000    rw-
  00829200    00829200    00000480   00000000    rw- .cppi
00829680    00829680    00000304   00000304    r--
  00829680    00829680    00000304   00000304    r-- .switch.2
00829a00    00829a00    00000438   00000318    rw-
  00829a00    00829a00    00000318   00000318    rw- .nimu_eth_ll2
  00829d18    00829d18    00000120   00000000    rw- .cio
00829e40    00829e40    000000a0   00000000    rw-
  00829e40    00829e40    000000a0   00000000    rw- .resmgr_handles
0c000000    0c000000    00057300   00000000    rw-
  0c000000    0c000000    00052b00   00000000    rw- .far:NDK_PACKETMEM
  0c052b00    0c052b00    00004800   00000000    rw- .far:taskStackSection
80000000    80000000    02625a00   00000000    rw-
  80000000    80000000    02625a00   00000000    rw- systemHeap
82625a00    82625a00    016f1808   016f1808    rw-
  82625a00    82625a00    016f1808   016f1808    rw- .far
83d17210    83d17210    00000010   00000010    r--
  83d17210    83d17210    00000010   00000010    r-- .const.1
83d17220    83d17220    0007329e   0007329e    r-x
  83d17220    83d17220    00068b60   00068b60    r-x .text
  83d7fd80    83d7fd80    0000a73e   0000a73e    r-- .const.2
83d8a4c0    83d8a4c0    0000150a   0000150a    rw-
  83d8a4c0    83d8a4c0    0000150a   0000150a    rw- .fardata
83d8b9d0    83d8b9d0    0000176d   0000176d    rw-
  83d8b9d0    83d8b9d0    00001470   00001470    rw- platform_lib
  83d8ce40    83d8ce40    00000110   00000110    rw- .bss
  83d8cf50    83d8cf50    000001ed   000001ed    rw- .neardata
83d8d140    83d8d140    00000048   00000048    r--
  83d8d140    83d8d140    00000048   00000048    r-- .rodata
83d8d188    83d8d188    000011d8   000011d8    r--
  83d8d188    83d8d188    00000014   00000014    r-- .init_array
  83d8d19c    83d8d19c    000011c4   000011c4    r-- .cinit


SECTION ALLOCATION MAP

 output                                  attributes/
section   page    origin      length       input sections
--------  ----  ----------  ----------   ----------------
.csl_vect 
*          0    00800000    00000200     
                  00800000    00000200     ti.csl.intc.ae66 : _csl_intcIsrDispatch.oe66 (.csl_vect)

.resmgr_memregion 
*          0    00820000    00004000     UNINITIALIZED
                  00820000    00004000     resourcemgr.obj (.resmgr_memregion)

.qmss      0    00824000    00002400     UNINITIALIZED
                  00824000    00002400     ti.drv.qmss.ae66 : qmss_drv.oe66 (.qmss)

.resmgr_pa 
*          0    00826400    00001488     UNINITIALIZED
                  00826400    00001488     resourcemgr.obj (.resmgr_pa)

.stack     0    00827888    00001000     UNINITIALIZED
                  00827888    00000008     boot.ae66 : boot.oe66 (.stack)
                  00827890    00000ff8     --HOLE--

.far:NDK_OBJMEM 
*          0    00828890    00000600     UNINITIALIZED
                  00828890    00000600     os.ae66 : ossys.oe66 (.far:NDK_OBJMEM)

.switch.1 
*          0    00828e90    00000170     
                  00828e90    00000070     ti.csl.ae66 : csl_chip.oe66 (.switch:CSL_chipReadReg)
                  00828f00    00000060     nettool.ae66 : telnetd.oe66 (.switch:telnet_netdata)
                  00828f60    0000003c     stk6_ppp_pppoe.ae66 : sock.oe66 (.switch:SockGet)
                  00828f9c    0000003c                         : sock.oe66 (.switch:SockSet)
                  00828fd8    00000028                         : lcp.oe66 (.switch:lcpInput)

.vecs      0    00829000    00000200     
                  00829000    00000200     evm_pe66.oe66 (.vecs)

.cppi      0    00829200    00000480     UNINITIALIZED
                  00829200    00000480     ti.drv.cppi.ae66 : cppi_drv.oe66 (.cppi)

.switch.2 
*          0    00829680    00000304     
                  00829680    00000038     stk6_ppp_pppoe.ae66 : icmpin.oe66 (.switch:ICMPInput)
                  008296b8    00000038                         : icmpv6in.oe66 (.switch:ICMPv6RxPacket)
                  008296f0    00000034                         : rawethsock.oe66 (.switch:RawEthSockSet)
                  00829724    0000002c                         : sock6.oe66 (.switch:Sock6Get)
                  00829750    0000002c                         : sock6.oe66 (.switch:Sock6Set)
                  0082977c    0000002c     ti.drv.pa.ae66 : pa.oe66 (.switch:pa_conv_routing_info)
                  008297a8    00000020     stk6_ppp_pppoe.ae66 : rawethsock.oe66 (.switch:RawEthSockGet)
                  008297c8    00000020                         : tcp6prot.oe66 (.switch:TCP6PrGetOption)
                  008297e8    00000020                         : tcp6prot.oe66 (.switch:TCP6PrSetOption)
                  00829808    00000020                         : tcpprot.oe66 (.switch:TcpPrGetOption)
                  00829828    00000020                         : tcpprot.oe66 (.switch:TcpPrSetOption)
                  00829848    00000020                         : ipcp.oe66 (.switch:ipcpInput)
                  00829868    0000001c                         : sock6int.oe66 (.switch:Sock6Notify)
                  00829884    0000001c                         : sockint.oe66 (.switch:SockNotify)
                  008298a0    0000001c     nettool.ae66 : dhcpsm.oe66 (.switch:dhcpState)
                  008298bc    00000018     stk6_ppp_pppoe.ae66 : nimuppp.oe66 (.switch:pppEvent)
                  008298d4    00000014                         : icmpv6in.oe66 (.switch:ICMPv6RecvDstUnreachable)
                  008298e8    00000014                         : lli6.oe66 (.switch:LLI6TimerCheck)
                  008298fc    00000014                         : nimu.oe66 (.switch:NIMUIoctl)
                  00829910    00000014                         : lcp.oe66 (.switch:lcpSendCfg)
                  00829924    00000010                         : ipv6_exthdrs.oe66 (.switch:IPv6ParseHopOptions)
                  00829934    00000010                         : auth.oe66 (.switch:chapInput)
                  00829944    00000010     nettool.ae66 : inetaddr.oe66 (.switch:inet_aton)
                  00829954    00000010     stk6_ppp_pppoe.ae66 : ipcp.oe66 (.switch:ipcpSendCfg)
                  00829964    00000010     ti.platform.evm6670l.ae66 : platform.obj (.switch:platform_internal_memory_test)
                  00829974    00000010     stk6_ppp_pppoe.ae66 : nimupppoe.oe66 (.switch:pppoeCtrlMsg)

.nimu_eth_ll2 
*          0    00829a00    00000318     
                  00829a00    00000308     ti.transport.ndk.nimu.ae66 : nimu_eth.obj (.nimu_eth_ll2:uninit) [fill = 0]
                  00829d08    00000010                                : nimu_eth.obj (.nimu_eth_ll2:init)

.cio       0    00829d18    00000120     UNINITIALIZED
                  00829d18    00000120     rts6600_elf.lib : trgmsg.obj (.cio)

.resmgr_handles 
*          0    00829e40    000000a0     UNINITIALIZED
                  00829e40    000000a0     resourcemgr.obj (.resmgr_handles)

.far:NDK_PACKETMEM 
*          0    0c000000    00052b00     UNINITIALIZED
                  0c000000    00052b00     stk6_ppp_pppoe.ae66 : pbm_data.oe66 (.far:NDK_PACKETMEM)

.far:taskStackSection 
*          0    0c052b00    00004800     UNINITIALIZED
                  0c052b00    00004800     evm_pe66.oe66 (.far:taskStackSection)

xdc.meta   0    80000000    000000f8     COPY SECTION
                  80000000    000000f8     evm_pe66.oe66 (xdc.meta)

systemHeap 
*          0    80000000    02625a00     UNINITIALIZED
                  80000000    02625a00     evm_pe66.oe66 (systemHeap)

.far       0    82625a00    016f1808     
                  82625a00    016e3978     hpdspua.obj (.far) [fill = 0]
                  83d09378    00000008     rts6600_elf.lib : trgdrv.obj (.far) [fill = 0]
                  83d09380    0000c1c0     os.ae66 : mem_data.oe66 (.far:NDK_MMBUFFER) [fill = 0]
                  83d15540    00000818     evm_pe66.oe66 (.far) [fill = 0]
                  83d15d58    00000004     rts6600_elf.lib : wlocale.obj (.far:_ZGVNSt10moneypunctIwLb0EE2idE) [fill = 0]
                  83d15d5c    00000004                     : wlocale.obj (.far:_ZGVNSt10moneypunctIwLb1EE2idE) [fill = 0]
                  83d15d60    00000660     nettool.ae66 : daemon.oe66 (.far) [fill = 0]
                  83d163c0    000001d8     rts6600_elf.lib : wiostrea.obj (.far) [fill = 0]
                  83d16598    000001d4                     : iostream.obj (.far) [fill = 0]
                  83d1676c    00000004                     : iostream.obj (.far:_ZGVNSt7codecvtIcciE2idE) [fill = 0]
                  83d16770    00000140                     : defs.obj (.far) [fill = 0]
                  83d168b0    00000120     ti.drv.qmss.ae66 : qmss_drv.oe66 (.far) [fill = 0]
                  83d169d0    00000110     stk6_ppp_pppoe.ae66 : igmp.oe66 (.far) [fill = 0]
                  83d16ae0    000000d8     netctrl.ae66 : netsrv.oe66 (.far) [fill = 0]
                  83d16bb8    000000c8     stk6_ppp_pppoe.ae66 : ipv6.oe66 (.far) [fill = 0]
                  83d16c80    000000c4                         : tcp.oe66 (.far) [fill = 0]
                  83d16d44    000000b8                         : tcp6in.oe66 (.far) [fill = 0]
                  83d16dfc    00000004     rts6600_elf.lib : wlocale.obj (.far:_ZGVNSt7collateIwE2idE) [fill = 0]
                  83d16e00    0000009c     stk6_ppp_pppoe.ae66 : icmp.oe66 (.far) [fill = 0]
                  83d16e9c    00000004     rts6600_elf.lib : wlocale.obj (.far:_ZGVNSt7num_getIwSt19istreambuf_iteratorIwSt11char_traitsIwEEE2idE) [fill = 0]
                  83d16ea0    0000007c     os.ae66 : mem.oe66 (.far) [fill = 0]
                  83d16f1c    00000068     stk6_ppp_pppoe.ae66 : ip.oe66 (.far) [fill = 0]
                  83d16f84    00000064                         : nimu.oe66 (.far) [fill = 0]
                  83d16fe8    00000044     ti.platform.evm6670l.ae66 : evmc66x_i2c_eeprom.obj (.far) [fill = 0]
                  83d1702c    00000030     stk6_ppp_pppoe.ae66 : udp.oe66 (.far) [fill = 0]
                  83d1705c    00000004     rts6600_elf.lib : wlocale.obj (.far:_ZGVNSt7num_putIwSt19ostreambuf_iteratorIwSt11char_traitsIwEEE2idE) [fill = 0]
                  83d17060    00000030     ti.transport.ndk.nimu.ae66 : nimu_eth.obj (.far) [fill = 0]
                  83d17090    00000028     stk6_ppp_pppoe.ae66 : vlan.oe66 (.far) [fill = 0]
                  83d170b8    00000024                         : udp6.oe66 (.far) [fill = 0]
                  83d170dc    00000004     rts6600_elf.lib : wlocale.obj (.far:_ZGVNSt8messagesIwE2idE) [fill = 0]
                  83d170e0    00000020     resourcemgr.obj (.far) [fill = 0]
                  83d17100    0000001c     os.ae66 : mem_data.oe66 (.far:NDK_MMBUFFER1)
                  83d1711c    00000018     stk6_ppp_pppoe.ae66 : icmpv6.oe66 (.far) [fill = 0]
                  83d17134    0000000c     rts6600_elf.lib : locale0.obj (.far) [fill = 0]
                  83d17140    00000014     stk6_ppp_pppoe.ae66 : rtc.oe66 (.far) [fill = 0]
                  83d17154    00000012     tpool.obj (.far) [fill = 0]
                  83d17166    00000002     --HOLE--
                  83d17168    00000010     netctrl.ae66 : netctrl.oe66 (.far) [fill = 0]
                  83d17178    00000010     stk6_ppp_pppoe.ae66 : raw.oe66 (.far) [fill = 0]
                  83d17188    00000010                         : raw6.oe66 (.far) [fill = 0]
                  83d17198    00000010                         : raweth.oe66 (.far) [fill = 0]
                  83d171a8    0000000c                         : pbm.oe66 (.far) [fill = 0]
                  83d171b4    00000004     rts6600_elf.lib : wlocale.obj (.far:_ZGVNSt8numpunctIwE2idE) [fill = 0]
                  83d171b8    00000004                     : wlocale.obj (.far:_ZGVNSt8time_getIwSt19istreambuf_iteratorIwSt11char_traitsIwEEE2idE) [fill = 0]
                  83d171bc    00000004                     : wlocale.obj (.far:_ZGVNSt9money_getIwSt19istreambuf_iteratorIwSt11char_traitsIwEEE2idE) [fill = 0]
                  83d171c0    00000004                     : wlocale.obj (.far:_ZGVNSt9money_putIwSt19ostreambuf_iteratorIwSt11char_traitsIwEEE2idE) [fill = 0]
                  83d171c4    00000004                     : wlocale.obj (.far:_ZNSt10moneypunctIwLb0EE2idE) [fill = 0]
                  83d171c8    00000004                     : wlocale.obj (.far:_ZNSt10moneypunctIwLb1EE2idE) [fill = 0]
                  83d171cc    00000004                     : iostream.obj (.far:_ZNSt13basic_filebufIcSt11char_traitsIcEE7_StinitE) [fill = 0]
                  83d171d0    00000004                     : wiostrea.obj (.far:_ZNSt13basic_filebufIwSt11char_traitsIwEE7_StinitE) [fill = 0]
                  83d171d4    00000004                     : iostream.obj (.far:_ZNSt4fposIiE4_StzE) [fill = 0]
                  83d171d8    00000004                     : iostream.obj (.far:_ZNSt7codecvtIcciE2idE) [fill = 0]
                  83d171dc    00000004                     : wlocale.obj (.far:_ZNSt7collateIwE2idE) [fill = 0]
                  83d171e0    00000004                     : wlocale.obj (.far:_ZNSt7num_getIwSt19istreambuf_iteratorIwSt11char_traitsIwEEE2idE) [fill = 0]
                  83d171e4    00000004                     : wlocale.obj (.far:_ZNSt7num_putIwSt19ostreambuf_iteratorIwSt11char_traitsIwEEE2idE) [fill = 0]
                  83d171e8    00000004                     : wlocale.obj (.far:_ZNSt8messagesIwE2idE) [fill = 0]
                  83d171ec    00000004                     : wlocale.obj (.far:_ZNSt8numpunctIwE2idE) [fill = 0]
                  83d171f0    00000004                     : wlocale.obj (.far:_ZNSt8time_getIwSt19istreambuf_iteratorIwSt11char_traitsIwEEE2idE) [fill = 0]
                  83d171f4    00000004                     : wlocale.obj (.far:_ZNSt8time_putIwSt19ostreambuf_iteratorIwSt11char_traitsIwEEE2idE) [fill = 0]
                  83d171f8    00000004                     : wlocale.obj (.far:_ZNSt9money_getIwSt19istreambuf_iteratorIwSt11char_traitsIwEEE2idE) [fill = 0]
                  83d171fc    00000004                     : wlocale.obj (.far:_ZNSt9money_putIwSt19ostreambuf_iteratorIwSt11char_traitsIwEEE2idE) [fill = 0]
                  83d17200    00000004                     : wlocale.obj (.far) [fill = 0]
                  83d17204    00000004     stk6_ppp_pppoe.ae66 : rawethsock_pcb.oe66 (.far) [fill = 0]

.const.1   0    83d17210    00000010     
                  83d17210    00000010     rts6600_elf.lib : string.obj (.const:.string:_ZTSSt11logic_error)

.text      0    83d17220    00068b60     
                  83d17220    00002d80     ti.transport.ndk.nimu.ae66 : nimu_eth.obj (.text)
                  83d19fa0    00002000     ti.platform.evm6670l.ae66 : platform.obj (.text)
                  83d1bfa0    00001b20                               : evmc6670.obj (.text)
                  83d1dac0    00001a00     stk6_ppp_pppoe.ae66 : tcpin.oe66 (.text:TcpInput)
                  83d1f4c0    000019a0                         : tcp6in.oe66 (.text:TCP6Input)
                  83d20e60    00001240                         : tcpout.oe66 (.text:TcpOutput)
                  83d220a0    00001180                         : tcp6out.oe66 (.text:TCP6Output)
                  83d23220    00001180     hpdspua.obj (.text)
                  83d243a0    00000d80     ti.platform.evm6670l.ae66 : evmc66x_i2c_eeprom.obj (.text)
                  83d25120    00000d00     resourcemgr.obj (.text)
                  83d25e20    00000b80     stk6_ppp_pppoe.ae66 : ipin.oe66 (.text:IPRxPacket)
                  83d269a0    00000b60     ti.platform.evm6670l.ae66 : evm66x_nand.obj (.text)
                  83d27500    00000aa0     stk6_ppp_pppoe.ae66 : md5.oe66 (.text:MD5Transform)
                  83d27fa0    000009c0                         : ipout.oe66 (.text:IPTxPacket)
                  83d28960    000009a0                         : lcp.oe66 (.text:lcpInput)
                  83d29300    000009a0     ti.targets.rts6000.ae66 : System.oe66 (.text:xdc_runtime_System_doPrint__I)
                  83d29ca0    00000920     rts6600_elf.lib : wiostrea.obj (.text:_ZNSt6_WinitC1Ev)
                  83d2a5c0    000008a0     nettool.ae66 : httpclie.oe66 (.text:httpClientProcess)
                  83d2ae60    000007e0     ti.drv.qmss.ae66 : qmss_drv.oe66 (.text:Qmss_insertMemoryRegion)
                  83d2b640    000007e0     stk6_ppp_pppoe.ae66 : ipcp.oe66 (.text:ipcpInput)
                  83d2be20    000007c0     nettool.ae66 : httpsend.oe66 (.text:SetContentType)
                  83d2c5e0    000007c0     stk6_ppp_pppoe.ae66 : sock.oe66 (.text:SockSet)
                  83d2cda0    000007a0                         : fileuser.oe66 (.text:fdPoll)
                  83d2d540    00000780     sysbios.ae66 : BIOS.obj (.text:ti_sysbios_family_c64p_Exception_handler__I)
                  83d2dcc0    00000760     rts6600_elf.lib : iostream.obj (.text:_ZNSt8ios_base4InitC1Ev)
                  83d2e420    00000720     ti.drv.pa.ae66 : pa.oe66 (.text:Pa_addMac)
                  83d2eb40    00000720     ti.platform.evm6670l.ae66 : evmc66x_ecc.obj (.text)
                  83d2f260    00000720                               : evmc66x_gpio.obj (.text)
                  83d2f980    000006c0     nettool.ae66 : telnetd.oe66 (.text:telnet_netdata)
                  83d30040    000006a0     stk6_ppp_pppoe.ae66 : sock.oe66 (.text:SockGet)
                  83d306e0    00000680                         : icmpv6_ndisc.oe66 (.text:ICMPv6RecvRA)
                  83d30d60    00000680     rts6600_elf.lib : wiostrea.obj (.text:_ZNSt13basic_filebufIwSt11char_traitsIwEE8overflowEj)
                  83d313e0    00000680     sysbios.ae66 : BIOS.obj (.text:ti_sysbios_knl_Task_Instance_finalize__F)
                  83d31a60    00000660     ti.drv.cppi.ae66 : cppi_drv.oe66 (.text:Cppi_configureRxFlow)
                  83d320c0    00000640     rts6600_elf.lib : iostream.obj (.text:_ZNSt13basic_filebufIcSt11char_traitsIcEE8overflowEi)
                  83d32700    00000620     stk6_ppp_pppoe.ae66 : route6.oe66 (.text:Rt6Create)
                  83d32d20    00000620     rts6600_elf.lib : wiostrea.obj (.text:_ZNSt13basic_filebufIwSt11char_traitsIwEE5uflowEv)
                  83d33340    00000600     sysbios.ae66 : BIOS.obj (.text:ti_sysbios_heaps_HeapMem_alloc__E)
                  83d33940    00000600                  : BIOS.obj (.text:ti_sysbios_heaps_HeapMem_free__E)
                  83d33f40    000005e0     rts6600_elf.lib : iostream.obj (.text:_ZNSt13basic_filebufIcSt11char_traitsIcEE5uflowEv)
                  83d34520    000005c0     stk6_ppp_pppoe.ae66 : ipfrag.oe66 (.text:IPReasm)
                  83d34ae0    000005c0     rts6600_elf.lib : divd.obj (.text:__c6xabi_divd)
                  83d350a0    000005c0                     : _printfi.obj (.text:_getarg_diouxp)
                  83d35660    000005c0     sysbios.ae66 : BIOS.obj (.text:ti_sysbios_timers_timer64_Timer_Module_startup__F)
                  83d35c20    000005a0     stk6_ppp_pppoe.ae66 : icmpin.oe66 (.text:ICMPInput)
                  83d361c0    000005a0     ti.platform.evm6670l.ae66 : evmc66x_spi.obj (.text)
                  83d36760    00000580     stk6_ppp_pppoe.ae66 : nimuppp.oe66 (.text:pppEvent)
                  83d36ce0    00000580     ti.platform.evm6670l.ae66 : evmc6670_phy.obj (.text)
                  83d37260    00000560     stk6_ppp_pppoe.ae66 : ipv6.oe66 (.text:IPv6IPAddressToString)
                  83d377c0    00000540     rts6600_elf.lib : iostream.obj (.text:_ZNSt13basic_filebufIcSt11char_traitsIcEE9_EndwriteEv)
                  83d37d00    00000540                     : wiostrea.obj (.text:_ZNSt13basic_filebufIwSt11char_traitsIwEE9_EndwriteEv)
                  83d38240    00000520     stk6_ppp_pppoe.ae66 : sock.oe66 (.text:SockNew)
                  83d38760    00000520     ti.platform.evm6670l.ae66 : evmc66x_nor.obj (.text)
                  83d38c80    00000500     rts6600_elf.lib : ios.obj (.text:_ZNSt8ios_base5clearENSt5_IosbIiE8_IostateEb)
                  83d39180    000004e0     stk6_ppp_pppoe.ae66 : udp.oe66 (.text:UdpInput)
                  83d39660    000004e0                         : nimupppoe.oe66 (.text:pppoeInputS)
                  83d39b40    000004e0     sysbios.ae66 : BIOS.obj (.text:ti_sysbios_knl_Semaphore_pend__E)
                  83d3a020    000004c0     ti.drv.cppi.ae66 : cppi_drv.oe66 (.text:Cppi_txChannelOpen)
                  83d3a4e0    000004c0     stk6_ppp_pppoe.ae66 : sock6.oe66 (.text:Sock6Connect)
                  83d3a9a0    000004c0                         : sock6.oe66 (.text:Sock6Set)
                  83d3ae60    000004c0     rts6600_elf.lib : fwrite.obj (.text:fwrite)
                  83d3b320    000004c0     ti.platform.evm6670l.ae66 : evmc66x_fpga.obj (.text)
                  83d3b7e0    000004a0     stk6_ppp_pppoe.ae66 : bind6.oe66 (.text:Bind6New)
                  83d3bc80    000004a0                         : lliin.oe66 (.text:LLIRxPacket)
                  83d3c120    000004a0                         : sock6.oe66 (.text:Sock6Recv)
                  83d3c5c0    000004a0                         : sock.oe66 (.text:SockRecv)
                  83d3ca60    00000480     sysbios.ae66 : BIOS.obj (.text:ti_sysbios_knl_Task_Module_startup__F)
                  83d3cee0    00000460     rts6600_elf.lib : _printfi.obj (.text:_printfi)
                  83d3d340    00000460                     : _printfi.obj (.text:_setfield)
                  83d3d7a0    00000460     stk6_ppp_pppoe.ae66 : nimuppp.oe66 (.text:pppNew)
                  83d3dc00    00000440     ti.drv.cppi.ae66 : cppi_drv.oe66 (.text:Cppi_rxChannelOpen)
                  83d3e040    00000440     stk6_ppp_pppoe.ae66 : sock6.oe66 (.text:Sock6New)
                  83d3e480    00000440                         : auth.oe66 (.text:chapInput)
                  83d3e8c0    00000440                         : fileuser.oe66 (.text:fdSelect)
                  83d3ed00    00000440                         : nimupppoe.oe66 (.text:pppoeInputC)
                  83d3f140    00000420     nettool.ae66 : daemon.oe66 (.text:daemon)
                  83d3f560    00000420     ti.drv.pa.ae66 : pa.oe66 (.text:pa_conv_routing_info)
                  83d3f980    00000400     stk6_ppp_pppoe.ae66 : sock6.oe66 (.text:Sock6Get)
                  83d3fd80    00000400                         : sock6.oe66 (.text:Sock6Send)
                  83d40180    00000400     rts6600_elf.lib : wlocale.obj (.text:__sti___11_wlocale_cpp_2cd9943d)
                  83d40580    00000400     os.ae66 : efs.oe66 (.text:efs_filecheck)
                  83d40980    000003e0     stk6_ppp_pppoe.ae66 : ipv6_frag.oe66 (.text:IPv6TxFragPacket)
                  83d40d60    000003c0     ti.drv.cppi.ae66 : cppi_desc.oe66 (.text:Cppi_initDescriptor)
                  83d41120    000003c0     stk6_ppp_pppoe.ae66 : ipv6out.oe66 (.text:IPv6TxPacket)
                  83d414e0    000003c0                         : lli6.oe66 (.text:LLI6TimerCheck)
                  83d418a0    000003c0                         : sock.oe66 (.text:SockSend)
                  83d41c60    000003c0                         : tcp6.oe66 (.text:TCP6TimeoutCheck)
                  83d42020    000003c0                         : tcp.oe66 (.text:TcpTimeoutCheck)
                  83d423e0    000003c0     sysbios.ae66 : BIOS.obj (.text:ti_sysbios_knl_Task_Instance_init__F)
                  83d427a0    000003c0                  : BIOS.obj (.text:ti_sysbios_knl_Task_setPri__E)
                  83d42b60    000003a0     stk6_ppp_pppoe.ae66 : nimu.oe66 (.text:NIMUIoctl)
                  83d42f00    000003a0                         : route.oe66 (.text:RtCreate)
                  83d432a0    000003a0                         : sb.oe66 (.text:SBRead)
                  83d43640    000003a0     rts6600_elf.lib : fputs.obj (.text:fputs)
                  83d439e0    000003a0     stk6_ppp_pppoe.ae66 : auth.oe66 (.text:papInput)
                  83d43d80    00000380                         : icmpv6in.oe66 (.text:ICMPv6RxPacket)
                  83d44100    00000380                         : igmp.oe66 (.text:IGMPInput)
                  83d44480    00000380                         : sock6int.oe66 (.text:Sock6Notify)
                  83d44800    00000380                         : sock.oe66 (.text:SockConnect)
                  83d44b80    00000380                         : sockint.oe66 (.text:SockNotify)
                  83d44f00    00000380     nettool.ae66 : dhcppkt.oe66 (.text:dhcpPacketProcess)
                  83d45280    00000360     stk6_ppp_pppoe.ae66 : icmpv6out.oe66 (.text:ICMPv6SendParameterProblem)
                  83d455e0    00000360                         : ipv6_frag.oe66 (.text:IPv6FragReasm)
                  83d45940    00000360                         : lliout.oe66 (.text:LLITxIpPacket)
                  83d45ca0    00000360     evm_pe66.oe66 (.text:xdc_runtime_System_printfExtend__I)
                  83d46000    00000340     ti.drv.pa.ae66 : painit.oe66 (.text:Pa_create)
                  83d46340    00000340     ti.drv.qmss.ae66 : qmss_drv.oe66 (.text:Qmss_init)
                  83d46680    00000340     os.ae66 : mem.oe66 (.text:mmAlloc)
                  83d469c0    00000340     stk6_ppp_pppoe.ae66 : nimupppoe.oe66 (.text:pppoeSI)
                  83d46d00    00000320     nettool.ae66 : config.oe66 (.text:CfgAddEntry)
                  83d47020    00000320     stk6_ppp_pppoe.ae66 : icmpv6_ndisc.oe66 (.text:ICMPv6RecvRedirect)
                  83d47340    00000320                         : nimupppoe.oe66 (.text:SendServerMsg)
                  83d47660    00000320     rts6600_elf.lib : _printfi.obj (.text:_pproc_fge)
                  83d47980    00000320     nettool.ae66 : telnetd.oe66 (.text:telnet_engine)
                  83d47ca0    00000320     ti.platform.evm6670l.ae66 : evmc66x_uart.obj (.text)
                  83d47fc0    00000300     stk6_ppp_pppoe.ae66 : icmpv6_ndisc.oe66 (.text:ICMPv6RecvNS)
                  83d482c0    00000300                         : icmpv6out.oe66 (.text:ICMPv6SendDstUnreachable)
                  83d485c0    00000300                         : icmpv6out.oe66 (.text:ICMPv6SendTimeExceeded)
                  83d488c0    00000300     netctrl.ae66 : netctrl.oe66 (.text:NetScheduler)
                  83d48bc0    00000300     stk6_ppp_pppoe.ae66 : sock6pcb.oe66 (.text:Sock6PcbBind)
                  83d48ec0    00000300                         : udp6.oe66 (.text:Udp6Input)
                  83d491c0    00000300     nettool.ae66 : inetaddr.oe66 (.text:inet_aton)
                  83d494c0    00000300     platform_osal.obj (.text)
                  83d497c0    00000300     sysbios.ae66 : BIOS.obj (.text:ti_sysbios_family_c64p_Hwi_dispatchC__I)
                  83d49ac0    000002e0     stk6_ppp_pppoe.ae66 : ipv6_frag.oe66 (.text:IPv6FragQEnqueueFrag)
                  83d49da0    000002e0     ti.drv.pa.ae66 : pa.oe66 (.text:Pa_forwardResult)
                  83d4a080    000002e0     stk6_ppp_pppoe.ae66 : route6.oe66 (.text:Rt6Find)
                  83d4a360    000002e0                         : nimupppoe.oe66 (.text:SendClientMsg)
                  83d4a640    000002e0                         : udp.oe66 (.text:UdpOutput)
                  83d4a920    000002e0     rts6600_elf.lib : _printfi.obj (.text:_pproc_fwp)
                  83d4ac00    000002e0     sysbios.ae66 : BIOS.obj (.text:ti_sysbios_heaps_HeapMem_Instance_init__F)
                  83d4aee0    000002c0     stk6_ppp_pppoe.ae66 : bind.oe66 (.text:BindNew)
                  83d4b1a0    000002c0                         : sb6.oe66 (.text:SB6Read)
                  83d4b460    000002c0                         : sock6pcb.oe66 (.text:Sock6PcbResolve)
                  83d4b720    000002c0                         : udp6.oe66 (.text:Udp6Output)
                  83d4b9e0    000002c0                         : nimuppp.oe66 (.text:pppInput)
                  83d4bca0    000002c0     sysbios.ae66 : BIOS.obj (.text:ti_sysbios_knl_Task_exit__E)
                  83d4bf60    000002a0     stk6_ppp_pppoe.ae66 : ipv6_exthdrs.oe66 (.text:IPv6ParseExtnHeaders)
                  83d4c200    000002a0                         : node.oe66 (.text:NodeAdd)
                  83d4c4a0    000002a0                         : route6.oe66 (.text:Rt6Free)
                  83d4c740    000002a0                         : rtable.oe66 (.text:RtFind)
                  83d4c9e0    000002a0                         : sock6pcb.oe66 (.text:Sock6PcbFind)
                  83d4cc80    000002a0                         : sock.oe66 (.text:SockClose)
                  83d4cf20    000002a0                         : tcp6prot.oe66 (.text:TCP6PrSetOption)
                  83d4d1c0    000002a0                         : tcpprot.oe66 (.text:TcpPrSetOption)
                  83d4d460    000002a0     rts6600_elf.lib : _printfi.obj (.text:fcvt)
                  83d4d700    000002a0     sysbios.ae66 : BIOS.obj (.text:ti_sysbios_knl_Clock_workFunc__E)
                  83d4d9a0    000002a0                  : BIOS.obj (.text:ti_sysbios_knl_Task_sleep__E)
                  83d4dc40    00000280     nettool.ae66 : dhcpmain.oe66 (.text:DHCPOpen)
                  83d4dec0    00000280     stk6_ppp_pppoe.ae66 : icmp.oe66 (.text:ICMPGenPacket)
                  83d4e140    00000280                         : icmpv6in.oe66 (.text:ICMPv6RecvEchoRequest)
                  83d4e3c0    00000280                         : lli6.oe66 (.text:LLI6NeighUnreachStateMachine)
                  83d4e640    00000280                         : sockpcb.oe66 (.text:SockPcbResolve)
                  83d4e8c0    00000280                         : tcp6out.oe66 (.text:TCP6GenPacket)
                  83d4eb40    00000280     sysbios.ae66 : BIOS.obj (.text:deviceConfig$47)
                  83d4edc0    00000280     rts6600_elf.lib : _printfi.obj (.text:ecvt)
                  83d4f040    00000280     stk6_ppp_pppoe.ae66 : ipcp.oe66 (.text:ipcpSendCfg)
                  83d4f2c0    00000280                         : lcp.oe66 (.text:lcpSendCfg)
                  83d4f540    00000280     sysbios.ae66 : BIOS.obj (.text:ti_sysbios_knl_Clock_Instance_init__F)
                  83d4f7c0    00000280     ti.targets.rts6000.ae66 : Core-mem.oe66 (.text:xdc_runtime_Core_createObject__I)
                  83d4fa40    00000280                             : Error.oe66 (.text:xdc_runtime_Error_raiseX__F)
                  83d4fcc0    00000260     stk6_ppp_pppoe.ae66 : icmpv6_ndisc.oe66 (.text:ICMPv6SendNA)
                  83d4ff20    00000260                         : icmpv6_ndisc.oe66 (.text:ICMPv6SendNS)
                  83d50180    00000260                         : lli6.oe66 (.text:LLI6TxIPPacket)
                  83d503e0    00000260                         : nimu.oe66 (.text:NIMUReceivePacket)
                  83d50640    00000260                         : rawethsock.oe66 (.text:RawEthSockSet)
                  83d508a0    00000260                         : sb6.oe66 (.text:SB6Write)
                  83d50b00    00000260                         : sb.oe66 (.text:SBWrite)
                  83d50d60    00000260                         : sock6.oe66 (.text:Sock6Close)
                  83d50fc0    00000260                         : sockpcb.oe66 (.text:SockPcbBind)
                  83d51220    00000260     rts6600_elf.lib : wiostrea.obj (.text:_ZNSt6_WinitD1Ev)
                  83d51480    00000260                     : iostream.obj (.text:__sti___12_iostream_cpp_3a72482d)
                  83d516e0    00000260                     : wiostrea.obj (.text:__sti___12_wiostrea_cpp_2cd9943d)
                  83d51940    00000260     nettool.ae66 : httppars.oe66 (.text:httpParseRecv)
                  83d51ba0    00000260     ti.targets.rts6000.ae66 : Startup.oe66 (.text:xdc_runtime_Startup_startMods__I)
                  83d51e00    00000240     ti.drv.cppi.ae66 : cppi_drv.oe66 (.text:Cppi_open)
                  83d52040    00000240     nettool.ae66 : daemon.oe66 (.text:DaemonNew)
                  83d52280    00000240     ti.drv.pa.ae66 : pa.oe66 (.text:Pa_resetControl)
                  83d524c0    00000240     stk6_ppp_pppoe.ae66 : pipe.oe66 (.text:PipeRecv)
                  83d52700    00000240                         : raw.oe66 (.text:RawInput)
                  83d52940    00000240     rts6600_elf.lib : iostream.obj (.text:_ZNSt13basic_filebufIcSt11char_traitsIcEE5imbueERKSt6locale)
                  83d52b80    00000240                     : wiostrea.obj (.text:_ZNSt13basic_filebufIwSt11char_traitsIwEE5imbueERKSt6locale)
                  83d52dc0    00000240                     : imath64.obj (.text:__c6xabi_divull)
                  83d53000    00000240                     : _printfi.obj (.text:_pconv_e)
                  83d53240    00000240                     : _printfi.obj (.text:_pproc_diouxp)
                  83d53480    00000240     nettool.ae66 : dhcpsm.oe66 (.text:dhcpIPAdd)
                  83d536c0    00000240                  : dhcpsm.oe66 (.text:dhcpState)
                  83d53900    00000240     sysbios.ae66 : BIOS.obj (.text:ti_sysbios_family_c64p_Exception_internalHandler__I)
                  83d53b40    00000240                  : BIOS.obj (.text:ti_sysbios_knl_Semaphore_post__E)
                  83d53d80    00000240     ti.targets.rts6000.ae66 : LoggerBuf.oe66 (.text:xdc_runtime_LoggerBuf_write8__F)
                  83d53fc0    00000220     stk6_ppp_pppoe.ae66 : bind6.oe66 (.text:Bind6RunDAD)
                  83d541e0    00000220                         : icmpv6_ndisc.oe66 (.text:ICMPv6RecvNA)
                  83d54400    00000220                         : igmp.oe66 (.text:IGMPJoinHostGroup)
                  83d54620    00000220                         : ipv6in.oe66 (.text:IPv6RxPacket)
                  83d54840    00000220                         : rawethsock.oe66 (.text:RawEthSockNew)
                  83d54a60    00000220                         : sockpcb.oe66 (.text:SockPcbFind)
                  83d54c80    00000220     rts6600_elf.lib : locale0.obj (.text:_ZNSs6assignERKSsjj)
                  83d54ea0    00000220                     : _printfi.obj (.text:_pproc_str)
                  83d550c0    00000220     nettool.ae66 : dhcppkt.oe66 (.text:dhcpVerifyMessage)
                  83d552e0    00000220     rts6600_elf.lib : fputc.obj (.text:fputc)
                  83d55500    00000220     nettool.ae66 : httpclie.oe66 (.text:httpGetAuthParams)
                  83d55720    00000220     sysbios.ae66 : BIOS.obj (.text:ti_sysbios_knl_Swi_run__I)
                  83d55940    00000220                  : BIOS.obj (.text:ti_sysbios_knl_Task_schedule__I)
                  83d55b60    00000220                  : BIOS.obj (.text:ti_sysbios_knl_Task_startCore__E)
                  83d55d80    00000200     stk6_ppp_pppoe.ae66 : ipv6_frag.oe66 (.text:IPv6ParseFragHdr)
                  83d55f80    00000200                         : lli6.oe66 (.text:LLI6New)
                  83d56180    00000200     ti.drv.qmss.ae66 : qmss_drv.oe66 (.text:Qmss_internalQueueOpen)
                  83d56380    00000200                      : qmss_acc.oe66 (.text:Qmss_programAccumulator)
                  83d56580    00000200     stk6_ppp_pppoe.ae66 : rtc.oe66 (.text:RTCReport)
                  83d56780    00000200                         : raw6.oe66 (.text:Raw6Output)
                  83d56980    00000200                         : rawethsock.oe66 (.text:RawEthSockGet)
                  83d56b80    00000200     rts6600_elf.lib : _printfi.obj (.text:_pconv_g)
                  83d56d80    00000200     sysbios.ae66 : c64p_Hwi_disp_always.obj (.text:_ti_sysbios_family_c64p_Hwi_dispatchAlways)
                  83d56f80    00000200     stk6_ppp_pppoe.ae66 : socket.oe66 (.text:accept)
                  83d57180    00000200     sysbios.ae66 : BIOS.obj (.text:block$59)
                  83d57380    00000200     ti.drv.cppi.ae66 : cppi_heap.oe66 (.text:cppi_internal_heap_add)
                  83d57580    00000200     stk6_ppp_pppoe.ae66 : nimupppoe.oe66 (.text:pppoeCtrlMsg)
                  83d57780    00000200     rts6600_elf.lib : setvbuf.obj (.text:setvbuf)
                  83d57980    000001e0     stk6_ppp_pppoe.ae66 : igmp.oe66 (.text:IGMPSendReply)
                  83d57b60    000001e0                         : route6.oe66 (.text:Rt6Modify)
                  83d57d40    000001e0                         : sock6pcb.oe66 (.text:Sock6PcbFindRaw)
                  83d57f20    000001e0                         : tcpout.oe66 (.text:TcpGenPacket)
                  83d58100    000001e0                         : auth.oe66 (.text:chapSendMsg)
                  83d582e0    000001e0     ti.csl.intc.ae66 : _csl_intcDispatcher.oe66 (.text:csl_section:intc:_CSL_intcDispatcher)
                  83d584c0    000001e0     nettool.ae66 : dhcpsock.oe66 (.text:dhcpSocketOpen)
                  83d586a0    000001e0     stk6_ppp_pppoe.ae66 : socket.oe66 (.text:sendto)
                  83d58880    000001e0     sysbios.ae66 : BIOS.obj (.text:ti_sysbios_knl_Task_postInit__I)
                  83d58a60    000001e0                  : BIOS.obj (.text:ti_sysbios_timers_timer64_Timer_getFreq__E)
                  83d58c40    000001c0     nettool.ae66 : config.oe66 (.text:CfgExecute)
                  83d58e00    000001c0     ti.drv.cppi.ae66 : cppi_drv.oe66 (.text:Cppi_channelClose)
                  83d58fc0    000001c0                      : cppi_drv.oe66 (.text:Cppi_initCfg)
                  83d59180    000001c0     stk6_ppp_pppoe.ae66 : ip.oe66 (.text:IPGetRoute)
                  83d59340    000001c0                         : ipv6_exthdrs.oe66 (.text:IPv6ParseHopOptions)
                  83d59500    000001c0                         : lliout.oe66 (.text:LLIGenArpPacket)
                  83d596c0    000001c0     ti.drv.qmss.ae66 : qmss_drv.oe66 (.text:Qmss_internaldownloadFirmware)
                  83d59880    000001c0     netctrl.ae66 : netsrv.oe66 (.text:SPIpNet)
                  83d59a40    000001c0     stk6_ppp_pppoe.ae66 : tcptime.oe66 (.text:TcpTimeoutRexmt)
                  83d59c00    000001c0                         : lli.oe66 (.text:_LLITimeoutCheck)
                  83d59dc0    000001c0     rts6600_elf.lib : string.obj (.text:_ZNKSt12_String_base5_XranEv)
                  83d59f80    000001c0                     : _printfi.obj (.text:_mcpy)
                  83d5a140    000001c0     nettool.ae66 : dhcpbild.oe66 (.text:dhcpBuildHeader)
                  83d5a300    000001c0     stk6_ppp_pppoe.ae66 : fileuser.oe66 (.text:fdClose)
                  83d5a4c0    000001c0     sysbios.ae66 : BIOS.obj (.text:ti_sysbios_knl_Task_checkStacks__E)
                  83d5a680    000001c0                  : BIOS.obj (.text:ti_sysbios_timers_timer64_Timer_setPeriodMicroSecs__E)
                  83d5a840    000001a0     stk6_ppp_pppoe.ae66 : bind6.oe66 (.text:Bind6Msg)
                  83d5a9e0    000001a0     nettool.ae66 : config.oe66 (.text:CfgRemoveEntry)
                  83d5ab80    000001a0     rts6600_elf.lib : trgdrv.obj (.text:HOSTrename)
                  83d5ad20    000001a0     stk6_ppp_pppoe.ae66 : icmpin.oe66 (.text:ICMPRevSrcRoute)
                  83d5aec0    000001a0                         : ipv6_frag.oe66 (.text:IPv6FragMsg)
                  83d5b060    000001a0                         : ipv6_exthdrs.oe66 (.text:IPv6ParseRoutingHdr)
                  83d5b200    000001a0     netctrl.ae66 : netctrl.oe66 (.text:NC_NetStart)
                  83d5b3a0    000001a0     stk6_ppp_pppoe.ae66 : node.oe66 (.text:NodeTreeFree)
                  83d5b540    000001a0     ti.drv.pa.ae66 : pa.oe66 (.text:Pa_downloadImage)
                  83d5b6e0    000001a0     stk6_ppp_pppoe.ae66 : raw6.oe66 (.text:Raw6Input)
                  83d5b880    000001a0                         : route6.oe66 (.text:Route6LifetimeMgmt)
                  83d5ba20    000001a0                         : sockint.oe66 (.text:SockCreatePacket)
                  83d5bbc0    000001a0     nettool.ae66 : dhcpsm.oe66 (.text:StateRenewRebind)
                  83d5bd60    000001a0     stk6_ppp_pppoe.ae66 : tcp6time.oe66 (.text:TCP6TimeoutRexmt)
                  83d5bf00    000001a0     rts6600_elf.lib : xlocinfo.obj (.text:_Getctyptab)
                  83d5c0a0    000001a0                     : wiostrea.obj (.text:_ZNKSt7codecvtIwciE5do_inERiPKcS3_RS3_PwS5_RS5_)
                  83d5c240    000001a0                     : iostream.obj (.text:_ZNSt13basic_filebufIcSt11char_traitsIcEE7seekoffElNSt5_IosbIiE8_SeekdirENS4_9_OpenmodeE)
                  83d5c3e0    000001a0                     : wiostrea.obj (.text:_ZNSt13basic_filebufIwSt11char_traitsIwEE7seekoffElNSt5_IosbIiE8_SeekdirENS4_9_OpenmodeE)
                  83d5c580    000001a0                     : iostream.obj (.text:_ZNSt8ios_base4InitD1Ev)
                  83d5c720    000001a0                     : imath40.obj (.text:__c6xabi_divul)
                  83d5c8c0    000001a0     nettool.ae66 : dhcptags.oe66 (.text:dhcpBuildOptions)
                  83d5ca60    000001a0     stk6_ppp_pppoe.ae66 : socket.oe66 (.text:getpeername)
                  83d5cc00    000001a0     nettool.ae66 : telnetd.oe66 (.text:telnet_termdata)
                  83d5cda0    000001a0     sysbios.ae66 : BIOS.obj (.text:ti_sysbios_gates_GateMutex_enter__E)
                  83d5cf40    000001a0                  : BIOS.obj (.text:ti_sysbios_timers_timer64_Timer_start__E)
                  83d5d0e0    000001a0     ti.targets.rts6000.ae66 : LoggerBuf.oe66 (.text:xdc_runtime_LoggerBuf_write4__F)
                  83d5d280    00000180     stk6_ppp_pppoe.ae66 : bind6.oe66 (.text:Bind6GetGlobalAddress)
                  83d5d400    00000180                         : igmp.oe66 (.text:IGMPMsg)
                  83d5d580    00000180                         : nimu.oe66 (.text:NIMURegister)
                  83d5d700    00000180     netctrl.ae66 : netsrv.oe66 (.text:ServiceScan)
                  83d5d880    00000180                  : netsrv.oe66 (.text:ServiceSpawn)
                  83d5da00    00000180     nettool.ae66 : dhcpsm.oe66 (.text:StateBound)
                  83d5db80    00000180     rts6600_elf.lib : wiostrea.obj (.text:_ZNKSt5ctypeIwE10do_toupperEPwPKw)
                  83d5dd00    00000180                     : wiostrea.obj (.text:_ZNKSt7codecvtIwciE6do_outERiPKwS3_RS3_PcS5_RS5_)
                  83d5de80    00000180                     : iostream.obj (.text:_ZNSt13basic_filebufIcSt11char_traitsIcEE7seekposESt4fposIiENSt5_IosbIiE9_OpenmodeE)
                  83d5e000    00000180                     : wiostrea.obj (.text:_ZNSt13basic_filebufIwSt11char_traitsIwEE7seekposESt4fposIiENSt5_IosbIiE9_OpenmodeE)
                  83d5e180    00000180                     : wiostrea.obj (.text:_ZSt9use_facetISt5ctypeIwEERKT_RKSt6locale)
                  83d5e300    00000180                     : copy_decompress_rle.obj (.text:__TI_decompress_rle_core)
                  83d5e480    00000180     stk6_ppp_pppoe.ae66 : socket.oe66 (.text:bind)
                  83d5e600    00000180                         : socket.oe66 (.text:connect)
                  83d5e780    00000180     nettool.ae66 : dhcpbild.oe66 (.text:dhcpBuildRequest)
                  83d5e900    00000180     os.ae66 : task.oe66 (.text:llEnter)
                  83d5ea80    00000180     stk6_ppp_pppoe.ae66 : auth.oe66 (.text:papSendCfg)
                  83d5ec00    00000180     sysbios.ae66 : c64p_Exception_asm.obj (.text)
                  83d5ed80    00000180                  : BIOS.obj (.text:ti_sysbios_knl_Swi_schedule__I)
                  83d5ef00    00000180                  : BIOS.obj (.text:ti_sysbios_knl_Task_unblockI__E)
                  83d5f080    00000180     ti.targets.rts6000.ae66 : Text.oe66 (.text:xdc_runtime_Text_putSite__F)
                  83d5f200    00000160     nettool.ae66 : config.oe66 (.text:CfgGetEntry)
                  83d5f360    00000160                  : config.oe66 (.text:CfgGetNextEntry)
                  83d5f4c0    00000160     os.ae66 : ossys.oe66 (.text:DbgPrintf)
                  83d5f620    00000160     stk6_ppp_pppoe.ae66 : igmp.oe66 (.text:IGMPDoMCast)
                  83d5f780    00000160                         : nimu.oe66 (.text:NIMUIoctlSpecialCmd)
                  83d5f8e0    00000160                         : pbm.oe66 (.text:PBM_free)
                  83d5fa40    00000160                         : nimuppp.oe66 (.text:PPPStop)
                  83d5fba0    00000160                         : pipe.oe66 (.text:PipeSend)
                  83d5fd00    00000160                         : raw.oe66 (.text:RawOutput)
                  83d5fe60    00000160                         : rtable.oe66 (.text:RtTimeoutCheck)
                  83d5ffc0    00000160                         : rtable.oe66 (.text:RtWalkNext)
                  83d60120    00000160     netctrl.ae66 : netsrv.oe66 (.text:SPRoute)
                  83d60280    00000160     stk6_ppp_pppoe.ae66 : sock6.oe66 (.text:Sock6Check)
                  83d603e0    00000160                         : sock6int.oe66 (.text:Sock6CreatePacket)
                  83d60540    00000160                         : sock6pcb.oe66 (.text:Sock6PcbConnect)
                  83d606a0    00000160                         : sock.oe66 (.text:SockCheck)
                  83d60800    00000160                         : sockpcb.oe66 (.text:SockPcbConnect)
                  83d60960    00000160     nettool.ae66 : dhcpsm.oe66 (.text:StateRequesting)
                  83d60ac0    00000160     stk6_ppp_pppoe.ae66 : tcp6time.oe66 (.text:TCP6TimeoutKeep)
                  83d60c20    00000160                         : tcptime.oe66 (.text:TcpTimeoutKeep)
                  83d60d80    00000160     rts6600_elf.lib : string.obj (.text:_ZNKSt12_String_base5_XlenEv)
                  83d60ee0    00000160                     : locale0.obj (.text:_ZNSs6assignEPKcj)
                  83d61040    00000160                     : iostream.obj (.text:_ZNSt13basic_filebufIcSt11char_traitsIcEE9pbackfailEi)
                  83d611a0    00000160                     : iostream.obj (.text:_ZNSt13basic_filebufIcSt11char_traitsIcEED0Ev)
                  83d61300    00000160                     : wiostrea.obj (.text:_ZNSt13basic_filebufIwSt11char_traitsIwEE9pbackfailEj)
                  83d61460    00000160                     : wiostrea.obj (.text:_ZNSt13basic_filebufIwSt11char_traitsIwEED0Ev)
                  83d615c0    00000160                     : iostream.obj (.text:_ZNSt9basic_iosIcSt11char_traitsIcEE4initEPSt15basic_streambufIcS1_Eb)
                  83d61720    00000160                     : wiostrea.obj (.text:_ZNSt9basic_iosIwSt11char_traitsIwEE4initEPSt15basic_streambufIwS1_Eb)
                  83d61880    00000160                     : iostream.obj (.text:_ZSt9use_facetISt5ctypeIcEERKT_RKSt6locale)
                  83d619e0    00000160     stk6_ppp_pppoe.ae66 : auth.oe66 (.text:authInit)
                  83d61b40    00000160                         : socket.oe66 (.text:getsockopt)
                  83d61ca0    00000160     nettool.ae66 : httpclie.oe66 (.text:httpExtractTag)
                  83d61e00    00000160                  : httpsend.oe66 (.text:httpSendErrorHTML)
                  83d61f60    00000160     stk6_ppp_pppoe.ae66 : socket.oe66 (.text:setsockopt)
                  83d620c0    00000160     nettool.ae66 : telnetd.oe66 (.text:telnetClientProcess)
                  83d62220    00000140     stk6_ppp_pppoe.ae66 : bind6.oe66 (.text:Bind6DADCheck)
                  83d62360    00000140                         : bind6.oe66 (.text:Bind6Free)
                  83d624a0    00000140     ti.csl.ae66 : csl_chip.oe66 (.text:CSL_chipReadReg)
                  83d625e0    00000140     stk6_ppp_pppoe.ae66 : exec.oe66 (.text:ExecOpen)
                  83d62720    00000140                         : icmp.oe66 (.text:ICMPSendRtAdv)
                  83d62860    00000140                         : igmp.oe66 (.text:IGMPJoin)
                  83d629a0    00000140                         : ipv6.oe66 (.text:IPv6DisplayIPAddress)
                  83d62ae0    00000140                         : lli6.oe66 (.text:LLI6Find)
                  83d62c20    00000140                         : lli.oe66 (.text:LLINew)
                  83d62d60    00000140                         : node.oe66 (.text:NodeFind)
                  83d62ea0    00000140                         : node.oe66 (.text:NodeWalk)
                  83d62fe0    00000140                         : pbm.oe66 (.text:PBM_alloc)
                  83d63120    00000140                         : rtable.oe66 (.text:RtFlush)
                  83d63260    00000140                         : sb6.oe66 (.text:SB6New)
                  83d633a0    00000140     netctrl.ae66 : netsrv.oe66 (.text:ServiceKill)
                  83d634e0    00000140     stk6_ppp_pppoe.ae66 : sock6.oe66 (.text:Sock6Accept)
                  83d63620    00000140                         : sock6.oe66 (.text:Sock6Listen)
                  83d63760    00000140                         : sock.oe66 (.text:SockAccept)
                  83d638a0    00000140                         : sock.oe66 (.text:SockListen)
                  83d639e0    00000140                         : sockpcb.oe66 (.text:SockPcbCtlError)
                  83d63b20    00000140                         : tcp6prot.oe66 (.text:TCP6PrGetOption)
                  83d63c60    00000140                         : tcpprot.oe66 (.text:TcpPrGetOption)
                  83d63da0    00000140     rts6600_elf.lib : iostream.obj (.text:_ZNSs5_CopyEjj)
                  83d63ee0    00000140                     : iostream.obj (.text:_ZNSt13basic_filebufIcSt11char_traitsIcEE6setbufEPci)
                  83d64020    00000140                     : iostream.obj (.text:_ZNSt13basic_filebufIcSt11char_traitsIcEED1Ev)
                  83d64160    00000140                     : wiostrea.obj (.text:_ZNSt13basic_filebufIwSt11char_traitsIwEED1Ev)
                  83d642a0    00000140                     : locale0.obj (.text:_ZNSt6locale5_InitEv)
                  83d643e0    00000140                     : locale0.obj (.text:_ZNSt6locale7_LocimpD1Ev)
                  83d64520    00000140                     : locale0.obj (.text:_ZNSt8_LocinfoC1EPKc)
                  83d64660    00000140     boot.ae66 : autoinit.oe66 (.text:_auto_init_elf)
                  83d647a0    00000140     rts6600_elf.lib : _printfi.obj (.text:_pproc_fflags)
                  83d648e0    00000140     stk6_ppp_pppoe.ae66 : auth.oe66 (.text:authGetPassword)
                  83d64a20    00000140     ti.csl.intc.ae66 : csl_intcInit.oe66 (.text:csl_section:intc:CSL_intcInit)
                  83d64b60    00000140                      : _csl_intcIntrEnDisRes.oe66 (.text:csl_section:intc)
                  83d64ca0    00000140     nettool.ae66 : dhcptags.oe66 (.text:dhcpDecodeType)
                  83d64de0    00000140     rts6600_elf.lib : fgetc.obj (.text:fgetc)
                  83d64f20    00000140                     : lowlev.obj (.text:getdevice)
                  83d65060    00000140     nettool.ae66 : httpsend.oe66 (.text:httpAuthenticationReq)
                  83d651a0    00000140     os.ae66 : mem.oe66 (.text:mmCopy)
                  83d652e0    00000140     rts6600_elf.lib : perror.obj (.text:perror)
                  83d65420    00000140     stk6_ppp_pppoe.ae66 : socket.oe66 (.text:recv)
                  83d65560    00000140                         : socket.oe66 (.text:send)
                  83d656a0    00000140                         : socket.oe66 (.text:shutdown)
                  83d657e0    00000140     sysbios.ae66 : BIOS.obj (.text:ti_sysbios_family_c64p_Hwi_Module_startup__F)
                  83d65920    00000140                  : BIOS.obj (.text:ti_sysbios_family_c66_Cache_Module_startup__F)
                  83d65a60    00000140                  : BIOS.obj (.text:ti_sysbios_knl_Clock_Instance_finalize__F)
                  83d65ba0    00000140                  : BIOS.obj (.text:ti_sysbios_knl_Semaphore_Instance_init__F)
                  83d65ce0    00000140                  : BIOS.obj (.text:ti_sysbios_knl_Swi_post__E)
                  83d65e20    00000140                  : BIOS.obj (.text:ti_sysbios_knl_Task_blockI__E)
                  83d65f60    00000140     rts6600_elf.lib : ungetc.obj (.text:ungetc)
                  83d660a0    00000120     stk6_ppp_pppoe.ae66 : bind6.oe66 (.text:Bind6LifetimeMgmt)
                  83d661c0    00000120                         : bind.oe66 (.text:BindFree)
                  83d662e0    00000120     nettool.ae66 : config.oe66 (.text:CfgFree)
                  83d66400    00000120                  : daemon.oe66 (.text:DaemonFree)
                  83d66520    00000120     stk6_ppp_pppoe.ae66 : file.oe66 (.text:FdWaitEvent)
                  83d66640    00000120                         : igmp.oe66 (.text:IGMPLeaveHostGroup)
                  83d66760    00000120                         : ip.oe66 (.text:IPMsg)
                  83d66880    00000120                         : ipin.oe66 (.text:IPRouteIP)
                  83d669a0    00000120                         : ipv6_frag.oe66 (.text:IPv6CreateFragQ)
                  83d66ac0    00000120                         : ipv6.oe66 (.text:IPv6Init)
                  83d66be0    00000120                         : icmpv6out.oe66 (.text:IsICMPv6ErrorPkt)
                  83d66d00    00000120                         : md5.oe66 (.text:MD5Update)
                  83d66e20    00000120                         : mld.oe66 (.text:MLDJoinGroup)
                  83d66f40    00000120     netctrl.ae66 : netctrl.oe66 (.text:NC_SystemOpen)
                  83d67060    00000120     stk6_ppp_pppoe.ae66 : nimu.oe66 (.text:NIMUAddEthernetHeader)
                  83d67180    00000120     ti.drv.qmss.ae66 : qmss_acc.oe66 (.text:Qmss_disableAccumulator)
                  83d672a0    00000120     stk6_ppp_pppoe.ae66 : raweth.oe66 (.text:RawEthRxPacket)
                  83d673c0    00000120                         : raweth.oe66 (.text:RawEthTxPacket)
                  83d674e0    00000120                         : sb.oe66 (.text:SBNew)
                  83d67600    00000120     netctrl.ae66 : netsrv.oe66 (.text:SPConfig)
                  83d67720    00000120                  : netsrv.oe66 (.text:SPService)
                  83d67840    00000120     stk6_ppp_pppoe.ae66 : sock6.oe66 (.text:Sock6Disconnect)
                  83d67960    00000120                         : sock6.oe66 (.text:Sock6Shutdown)
                  83d67a80    00000120                         : sockpcb.oe66 (.text:SockPcbFindRaw)
                  83d67ba0    00000120                         : sock.oe66 (.text:SockShutdown)
                  83d67cc0    00000120                         : tcp6prot.oe66 (.text:TCP6PrAttach)
                  83d67de0    00000120                         : tcpprot.oe66 (.text:TcpPrAttach)
                  83d67f00    00000120     nettool.ae66 : telnetd.oe66 (.text:TelnetOpen)
                  83d68020    00000120     stk6_ppp_pppoe.ae66 : rtable.oe66 (.text:_RtNodeInsert)
                  83d68140    00000120     rts6600_elf.lib : wiostrea.obj (.text:_ZNKSt5ctypeIwE5do_isEPKwS2_Ps)
                  83d68260    00000120                     : wiostrea.obj (.text:_ZNKSt5ctypeIwE9do_narrowEPKwS2_cPc)
                  83d68380    00000120                     : wiostrea.obj (.text:_ZNKSt7codecvtIwciE9do_lengthERKiPKcS4_j)
                  83d684a0    00000120                     : wiostrea.obj (.text:_ZNSt13basic_filebufIwSt11char_traitsIwEE6setbufEPwi)
                  83d685c0    00000120                     : wiostrea.obj (.text:_ZNSt15basic_streambufIwSt11char_traitsIwEE6xsgetnEPwi)
                  83d686e0    00000120                     : locale0.obj (.text:_ZNSt8_LocinfoD1Ev)
                  83d68800    00000120                     : _bufread.obj (.text:_buff_read)
                  83d68920    00000120                     : fclose.obj (.text:_closefile)
                  83d68a40    00000120                     : _printfi.obj (.text:_ltostr)
                  83d68b60    00000120     os.ae66 : mem.oe66 (.text:_mmInit)
                  83d68c80    00000120     nettool.ae66 : daemon.oe66 (.text:dchild)
                  83d68da0    00000120     stk6_ppp_pppoe.ae66 : fileuser.oe66 (.text:fdOpenSession)
                  83d68ec0    00000120     rts6600_elf.lib : fseek.obj (.text:fseek)
                  83d68fe0    00000120                     : ftell.obj (.text:ftell)
                  83d69100    00000120     nettool.ae66 : http.oe66 (.text:httpOpen)
                  83d69220    00000120                  : httpsend.oe66 (.text:httpSendStatusLine)
                  83d69340    00000120     stk6_ppp_pppoe.ae66 : lcp.oe66 (.text:lcpOpen)
                  83d69460    00000120                         : lcp.oe66 (.text:lcpReject)
                  83d69580    00000120                         : socket.oe66 (.text:socket)
                  83d696a0    00000120     ti.targets.rts6000.ae66 : LoggerBuf.oe66 (.text:xdc_runtime_LoggerBuf_setFilterLevel__F)
                  83d697c0    00000120                             : Text.oe66 (.text:xdc_runtime_Text_putLab__F)
                  83d698e0    00000100     nettool.ae66 : config.oe66 (.text:CfgNew)
                  83d699e0    00000100                  : config.oe66 (.text:CfgSetExecuteOrder)
                  83d69ae0    00000100     rts6600_elf.lib : trgdrv.obj (.text:HOSTlseek)
                  83d69be0    00000100     stk6_ppp_pppoe.ae66 : igmp.oe66 (.text:IGMPTimer)
                  83d69ce0    00000100                         : ipv6.oe66 (.text:IPv6GetSubnetMaskFromBits)
                  83d69de0    00000100                         : ipv6_frag.oe66 (.text:IPv6ReasmTimeout)
                  83d69ee0    00000100                         : rtc.oe66 (.text:RTCMsg)
                  83d69fe0    00000100                         : rawethsock.oe66 (.text:RawEthSockCheck)
                  83d6a0e0    00000100                         : route.oe66 (.text:RtRedirect)
                  83d6a1e0    00000100                         : sockint.oe66 (.text:SockValidateRoute)
                  83d6a2e0    00000100     nettool.ae66 : dhcpsm.oe66 (.text:StateSelecting)
                  83d6a3e0    00000100     stk6_ppp_pppoe.ae66 : tcp6prot.oe66 (.text:TCP6PrInherit)
                  83d6a4e0    00000100                         : tcp6time.oe66 (.text:TCP6XmitTimer)
                  83d6a5e0    00000100                         : tcpprot.oe66 (.text:TcpPrInherit)
                  83d6a6e0    00000100                         : tcptime.oe66 (.text:TcpXmitTimer)
                  83d6a7e0    00000100                         : rtable.oe66 (.text:_RtNodeRemove)
                  83d6a8e0    00000100     rts6600_elf.lib : iostream.obj (.text:_ZNSt15basic_streambufIcSt11char_traitsIcEE6xsgetnEPci)
                  83d6a9e0    00000100                     : iostream.obj (.text:_ZNSt15basic_streambufIcSt11char_traitsIcEE6xsputnEPKci)
                  83d6aae0    00000100                     : wiostrea.obj (.text:_ZNSt15basic_streambufIwSt11char_traitsIwEE6xsputnEPKwi)
                  83d6abe0    00000100                     : _io_perm.obj (.text:_wrt_ok)
                  83d6ace0    00000100     stk6_ppp_pppoe.ae66 : file.oe66 (.text:fdint_unlockfd)
                  83d6ade0    00000100     sysbios.ae66 : BIOS.obj (.text:initDevice$47)
                  83d6aee0    00000100     stk6_ppp_pppoe.ae66 : socket.oe66 (.text:listen)
                  83d6afe0    00000100     os.ae66 : mem.oe66 (.text:mmFree)
                  83d6b0e0    00000100     stk6_ppp_pppoe.ae66 : nimuppp.oe66 (.text:pppAddClient)
                  83d6b1e0    00000100     sysbios.ae66 : BIOS.obj (.text:ti_sysbios_family_c64p_EventCombiner_dispatch__F)
                  83d6b2e0    00000100                  : BIOS.obj (.text:ti_sysbios_knl_Clock_startI__E)
                  83d6b3e0    00000100                  : BIOS.obj (.text:ti_sysbios_knl_Swi_restoreHwi__E)
                  83d6b4e0    00000100     stk6_ppp_pppoe.ae66 : lliin.oe66 (.text:updateRtTable)
                  83d6b5e0    00000100     ti.targets.rts6000.ae66 : Core-mem.oe66 (.text:xdc_runtime_Core_deleteObject__I)
                  83d6b6e0    00000100                             : LoggerBuf.oe66 (.text:xdc_runtime_LoggerBuf_getFilterLevel__F)
                  83d6b7e0    00000100                             : Startup.oe66 (.text:xdc_runtime_Startup_exec__F)
                  83d6b8e0    00000100                             : Text.oe66 (.text:xdc_runtime_Text_putMod__F)
                  83d6b9e0    00000100                             : Text.oe66 (.text:xdc_runtime_Text_visitRope2__I)
                  83d6bae0    000000e0     stk6_ppp_pppoe.ae66 : bind6.oe66 (.text:Bind6GetLinkLocalAddress)
                  83d6bbc0    000000e0     nettool.ae66 : config.oe66 (.text:CfgGetEntryCnt)
                  83d6bca0    000000e0                  : dhcpmain.oe66 (.text:DHCPClose)
                  83d6bd80    000000e0     rts6600_elf.lib : trgdrv.obj (.text:HOSTopen)
                  83d6be60    000000e0     stk6_ppp_pppoe.ae66 : igmp.oe66 (.text:IGMPLeave)
                  83d6bf40    000000e0                         : ipv6_frag.oe66 (.text:IPv6FindFragQ)
                  83d6c020    000000e0                         : lli6.oe66 (.text:LLI6Msg)
                  83d6c100    000000e0                         : lli6.oe66 (.text:LLI6Update)
                  83d6c1e0    000000e0                         : mld.oe66 (.text:MLDFindMulticastNode)
                  83d6c2c0    000000e0                         : nimu.oe66 (.text:NIMUAllocateIndex)
                  83d6c3a0    000000e0                         : nimu.oe66 (.text:NIMUAllocateName)
                  83d6c480    000000e0                         : node.oe66 (.text:NodeDeRef)
                  83d6c560    000000e0                         : node.oe66 (.text:NodeNew)
                  83d6c640    000000e0                         : node.oe66 (.text:NodeTreeNew)
                  83d6c720    000000e0                         : pbm.oe66 (.text:PBMQ_enq)
                  83d6c800    000000e0                         : pbm.oe66 (.text:PBM_copy)
                  83d6c8e0    000000e0                         : rawethsock.oe66 (.text:RawEthSockNotify)
                  83d6c9c0    000000e0                         : rawethsock_pcb.oe66 (.text:RawEthSockPcbAttach)
                  83d6caa0    000000e0                         : rawethsock.oe66 (.text:RawEthSockSend)
                  83d6cb80    000000e0                         : route6.oe66 (.text:Route6Msg)
                  83d6cc60    000000e0                         : route.oe66 (.text:RtDeRef)
                  83d6cd40    000000e0                         : route.oe66 (.text:RtRemove)
                  83d6ce20    000000e0                         : sb.oe66 (.text:SBSetMax)
                  83d6cf00    000000e0                         : sock6int.oe66 (.text:Sock6SpawnAbort)
                  83d6cfe0    000000e0                         : sock6int.oe66 (.text:Sock6ValidateRoute)
                  83d6d0c0    000000e0                         : sock.oe66 (.text:SockDisconnect)
                  83d6d1a0    000000e0                         : sockint.oe66 (.text:SockSpawnAbort)
                  83d6d280    000000e0                         : tcp6prot.oe66 (.text:TCP6PrDetach)
                  83d6d360    000000e0                         : tcp6prot.oe66 (.text:TCP6PrDisconnect)
                  83d6d440    000000e0                         : tcp6prot.oe66 (.text:TCP6ValidateMetrics)
                  83d6d520    000000e0                         : tcpprot.oe66 (.text:TcpPrDetach)
                  83d6d600    000000e0                         : tcpprot.oe66 (.text:TcpPrDisconnect)
                  83d6d6e0    000000e0                         : tcpprot.oe66 (.text:TcpValidateMetrics)
                  83d6d7c0    000000e0                         : timer.oe66 (.text:TimerListInsert)
                  83d6d8a0    000000e0                         : udp.oe66 (.text:UdpChecksum)
                  83d6d980    000000e0                         : vlan.oe66 (.text:VLANDeinit)
                  83d6da60    000000e0                         : vlan.oe66 (.text:VLANReceivePacket)
                  83d6db40    000000e0     nettool.ae66 : config.oe66 (.text:_CfgEntryScan)
                  83d6dc20    000000e0     rts6600_elf.lib : locale0.obj (.text:_Fac_tidy)
                  83d6dd00    000000e0     stk6_ppp_pppoe.ae66 : lli.oe66 (.text:_LLIExpListInsert)
                  83d6dde0    000000e0                         : rtable.oe66 (.text:_RtExpListInsert)
                  83d6dec0    000000e0     rts6600_elf.lib : locale0.obj (.text:_ZNSs5eraseEjj)
                  83d6dfa0    000000e0                     : divi.obj (.text:__divi)
                  83d6e080    000000e0                     : _printfi.obj (.text:_div)
                  83d6e160    000000e0                     : atoi.obj (.text:atoi)
                  83d6e240    000000e0                     : lowlev.obj (.text:close)
                  83d6e320    000000e0                     : copy_zero_init.obj (.text:decompress:ZI:__TI_zero_init)
                  83d6e400    000000e0     os.ae66 : efs.oe66 (.text:efs_internal_remove)
                  83d6e4e0    000000e0     stk6_ppp_pppoe.ae66 : file.oe66 (.text:fdint_lockfd)
                  83d6e5c0    000000e0     rts6600_elf.lib : fflush.obj (.text:fflush)
                  83d6e6a0    000000e0     nettool.ae66 : httpclie.oe66 (.text:httpGetMimeBits)
                  83d6e780    000000e0     os.ae66 : task.oe66 (.text:llExit)
                  83d6e860    000000e0     rts6600_elf.lib : ltoa.obj (.text:ltoa)
                  83d6e940    000000e0                     : memset.obj (.text:memset)
                  83d6ea20    000000e0     os.ae66 : mem.oe66 (.text:mmBulkAlloc)
                  83d6eb00    000000e0     stk6_ppp_pppoe.ae66 : nimuppp.oe66 (.text:pppFree)
                  83d6ebe0    000000e0     rts6600_elf.lib : printf.obj (.text:printf)
                  83d6ecc0    000000e0     sysbios.ae66 : BIOS.obj (.text:ti_sysbios_knl_Clock_start__E)
                  83d6eda0    000000e0                  : BIOS.obj (.text:ti_sysbios_timers_timer64_Timer_startup__E)
                  83d6ee80    000000e0     ti.targets.rts6000.ae66 : Error.oe66 (.text:xdc_runtime_Error_print__F)
                  83d6ef60    000000e0                             : Memory.oe66 (.text:xdc_runtime_Memory_alloc__F)
                  83d6f040    000000c0     rts6600_elf.lib : trgdrv.obj (.text:HOSTread)
                  83d6f100    000000c0                     : trgdrv.obj (.text:HOSTunlink)
                  83d6f1c0    000000c0                     : trgdrv.obj (.text:HOSTwrite)
                  83d6f280    000000c0     stk6_ppp_pppoe.ae66 : icmpv6in.oe66 (.text:ICMPv6RecvDstUnreachable)
                  83d6f340    000000c0                         : icmpv6in.oe66 (.text:ICMPv6SocketErrorInterface)
                  83d6f400    000000c0                         : ipv6.oe66 (.text:IPv6Layer4ComputeChecksum)
                  83d6f4c0    000000c0                         : lli.oe66 (.text:LLIGetValidTime)
                  83d6f580    000000c0                         : lli.oe66 (.text:LLIMsg)
                  83d6f640    000000c0                         : mld.oe66 (.text:MLDCreateMulticastNode)
                  83d6f700    000000c0                         : mld.oe66 (.text:MLDLeaveGroup)
                  83d6f7c0    000000c0                         : nimu.oe66 (.text:NIMUFindByName)
                  83d6f880    000000c0     netctrl.ae66 : netsrv.oe66 (.text:NS_BootTask)
                  83d6f940    000000c0     stk6_ppp_pppoe.ae66 : node.oe66 (.text:NodeUpdatePL)
                  83d6fa00    000000c0     nettool.ae66 : ipaddr.oe66 (.text:NtIfIdx2Ip)
                  83d6fac0    000000c0     ti.drv.qmss.ae66 : qmss_drv.oe66 (.text:Qmss_setEoiVector)
                  83d6fb80    000000c0     stk6_ppp_pppoe.ae66 : rawethsock.oe66 (.text:RawEthSockShutdown)
                  83d6fc40    000000c0                         : route6.oe66 (.text:Rt6FindDefaultRouter)
                  83d6fd00    000000c0                         : rtable.oe66 (.text:RtWalkBegin)
                  83d6fdc0    000000c0                         : sb6.oe66 (.text:SB6Flush)
                  83d6fe80    000000c0                         : sb6.oe66 (.text:SB6SetMax)
                  83d6ff40    000000c0                         : sb.oe66 (.text:SBFlush)
                  83d70000    000000c0                         : sock6.oe66 (.text:Sock6IntAbort)
                  83d700c0    000000c0                         : sock6pcb.oe66 (.text:Sock6PcbResolveChain)
                  83d70180    000000c0                         : sock6pcb.oe66 (.text:Sock6PcbRtChange)
                  83d70240    000000c0                         : sock.oe66 (.text:SockIntAbort)
                  83d70300    000000c0                         : sockpcb.oe66 (.text:SockPcbRtChange)
                  83d703c0    000000c0                         : tcp6prot.oe66 (.text:TCP6Close)
                  83d70480    000000c0                         : tcp6time.oe66 (.text:TCP6TimeoutSackRexmt)
                  83d70540    000000c0     os.ae66 : task.oe66 (.text:TaskGetEnv)
                  83d70600    000000c0     stk6_ppp_pppoe.ae66 : tcp.oe66 (.text:TcpChecksum)
                  83d706c0    000000c0                         : tcpprot.oe66 (.text:TcpClose)
                  83d70780    000000c0                         : tcptime.oe66 (.text:TcpTimeoutSackRexmt)
                  83d70840    000000c0                         : bind6.oe66 (.text:_Bind6FindByHostInList)
                  83d70900    000000c0                         : bind6.oe66 (.text:_Bind6FindByNetInList)
                  83d709c0    000000c0     rts6600_elf.lib : dtor_list.obj (.text:_Z11__TI_atexitPFYvPvES_S_)
                  83d70a80    000000c0                     : wiostrea.obj (.text:_ZNKSt5ctypeIwE10do_tolowerEPwPKw)
                  83d70b40    000000c0                     : wiostrea.obj (.text:_ZNKSt7codecvtIwciE10do_unshiftERiPcS2_RS2_)
                  83d70c00    000000c0                     : iostream.obj (.text:_ZNSo5flushEv)
                  83d70cc0    000000c0                     : iostream.obj (.text:_ZNSt13basic_filebufIcSt11char_traitsIcEE5_InitEPSt4FILENS2_7_InitflE)
                  83d70d80    000000c0                     : locale0.obj (.text:_ZNSt6locale7_LocimpC1Eb)
                  83d70e40    000000c0                     : ios.obj (.text:_ZNSt8ios_baseD1Ev)
                  83d70f00    000000c0                     : dtor_list.obj (.text:__cxa_finalize)
                  83d70fc0    000000c0                     : divu.obj (.text:__divu)
                  83d71080    000000c0                     : remi.obj (.text:__remi)
                  83d71140    000000c0                     : fflush.obj (.text:_doflush)
                  83d71200    000000c0                     : _io_perm.obj (.text:_rd_ok)
                  83d712c0    000000c0     ti.drv.cppi.ae66 : cppi_listlib.oe66 (.text:cppi_list_remove_node)
                  83d71380    000000c0     nettool.ae66 : dhcptags.oe66 (.text:dhcpOptionsClear)
                  83d71440    000000c0     os.ae66 : efs.oe66 (.text:efs_fopen)
                  83d71500    000000c0     rts6600_elf.lib : exit.obj (.text:exit)
                  83d715c0    000000c0     nettool.ae66 : httpsend.oe66 (.text:httpSendFullResponse)
                  83d71680    000000c0     os.ae66 : mem.oe66 (.text:mmZeroInit)
                  83d71740    000000c0     stk6_ppp_pppoe.ae66 : nimuppp.oe66 (.text:pppAddIP)
                  83d71800    000000c0     sysbios.ae66 : BIOS.obj (.text:ti_sysbios_BIOS_errorRaiseHook__I)
                  83d718c0    000000c0                  : BIOS.obj (.text:ti_sysbios_heaps_HeapMem_getStats__E)
                  83d71980    000000c0                  : BIOS.obj (.text:ti_sysbios_knl_Clock_logTick__E)
                  83d71a40    000000c0     evm_pe66.oe66 (.text:ti_sysbios_knl_Task_Object__create__S)
                  83d71b00    000000c0     sysbios.ae66 : BIOS.obj (.text:ti_sysbios_knl_Task_allBlockedFunction__I)
                  83d71bc0    000000c0                  : BIOS.obj (.text:ti_sysbios_timers_timer64_Timer_stop__E)
                  83d71c80    000000c0     ti.targets.rts6000.ae66 : LoggerBuf.oe66 (.text:xdc_runtime_LoggerBuf_Instance_init__F)
                  83d71d40    000000c0     evm_pe66.oe66 (.text:xdc_runtime_LoggerBuf_Object__create__S)
                  83d71e00    000000c0     ti.targets.rts6000.ae66 : System.oe66 (.text:xdc_runtime_System_formatNum__I)
                  83d71ec0    000000a0     nettool.ae66 : config.oe66 (.text:CfgEntryDeRef)
                  83d71f60    000000a0                  : config.oe66 (.text:CfgEntryGetData)
                  83d72000    000000a0                  : config.oe66 (.text:CfgGetImmediate)
                  83d720a0    000000a0                  : telnetd.oe66 (.text:CmdWriteBytes)
                  83d72140    000000a0                  : telnetd.oe66 (.text:CmdWriteCmd)
                  83d721e0    000000a0     ti.drv.cppi.ae66 : cppi_drv.oe66 (.text:Cppi_channelEnable)
                  83d72280    000000a0     stk6_ppp_pppoe.ae66 : file.oe66 (.text:FdSignalEvent)
                  83d72320    000000a0     rts6600_elf.lib : trgdrv.obj (.text:HOSTclose)
                  83d723c0    000000a0     stk6_ppp_pppoe.ae66 : ipfrag.oe66 (.text:IPReasmFree)
                  83d72460    000000a0                         : ipfrag.oe66 (.text:IPReasmTimeout)
                  83d72500    000000a0                         : ipv6.oe66 (.text:IPv6CompareAddress)
                  83d725a0    000000a0                         : lliin.oe66 (.text:LLIValidateRoute)
                  83d72640    000000a0                         : md5.oe66 (.text:MD5Final)
                  83d726e0    000000a0                         : nimu.oe66 (.text:NIMUShutdown)
                  83d72780    000000a0                         : nimu.oe66 (.text:NIMUUnregister)
                  83d72820    000000a0     nettool.ae66 : ipaddr.oe66 (.text:NtAddNetwork)
                  83d728c0    000000a0     stk6_ppp_pppoe.ae66 : pbm.oe66 (.text:PBM_open)
                  83d72960    000000a0                         : pipe.oe66 (.text:PipeCheck)
                  83d72a00    000000a0     ti.drv.qmss.ae66 : qmss_drv.oe66 (.text:Qmss_queueClose)
                  83d72aa0    000000a0                      : qmss_drv.oe66 (.text:Qmss_startCfg)
                  83d72b40    000000a0     stk6_ppp_pppoe.ae66 : rtable.oe66 (.text:RouteMsg)
                  83d72be0    000000a0                         : route.oe66 (.text:RtNew)
                  83d72c80    000000a0                         : sb6.oe66 (.text:SB6Free)
                  83d72d20    000000a0                         : sb.oe66 (.text:SBFree)
                  83d72dc0    000000a0     os.ae66 : semaphore.oe66 (.text:SemCreate)
                  83d72e60    000000a0     stk6_ppp_pppoe.ae66 : sock6pcb.oe66 (.text:Sock6CleanPcb)
                  83d72f00    000000a0                         : sock6.oe66 (.text:Sock6GetName)
                  83d72fa0    000000a0                         : sock.oe66 (.text:SockBind)
                  83d73040    000000a0                         : sockpcb.oe66 (.text:SockCleanPcb)
                  83d730e0    000000a0                         : sockpcb.oe66 (.text:SockPcbResolveChain)
                  83d73180    000000a0                         : tcp6prot.oe66 (.text:TCP6Drop)
                  83d73220    000000a0                         : tcp6prot.oe66 (.text:TCP6PrCtlError)
                  83d732c0    000000a0                         : tcp6prot.oe66 (.text:TCP6PrSend)
                  83d73360    000000a0                         : tcp6prot.oe66 (.text:TCP6PrSendOOB)
                  83d73400    000000a0     os.ae66 : task.oe66 (.text:TaskCreate)
                  83d734a0    000000a0     stk6_ppp_pppoe.ae66 : tcpprot.oe66 (.text:TcpDrop)
                  83d73540    000000a0                         : tcpprot.oe66 (.text:TcpPrCtlError)
                  83d735e0    000000a0                         : tcpprot.oe66 (.text:TcpPrSend)
                  83d73680    000000a0                         : tcpprot.oe66 (.text:TcpPrSendOOB)
                  83d73720    000000a0                         : timer.oe66 (.text:TimerNew)
                  83d737c0    000000a0     nettool.ae66 : config.oe66 (.text:_CfgRelease)
                  83d73860    000000a0     stk6_ppp_pppoe.ae66 : lli.oe66 (.text:_LLITimeoutFlush)
                  83d73900    000000a0     rts6600_elf.lib : locale0.obj (.text:_Setgloballocale)
                  83d739a0    000000a0                     : wiostrea.obj (.text:_ZNKSt5ctypeIwE8do_widenEPKcS2_Pw)
                  83d73a40    000000a0                     : string.obj (.text:_ZNSt11logic_errorD1Ev)
                  83d73ae0    000000a0                     : string.obj (.text:_ZNSt12length_errorD1Ev)
                  83d73b80    000000a0                     : string.obj (.text:_ZNSt12out_of_rangeC1ERKSs)
                  83d73c20    000000a0                     : string.obj (.text:_ZNSt12out_of_rangeD1Ev)
[...]
83d897d4   ti_sysbios_heaps_HeapMem_Module__FXNS__C
83d897fc   xdc_runtime_LoggerBuf_Object__PARAMS__C
83d89824   ti_sysbios_family_c64p_Exception_externalHook__C
83d89828   _ZTSSt13basic_filebufIcSt11char_traitsIcEE
83d89850   _ZTSSt13basic_filebufIwSt11char_traitsIwEE
83d89878   _ZTSSt13basic_istreamIwSt11char_traitsIwEE
83d898a0   _ZTSSt13basic_ostreamIwSt11char_traitsIwEE
83d898f0   _ZTSN10__cxxabiv121__vmi_class_type_infoE
83d89918   _ZTSN10__cxxabiv120__si_class_type_infoE
83d89940   ti_sysbios_gates_GateHwi_Module__FXNS__C
83d89964   ti_sysbios_gates_GateMutex_Module__FXNS__C
83d89988   ti_sysbios_heaps_HeapMem_Object__PARAMS__C
83d899ac   ti_sysbios_knl_Clock_Object__PARAMS__C
83d899d0   ti_sysbios_knl_Semaphore_Object__PARAMS__C
83d89a18   _ZTSN10__cxxabiv117__class_type_infoE
83d89a3c   ti_sysbios_family_c64p_Exception_internalHook__C
83d89a40   _ZTSSt9basic_iosIcSt11char_traitsIcEE
83d89a64   ti_sysbios_family_c64p_Exception_nmiHook__C
83d89a68   _ZTSSt9basic_iosIwSt11char_traitsIwEE
83d89aac   ti_sysbios_gates_GateHwi_Object__DESC__C
83d89acc   ti_sysbios_gates_GateMutex_Object__DESC__C
83d89aec   ti_sysbios_heaps_HeapMem_Object__DESC__C
83d89b0c   ti_sysbios_knl_Clock_Object__DESC__C
83d89b2c   ti_sysbios_knl_Queue_Object__DESC__C
83d89b4c   ti_sysbios_knl_Semaphore_Object__DESC__C
83d89b6c   ti_sysbios_knl_Task_Object__DESC__C
83d89b8c   xdc_runtime_LoggerBuf_Object__DESC__C
83d89bac   ti_sysbios_family_c64p_Hwi_LD_end__C
83d89c0c   ti_sysbios_family_c64p_Hwi_LM_begin__C
83d89c10   _ZTVSt12codecvt_base
83d89c2c   ti_sysbios_family_c64p_Hwi_Module__diagsEnabled__C
83d89c30   xdc_runtime_Startup_sfxnRts__A
83d89c4c   ti_sysbios_family_c64p_Hwi_Module__diagsIncluded__C
83d89c98   _ZTISi
83d89cb0   _ZTISo
83d89cc8   _ZTISt13basic_istreamIwSt11char_traitsIwEE
83d89ce0   _ZTISt13basic_ostreamIwSt11char_traitsIwEE
83d89cf8   _ZTVNSt8ios_base7failureE
83d89d10   _ZTVSt11logic_error
83d89d28   _ZTVSt12length_error
83d89d40   _ZTVSt12out_of_range
83d89d58   _ZTVSt13runtime_error
83d89d70   _ZTVSt9exception
83d89da0   ti_sysbios_gates_GateHwi_Object__PARAMS__C
83d89db8   ti_sysbios_gates_GateMutex_Object__PARAMS__C
83d89dd0   ti_sysbios_knl_Queue_Object__PARAMS__C
83d89e00   _ZTSNSt8ios_base7failureE
83d89e44   ti_sysbios_family_c64p_Hwi_Module__diagsMask__C
83d89e48   _ZTSNSt6locale7_LocimpE
83d89e70   _ZTSNSt6locale5facetE
83d89e84   ti_sysbios_family_c64p_Hwi_Module__loggerFxn1__C
83d89e88   _ZTSSt13runtime_error
83d89e9c   ti_sysbios_family_c64p_Hwi_Module__loggerFxn8__C
83d89ea0   _ZTSSt12codecvt_base
83d89eb4   ti_sysbios_family_c64p_Hwi_Module__loggerObj__C
83d89eb8   _ZTSSt12length_error
83d89ecc   ti_sysbios_family_c66_Cache_atomicBlockSize__C
83d89ed0   _ZTSSt12out_of_range
83d89f24   ti_sysbios_gates_GateMutex_A_badContext__C
83d89f28   _ZTSSt7codecvtIcciE
83d89f38   _ZTSSt7codecvtIwciE
83d89f48   _ZTVN10__cxxabiv117__class_type_infoE
83d89f58   _ZTVN10__cxxabiv120__si_class_type_infoE
83d89f68   _ZTVN10__cxxabiv121__vmi_class_type_infoE
83d89f78   _ZTVNSt6locale5facetE
83d89f88   _ZTVNSt6locale7_LocimpE
83d89f98   _ZTVSt10ctype_base
83d89fa8   _ZTVSt8ios_base
83d89fb8   _ZTVSt9basic_iosIcSt11char_traitsIcEE
83d89fc8   _ZTVSt9basic_iosIwSt11char_traitsIwEE
83d89fd8   paMemAligns
83d89fe8   ti_sysbios_family_c64p_EventCombiner_EVTMASK__C
83d89ff8   _ZTSSt10ctype_base
83d8a024   ti_sysbios_gates_GateMutex_Instance_State_sem__O
83d8a028   _ZTSSt9exception
83d8a038   _ZTSSt9type_info
83d8a048   _ZTSSt5_IosbIiE
83d8a054   ti_sysbios_gates_GateMutex_Module__diagsEnabled__C
83d8a058   _ZTSSt5ctypeIcE
83d8a064   ti_sysbios_gates_GateMutex_Module__diagsIncluded__C
83d8a068   _ZTSSt5ctypeIwE
83d8a074   ti_sysbios_gates_GateMutex_Module__diagsMask__C
83d8a078   _ZTSSt8ios_base
83d8a084   _ZTIN10__cxxabiv117__class_type_infoE
83d8a090   _ZTIN10__cxxabiv120__si_class_type_infoE
83d8a09c   _ZTIN10__cxxabiv121__vmi_class_type_infoE
83d8a0a8   _ZTINSt6locale7_LocimpE
83d8a0b4   _ZTINSt8ios_base7failureE
83d8a0c0   _ZTISt10ctype_base
83d8a0cc   _ZTISt11logic_error
83d8a0d8   _ZTISt12codecvt_base
83d8a0e4   _ZTISt12length_error
83d8a0f0   _ZTISt12out_of_range
83d8a0fc   _ZTISt13basic_filebufIcSt11char_traitsIcEE
83d8a108   _ZTISt13basic_filebufIwSt11char_traitsIwEE
83d8a114   _ZTISt13runtime_error
83d8a120   _ZTISt5ctypeIcE
83d8a12c   _ZTISt5ctypeIwE
83d8a138   _ZTISt7codecvtIcciE
83d8a144   _ZTISt7codecvtIwciE
83d8a150   _ZTISt8ios_base
83d8a15c   _ZTISt9basic_iosIcSt11char_traitsIcEE
83d8a168   _ZTISt9basic_iosIwSt11char_traitsIwEE
83d8a174   ti_sysbios_family_c66_Cache_initSize__C
83d8a18c   ti_sysbios_hal_Hwi_E_stackOverflow__C
83d8a1a8   _ZTINSt6locale5facetE
83d8a1b0   _ZTISt15basic_streambufIcSt11char_traitsIcEE
83d8a1b8   _ZTISt15basic_streambufIwSt11char_traitsIwEE
83d8a1c0   _ZTISt5_IosbIiE
83d8a1c8   _ZTISt9exception
83d8a1d0   _ZTISt9type_info
83d8a1d8   ti_sysbios_knl_Idle_coreList__A
83d8a1e0   ti_sysbios_knl_Idle_coreList__C
83d8a1e8   ti_sysbios_knl_Idle_funcList__A
83d8a1f0   ti_sysbios_knl_Idle_funcList__C
83d8a1f8   ti_sysbios_knl_Task_hooks__C
83d8a200   xdc_runtime_Startup_firstFxns__A
83d8a208   xdc_runtime_Startup_firstFxns__C
83d8a210   xdc_runtime_Startup_lastFxns__A
83d8a218   xdc_runtime_Startup_lastFxns__C
83d8a240   ti_sysbios_heaps_HeapMem_A_align__C
83d8a244   ti_sysbios_heaps_HeapMem_A_heapSize__C
83d8a248   ti_sysbios_heaps_HeapMem_A_invalidFree__C
83d8a24c   ti_sysbios_heaps_HeapMem_A_zeroBlock__C
83d8a250   ti_sysbios_heaps_HeapMem_E_memory__C
83d8a254   ti_sysbios_heaps_HeapMem_Module__diagsEnabled__C
83d8a258   ti_sysbios_heaps_HeapMem_Module__diagsIncluded__C
83d8a25c   ti_sysbios_heaps_HeapMem_Module__diagsMask__C
83d8a260   ti_sysbios_heaps_HeapMem_Module__gateObj__C
83d8a264   ti_sysbios_heaps_HeapMem_Object__count__C
83d8a268   ti_sysbios_heaps_HeapMem_Object__table__C
83d8a26c   ti_sysbios_heaps_HeapMem_reqAlign__C
83d8a270   ti_sysbios_knl_Clock_A_badThreadType__C
83d8a274   ti_sysbios_knl_Clock_LM_begin__C
83d8a278   ti_sysbios_knl_Clock_LM_tick__C
83d8a27c   ti_sysbios_knl_Clock_LW_delayed__C
83d8a280   ti_sysbios_knl_Clock_Module_State_clockQ__O
83d8a284   ti_sysbios_knl_Clock_Module__diagsEnabled__C
83d8a288   ti_sysbios_knl_Clock_Module__diagsIncluded__C
83d8a28c   ti_sysbios_knl_Clock_Module__diagsMask__C
83d8a290   ti_sysbios_knl_Clock_Module__loggerFxn1__C
83d8a294   ti_sysbios_knl_Clock_Module__loggerFxn2__C
83d8a298   ti_sysbios_knl_Clock_Module__loggerObj__C
83d8a29c   ti_sysbios_knl_Clock_tickMode__C
83d8a2a0   ti_sysbios_knl_Clock_tickSource__C
83d8a2a4   ti_sysbios_knl_Queue_Object__count__C
83d8a2a8   ti_sysbios_knl_Queue_Object__table__C
83d8a2ac   ti_sysbios_knl_Semaphore_A_badContext__C
83d8a2b0   ti_sysbios_knl_Semaphore_A_noEvents__C
83d8a2b4   ti_sysbios_knl_Semaphore_A_overflow__C
83d8a2b8   ti_sysbios_knl_Semaphore_Instance_State_pendQ__O
83d8a2bc   ti_sysbios_knl_Semaphore_LM_pend__C
83d8a2c0   ti_sysbios_knl_Semaphore_LM_post__C
83d8a2c4   ti_sysbios_knl_Semaphore_Module__diagsEnabled__C
83d8a2c8   ti_sysbios_knl_Semaphore_Module__diagsIncluded__C
83d8a2cc   ti_sysbios_knl_Semaphore_Module__diagsMask__C
83d8a2d0   ti_sysbios_knl_Semaphore_Module__loggerFxn2__C
83d8a2d4   ti_sysbios_knl_Semaphore_Module__loggerFxn4__C
83d8a2d8   ti_sysbios_knl_Semaphore_Module__loggerObj__C
83d8a2dc   ti_sysbios_knl_Swi_LD_end__C
83d8a2e0   ti_sysbios_knl_Swi_LM_begin__C
83d8a2e4   ti_sysbios_knl_Swi_LM_post__C
83d8a2e8   ti_sysbios_knl_Swi_Module__diagsEnabled__C
83d8a2ec   ti_sysbios_knl_Swi_Module__diagsIncluded__C
83d8a2f0   ti_sysbios_knl_Swi_Module__diagsMask__C
83d8a2f4   ti_sysbios_knl_Swi_Module__loggerFxn1__C
83d8a2f8   ti_sysbios_knl_Swi_Module__loggerFxn4__C
83d8a2fc   ti_sysbios_knl_Swi_Module__loggerObj__C
83d8a300   ti_sysbios_knl_Swi_Object__count__C
83d8a304   ti_sysbios_knl_Swi_Object__table__C
83d8a308   ti_sysbios_knl_Task_A_badPriority__C
83d8a30c   ti_sysbios_knl_Task_A_badTaskState__C
83d8a310   ti_sysbios_knl_Task_A_badThreadType__C
83d8a314   ti_sysbios_knl_Task_A_badTimeout__C
83d8a318   ti_sysbios_knl_Task_A_noPendElem__C
83d8a31c   ti_sysbios_knl_Task_E_deleteNotAllowed__C
83d8a320   ti_sysbios_knl_Task_E_spOutOfBounds__C
83d8a324   ti_sysbios_knl_Task_E_stackOverflow__C
83d8a328   ti_sysbios_knl_Task_LD_block__C
83d8a32c   ti_sysbios_knl_Task_LD_exit__C
83d8a330   ti_sysbios_knl_Task_LD_ready__C
83d8a334   ti_sysbios_knl_Task_LM_setPri__C
83d8a338   ti_sysbios_knl_Task_LM_sleep__C
83d8a33c   ti_sysbios_knl_Task_LM_switch__C
83d8a340   ti_sysbios_knl_Task_Module_State_inactiveQ__O
83d8a344   ti_sysbios_knl_Task_Module_State_terminatedQ__O
83d8a348   ti_sysbios_knl_Task_Module__diagsEnabled__C
83d8a34c   ti_sysbios_knl_Task_Module__diagsIncluded__C
83d8a350   ti_sysbios_knl_Task_Module__diagsMask__C
83d8a354   ti_sysbios_knl_Task_Module__loggerFxn2__C
83d8a358   ti_sysbios_knl_Task_Module__loggerFxn4__C
83d8a35c   ti_sysbios_knl_Task_Module__loggerObj__C
83d8a360   ti_sysbios_knl_Task_Object__count__C
83d8a364   ti_sysbios_knl_Task_Object__heap__C
83d8a368   ti_sysbios_knl_Task_Object__table__C
83d8a36c   ti_sysbios_knl_Task_allBlockedFunc__C
83d8a370   ti_sysbios_knl_Task_defaultStackHeap__C
83d8a374   ti_sysbios_knl_Task_defaultStackSize__C
83d8a378   ti_sysbios_knl_Task_numConstructedTasks__C
83d8a37c   ti_sysbios_knl_Task_numPriorities__C
83d8a380   ti_sysbios_timers_timer64_Timer_A_notAvailable__C
83d8a384   ti_sysbios_timers_timer64_Timer_E_cannotSupport__C
83d8a388   ti_sysbios_timers_timer64_Timer_Module__diagsEnabled__C
83d8a38c   ti_sysbios_timers_timer64_Timer_Module__diagsIncluded__C
83d8a390   ti_sysbios_timers_timer64_Timer_Module__diagsMask__C
83d8a394   ti_sysbios_timers_timer64_Timer_anyMask__C
83d8a398   ti_sysbios_timers_timer64_Timer_freqDivisor__C
83d8a39c   ti_sysbios_timers_timer64_Timer_numLocalTimers__C
83d8a3a0   ti_sysbios_timers_timer64_Timer_numTimerDevices__C
83d8a3a4   xdc_runtime_Assert_E_assertFailed__C
83d8a3a8   xdc_runtime_Core_A_initializedParams__C
83d8a3ac   xdc_runtime_Core_Module__diagsEnabled__C
83d8a3b0   xdc_runtime_Core_Module__diagsIncluded__C
83d8a3b4   xdc_runtime_Core_Module__diagsMask__C
83d8a3b8   xdc_runtime_Error_E_generic__C
83d8a3bc   xdc_runtime_Error_E_memory__C
83d8a3c0   xdc_runtime_Error_Module__diagsEnabled__C
83d8a3c4   xdc_runtime_Error_Module__diagsIncluded__C
83d8a3c8   xdc_runtime_Error_Module__diagsMask__C
83d8a3cc   xdc_runtime_Error_Module__loggerFxn8__C
83d8a3d0   xdc_runtime_Error_Module__loggerObj__C
83d8a3d4   xdc_runtime_Error_policy__C
83d8a3d8   xdc_runtime_Error_raiseHook__C
83d8a3dc   xdc_runtime_IFilterLogger_Interface__BASE__C
83d8a3e0   xdc_runtime_IGateProvider_Interface__BASE__C
83d8a3e4   xdc_runtime_IHeap_Interface__BASE__C
83d8a3e8   xdc_runtime_ILogger_Interface__BASE__C
83d8a3ec   xdc_runtime_IModule_Interface__BASE__C
83d8a3f0   xdc_runtime_Log_L_error__C
83d8a3f4   xdc_runtime_LoggerBuf_E_badLevel__C
83d8a3f8   xdc_runtime_LoggerBuf_Module__gateObj__C
83d8a3fc   xdc_runtime_LoggerBuf_Object__count__C
83d8a400   xdc_runtime_LoggerBuf_Object__table__C
83d8a404   xdc_runtime_LoggerBuf_statusLogger__C
83d8a408   xdc_runtime_Memory_defaultHeapInstance__C
83d8a40c   xdc_runtime_Startup_execImpl__C
83d8a410   xdc_runtime_Startup_maxPasses__C
83d8a414   xdc_runtime_Startup_sfxnRts__C
83d8a418   xdc_runtime_Startup_sfxnTab__C
83d8a41c   xdc_runtime_Startup_startModsFxn__C
83d8a420   xdc_runtime_System_Module__gateObj__C
83d8a424   xdc_runtime_System_extendFxn__C
83d8a428   xdc_runtime_System_maxAtexitHandlers__C
83d8a42c   xdc_runtime_Text_charTab__C
83d8a430   xdc_runtime_Text_nameEmpty__C
83d8a434   xdc_runtime_Text_nameStatic__C
83d8a438   xdc_runtime_Text_nameUnknown__C
83d8a43c   xdc_runtime_Text_nodeTab__C
83d8a440   xdc_runtime_Text_visitRopeFxn__C
83d8a444   ti_sysbios_family_c64p_EventCombiner_Module__id__C
83d8a448   _ZTSSi
83d8a44c   ti_sysbios_family_c64p_Exception_Module__id__C
83d8a450   _ZTSSo
83d8a454   ti_sysbios_family_c64p_Hwi_Module__id__C
83d8a458   ti_sysbios_family_c64p_Hwi_Module__loggerDefined__C
83d8a45c   ti_sysbios_gates_GateMutex_Module__id__C
83d8a460   ti_sysbios_hal_Hwi_Module__id__C
83d8a464   ti_sysbios_heaps_HeapMem_Module__id__C
83d8a468   ti_sysbios_knl_Clock_Module__id__C
83d8a46c   ti_sysbios_knl_Clock_Module__loggerDefined__C
83d8a470   ti_sysbios_knl_Semaphore_Module__id__C
83d8a474   ti_sysbios_knl_Semaphore_Module__loggerDefined__C
83d8a478   ti_sysbios_knl_Swi_Module__id__C
83d8a47c   ti_sysbios_knl_Swi_Module__loggerDefined__C
83d8a480   ti_sysbios_knl_Task_Module__id__C
83d8a484   ti_sysbios_knl_Task_Module__loggerDefined__C
83d8a488   ti_sysbios_knl_Task_deleteTerminatedTasks__C
83d8a48c   ti_sysbios_knl_Task_initStackFlag__C
83d8a490   ti_sysbios_timers_timer64_Timer_Module__id__C
83d8a494   ti_sysbios_timers_timer64_Timer_startupNeeded__C
83d8a498   xdc_runtime_Core_Module__id__C
83d8a49c   xdc_runtime_Error_Module__loggerDefined__C
83d8a4a0   xdc_runtime_Error_maxDepth__C
83d8a4a4   xdc_runtime_LoggerBuf_Module__id__C
83d8a4a8   xdc_runtime_LoggerBuf_filterByLevel__C
83d8a4ac   xdc_runtime_Memory_Module__id__C
83d8a4b0   xdc_runtime_Text_charCnt__C
83d8a4b4   xdc_runtime_Text_isLoaded__C
83d8a4b8   xdc_runtime_Text_registryModsLastId__C
83d8a4bc   xdc_runtime_Text_unnamedModsLastId__C
83d8a4c0   ti_sysbios_BIOS_Module__state__V
83d8a4e0   ti_sysbios_family_c64p_EventCombiner_Module__state__V
83d8a8e0   ti_sysbios_family_c64p_Exception_Module__state__V
83d8a90c   ti_sysbios_family_c64p_Hwi_Module__root__V
83d8a914   ti_sysbios_family_c64p_Hwi_Module__state__V
83d8a97c   ti_sysbios_gates_GateHwi_Module__root__V
83d8a984   ti_sysbios_gates_GateMutex_Module__root__V
83d8a98c   ti_sysbios_hal_Hwi_Module__root__V
83d8a994   ti_sysbios_hal_Timer_Module__root__V
83d8a99c   ti_sysbios_heaps_HeapMem_Module__root__V
83d8a9a4   ti_sysbios_knl_Clock_Module__root__V
83d8a9ac   ti_sysbios_knl_Clock_Module__state__V
83d8a9d4   ti_sysbios_knl_Queue_Module__root__V
83d8a9dc   ti_sysbios_knl_Semaphore_Module__root__V
83d8a9e4   ti_sysbios_knl_Swi_Module__root__V
83d8a9ec   ti_sysbios_knl_Swi_Module__state__V
83d8aa08   ti_sysbios_knl_Task_Module__root__V
83d8aa10   ti_sysbios_knl_Task_Module__state__V
83d8aa58   ti_sysbios_timers_timer64_Timer_Module__root__V
83d8aa60   ti_sysbios_timers_timer64_Timer_Module__state__V
83d8aa74   xdc_runtime_Error_Module__state__V
83d8aa78   xdc_runtime_GateNull_Module__root__V
83d8aa80   xdc_runtime_LoggerBuf_Module__root__V
83d8aa88   xdc_runtime_LoggerBuf_Module__state__V
83d8aa90   xdc_runtime_Memory_Module__state__V
83d8aa94   xdc_runtime_Registry_Module__state__V
83d8aa9c   xdc_runtime_Startup_Module__state__V
83d8aaa4   xdc_runtime_System_Module__state__V
83d8aab0   xdc_runtime_Text_Module__state__V
83d8aab8   __xdc__init__addr
83d8aabc   _ZNSt9_FacetptrISt5ctypeIcEE6_PsaveE
83d8aac0   _ftable
83d8aca0   cppiGblCfgParams
83d8ade0   qmssGblCfgParams
83d8af00   ti_sysbios_knl_Task_Object__table__V
83d8afa0   TSK_idle
83d8aff0   ti_sysbios_timers_timer64_Timer_Module_State_0_device__A
83d8b0b0   _ipcfg
83d8b164   _ZNSt9_FacetptrISt5ctypeIwEE6_PsaveE
83d8b168   ti_sysbios_family_c64p_Hwi_Object__table__V
83d8b2b0   ti_sysbios_timers_timer64_Timer_Object__table__V
83d8b348   ti_sysbios_knl_Swi_Module_State_0_readyQ__A
83d8b3c8   ti_sysbios_knl_Task_Module_State_0_readyQ__A
83d8b660   ti_sysbios_timers_timer64_Timer_Module_State_0_gctrl__A
83d8b6a0   ti_sysbios_timers_timer64_Timer_Module_State_0_handles__A
83d8b6e0   ti_sysbios_timers_timer64_Timer_Module_State_0_intFreqs__A
83d8b754   _cleanup_ptr
83d8b758   _dtors_ptr
83d8b75c   __TI_enable_exit_profile_output
83d8b794   _ZNSt9_FacetptrISt7codecvtIcciEE6_PsaveE
83d8b798   ti_sysbios_knl_Swi_Object__table__V
83d8b7f0   _oscfg
83d8b814   _ZNSt9_FacetptrISt7codecvtIwciEE6_PsaveE
83d8b818   xdc_runtime_LoggerBuf_Object__table__V
83d8b83c   _ft_end
83d8b840   Qmss_highEoiVector
83d8b860   pstrMsgName
83d8b880   ti_sysbios_gates_GateMutex_Object__table__V
83d8b8a0   xdc_runtime_System_Module_State_0_atexitHandlers__A
83d8b8c0   ti_sysbios_hal_Hwi_Object__table__V
83d8b8d8   ti_sysbios_heaps_HeapMem_Object__table__V
83d8b904   _ZNSt8ios_base6_IndexE
83d8b908   _ZNSt8ios_base5_SyncE
83d8b90c   _ZSt4_Fpz
83d8b924   _ZNSt6locale2id7_Id_cntE
83d8b928   _ZNSt6locale7_Locimp8_ClocptrE
83d8b938   Qmss_lowEoiVector
83d8b948   NIMUDeviceTable
83d8b96c   __errno
83d8b96c   errno
83d8b97c   _lock
83d8b980   _unlock
83d8b984   _ZNSt8ios_base4Init9_Init_cntE
83d8b988   ti_sysbios_hal_Timer_Object__table__V
83d8b998   _ZSt14_Raise_handler
83d8b99c   _new_handler
83d8b9a8   _ZNSt6_Winit9_Init_cntE
83d8b9ac   cppiLObj
83d8b9b0   paLObj
83d8b9b8   ti_sysbios_gates_GateHwi_Object__table__V
83d8b9c0   ti_sysbios_knl_Task_Module_State_0_idleTask__A
83d8b9c8   Qmss_cdmaEoiVector
83d8ba28   gDeviceNandBBlist
83d8cc54   gDeviceNand
83d8cc8c   gDeviceNor
83d8ccc4   gDeviceEeprom0
83d8ccfc   gDeviceEeprom1
83d8cd38   emac_port_mode
83d8ce40   _CSL_intcCpuIntrTable
83d8ce40   __TI_STATIC_BASE
83d8ce84   _CSL_intcNumEvents
83d8ce88   _CSL_intcEventHandlerRecord
83d8ce90   hCfg
83d8ce94   pform_status
83d8ce98   cos_theta
83d8cea0   angle
83d8cea8   time_diff
83d8ceb0   i
83d8ceb4   j
83d8ceb8   led_no
83d8cebc   signalA_tstart
83d8cec0   signalB_tstart
83d8cec4   data_index
83d8cec8   tscl_val
83d8cecc   tsch_val
83d8ced0   elapsed_time
83d8cef0   _IGMPInDiscard
83d8cef4   _IGMPInQuery
83d8cef8   _IGMPInQueryGroup
83d8cefc   _IGMPInResponse
83d8cf00   _IGMPOutResponse
83d8cf04   gTxCmdReturnQHnd
83d8cf08   gTxCmdFreeQHnd
83d8cf0c   ethSemHandle
83d8cf10   _CSL_intcAllocMask
83d8cf14   _CSL_intcEventOffsetMap
83d8cf38   __dso_handle
83d8cf50   VerStr
83d8cf54   stcp
83d8cf58   LocalIPAddr
83d8cf5c   PCStaticIP
83d8cf60   EVMStaticIP
83d8cf64   LocalIPMask
83d8cf68   GatewayIP
83d8cf6c   DomainName
83d8cf70   DNSServer
83d8cf74   log_flag
83d8cf78   FILTER_SAMPLE
83d8cf80   sumA
83d8cf88   sumB
83d8cf90   distance
83d8cf94   interrupt_call_count
83d8cf98   number_of_cores
83d8cf9c   flag
83d8cfa0   data_bit
83d8cfa4   product_result
83d8cfac   timer_flag
83d8cfb4   CONTENT_TYPE_APPLET
83d8cfb8   CONTENT_TYPE_AU
83d8cfbc   CONTENT_TYPE_CSS
83d8cfc0   CONTENT_TYPE_DOC
83d8cfc4   CONTENT_TYPE_GIF
83d8cfc8   CONTENT_TYPE_HTML
83d8cfcc   CONTENT_TYPE_JPG
83d8cfd0   CONTENT_TYPE_MPEG
83d8cfd4   CONTENT_TYPE_PDF
83d8cfd8   CONTENT_TYPE_WAV
83d8cfdc   CONTENT_TYPE_ZIP
83d8cfe0   CONTENT_TYPE
83d8cfe4   CONTENT_LENGTH
83d8cfe8   CRLF
83d8cfec   DEFAULT_NAME
83d8cff0   HTTP_VER
83d8cff4   SPACE
83d8cff8   PITCount
83d8cffc   PITUsed
83d8d000   PITHigh
83d8d088   _IGMPForceVersion1
83d8d09c   DebugLogSize
83d8d0a0   DebugCritError
83d8d0ac   _ICMPInErrors
83d8d0b0   _ICMPOutErrors
83d8d0b4   _IPExecuting
83d8d0c4   gFragQList
83d8d0e4   tcp_iss
83d8d0e8   ptTimeFirst
83d8d0ec   pt6TimeFirst
83d8d0f0   tcp6_iss
83d8d0fc   platform_errno
83d8d100   platform_init_return_code
83d8d110   httpErrorResponseHook
83d8d11c   _IPReasmPtr
83d8d124   gMLDNodeList
83d8d13c   qmssLObjIsValid
83d8d140   IPV6_MAX_MULTICAST_SOLICIT
83d8d144   IPV6_MAX_UNICAST_SOLICIT
83d8d148   IPV6_RETRANS_TIME
83d8d14c   IPV6_DELAY_FIRST_PROBE_TIME
83d8d150   IPV6_REACHABLE_TIME
83d8d154   IPV6_MAX_RTR_SOLICITATION_DELAY
83d8d158   IPV6_RTR_SOLICITATION_INTERVAL
83d8d15c   IPV6_MAX_RTR_SOLICITATIONS
83d8d160   INFINITE_LT
83d8d164   ti_ndk_config_Global_rawPageSize
83d8d168   ti_ndk_config_Global_rawPageCount
83d8d16c   ti_ndk_config_Global_smallest
83d8d170   ti_ndk_config_Global_largest
83d8d174   heap0
83d8d178   HWI_GPIOn
83d8d17c   timer1
83d8d180   ti_ndk_config_Global_numFrameBuf
83d8d184   ti_ndk_config_Global_sizeFrameBuf
83d8d188   __TI_INITARRAY_Base
83d8d19c   __TI_INITARRAY_Limit
83d8e274   __TI_Handler_Table_Base
83d8e280   __TI_Handler_Table_Limit
83d8e2e0   __TI_CINIT_Base
83d8e360   __TI_CINIT_Limit
ffffffff   __TI_pprof_out_hndl
ffffffff   __TI_prof_data_size
ffffffff   __TI_prof_data_start
ffffffff   __binit__
ffffffff   __c_args__
ffffffff   binit

[2053 symbols]
