******************************************************************************
               TMS320C6x Linker Unix v7.4.0                    
******************************************************************************
>> Linked Mon Nov 19 17:23:19 2012

OUTPUT FILE NAME:   <hua_evmc6657l.out>
ENTRY POINT SYMBOL: "_c_int00"  address: 8158a440


MEMORY CONFIGURATION

         name            origin    length      used     unused   attr    fill
----------------------  --------  ---------  --------  --------  ----  --------
  L2SRAM_IBL_RESERVED   00800000   00020000  00000000  00020000  RW X
  L2SRAM                00820000   00080000  00002f6e  0007d092  RW X
  MSMCSRAM              0c000000   00200000  00057300  001a8d00  RW X
  DDR3                  80000000   20000000  015e0f52  1ea1f0ae  RW X


SEGMENT ALLOCATION MAP

run origin  load origin   length   init length attrs members
----------  ----------- ---------- ----------- ----- -------
00820000    00820000    0000126a   0000126a    rw-
  00820000    00820000    0000126a   0000126a    rw- .fardata
00821270    00821270    00001600   00000000    rw-
  00821270    00821270    00001000   00000000    rw- .stack
  00822270    00822270    00000600   00000000    rw- .far:NDK_OBJMEM
00822870    00822870    00000390   00000390    r--
  00822870    00822870    00000390   00000390    r-- .switch.1
00822c00    00822c00    00000254   00000254    r-x
  00822c00    00822c00    00000200   00000200    r-x .vecs
  00822e00    00822e00    00000054   00000054    r-- .switch.2
00822e58    00822e58    00000120   00000000    rw-
  00822e58    00822e58    00000120   00000000    rw- .cio
0c000000    0c000000    00057300   00000000    rw-
  0c000000    0c000000    00052b00   00000000    rw- .far:NDK_PACKETMEM
  0c052b00    0c052b00    00004800   00000000    rw- .far:taskStackSection
80000000    80000000    01312d00   00000000    rw-
  80000000    80000000    01312d00   00000000    rw- .gBuffer
81312d00    81312d00    0012b290   0012b290    rw-
  81312d00    81312d00    0012b290   0012b290    rw- .far:WEBDATA
8143df90    8143df90    00000010   00000010    r--
  8143df90    8143df90    00000010   00000010    r-- .const.1
8143dfa0    8143dfa0    00000060   00000060    r-x
  8143dfa0    8143dfa0    00000060   00000060    r-x .text.1
8143e000    8143e000    000f4240   00000000    rw-
  8143e000    8143e000    000f4240   00000000    rw- systemHeap
81532240    81532240    00060b40   00060b40    r-x
  81532240    81532240    00060b00   00060b00    r-x .text.2
  81592d40    81592d40    00000040   00000040    r-- .const.2
81592d80    81592d80    0000ff88   0000ff88    rw-
  81592d80    81592d80    0000ff88   0000ff88    rw- .far.1
815a2d10    815a2d10    00000060   00000060    rw-
  815a2d10    815a2d10    00000060   00000060    rw- .far.2
815a2d70    815a2d70    0000b7aa   0000b7aa    r--
  815a2d70    815a2d70    0000b7aa   0000b7aa    r-- .const.3
815ae520    815ae520    00000e38   00000da0    rw-
  815ae520    815ae520    00000da0   00000da0    rw- platform_lib
  815af2c0    815af2c0    00000098   00000000    rw- .bss
815af358    815af358    000001d1   000001d1    rw-
  815af358    815af358    000001d1   000001d1    rw- .neardata
815af52c    815af52c    0000003c   0000003c    r--
  815af52c    815af52c    0000003c   0000003c    r-- .rodata
815af580    815af580    00000194   00000000    rw-
  815af580    815af580    00000194   00000000    rw- emacComm
815af714    815af714    00031864   00031864    r--
  815af714    815af714    00031864   00031864    r-- .cinit


SECTION ALLOCATION MAP

 output                                  attributes/
section   page    origin      length       input sections
--------  ----  ----------  ----------   ----------------
.init_array 
*          0    00820000    00000000     UNINITIALIZED

.fardata   0    00820000    0000126a     
                  00820000    000005e0     evm_pe66.oe66 (.fardata)
                  008205e0    000001e0     rts6600_elf.lib : defs.obj (.fardata:_ftable)
                  008207c0    000000d8     evm_pe66.oe66 (.fardata:ti_sysbios_knl_Task_Object__table__V)
                  00820898    000000c0     evm_pe66.oe66 (.fardata:ti_sysbios_timers_timer64_Timer_Module_State_0_device__A)
                  00820958    000000b4     stk6_ppp_pppoe.ae66 : exec.oe66 (.fardata)
                  00820a0c    00000004     rts6600_elf.lib : defs.obj (.fardata)
                  00820a10    000000a0                     : lowlev.obj (.fardata:_stream)
                  00820ab0    00000080     evm_pe66.oe66 (.fardata:ti_sysbios_knl_Swi_Module_State_0_readyQ__A)
                  00820b30    00000080     evm_pe66.oe66 (.fardata:ti_sysbios_knl_Task_Module_State_0_readyQ__A)
                  00820bb0    00000078     hpdspua.obj (.fardata:ServiceStatus)
                  00820c28    00000078     rts6600_elf.lib : lowlev.obj (.fardata:_device)
                  00820ca0    00000050     nettool.ae66 : dnsclnt.oe66 (.fardata:DNSErrorStrings)
                  00820cf0    00000050     stk6_ppp_pppoe.ae66 : exec.oe66 (.fardata:tasks)
                  00820d40    0000004d     nettool.ae66 : dhcptags.oe66 (.fardata:DHCPTypeCode)
                  00820d8d    00000003     --HOLE--
                  00820d90    0000004c     evm_pe66.oe66 (.fardata:ti_sysbios_timers_timer64_Timer_Object__table__V)
                  00820ddc    00000004     rts6600_elf.lib : dtor_list.obj (.fardata)
                  00820de0    00000040     netctrl.ae66 : netsrv.oe66 (.fardata:CloseOrder)
                  00820e20    00000040                  : netsrv.oe66 (.fardata:OpenOrder)
                  00820e60    00000040     stk6_ppp_pppoe.ae66 : md5.oe66 (.fardata:PADDING)
                  00820ea0    00000040     nettool.ae66 : httpsend.oe66 (.fardata:codestr)
                  00820ee0    00000040     os.ae66 : intmgmt.oe66 (.fardata:hwiTable)
                  00820f20    00000040     evm_pe66.oe66 (.fardata:ti_sysbios_gates_GateMutex_Object__table__V)
                  00820f60    00000040     evm_pe66.oe66 (.fardata:ti_sysbios_timers_timer64_Timer_Module_State_0_gctrl__A)
                  00820fa0    00000040     evm_pe66.oe66 (.fardata:ti_sysbios_timers_timer64_Timer_Module_State_0_handles__A)
                  00820fe0    00000040     evm_pe66.oe66 (.fardata:ti_sysbios_timers_timer64_Timer_Module_State_0_intFreqs__A)
                  00821020    00000034     stk6_ppp_pppoe.ae66 : tcp6time.oe66 (.fardata:tcp_backoff)
                  00821054    0000000c     rts6600_elf.lib : exit.obj (.fardata)
                  00821060    00000034     stk6_ppp_pppoe.ae66 : tcptime.oe66 (.fardata:tcp_backoff)
                  00821094    00000004     rts6600_elf.lib : errno.obj (.fardata)
                  00821098    00000030     evm_pe66.oe66 (.fardata:ti_sysbios_knl_Swi_Object__table__V)
                  008210c8    0000002c     information.obj (.fardata:States)
                  008210f4    00000024     os.ae66 : ossys.oe66 (.fardata)
                  00821118    00000024     evm_pe66.oe66 (.fardata:xdc_runtime_LoggerBuf_Object__table__V)
                  0082113c    00000004     rts6600_elf.lib : strtok.obj (.fardata)
                  00821140    00000020     stk6_ppp_pppoe.ae66 : rtc.oe66 (.fardata:pstrMsgName)
                  00821160    00000020     evm_pe66.oe66 (.fardata:xdc_runtime_System_Module_State_0_atexitHandlers__A)
                  00821180    00000018     evm_pe66.oe66 (.fardata:ti_sysbios_family_c64p_Hwi_Object__table__V)
                  00821198    00000014     hpdspua.obj (.fardata:ReportStr)
                  008211ac    00000004     --HOLE--
                  008211b0    00000014     hpdspua.obj (.fardata:StatusStr)
                  008211c4    00000004     --HOLE--
                  008211c8    00000008     ti.transport.ndk.nimu.ae66 : nimu_eth.obj (.fardata:NIMUDeviceTable)
                  008211d0    00000014     stk6_ppp_pppoe.ae66 : sock6pcb.oe66 (.fardata:pSockList)
                  008211e4    00000008     rts6600_elf.lib : _lock.obj (.fardata)
                  008211ec    00000004     --HOLE--
                  008211f0    00000014     stk6_ppp_pppoe.ae66 : sockpcb.oe66 (.fardata:pSockList)
                  00821204    00000004     --HOLE--
                  00821208    00000014     evm_pe66.oe66 (.fardata:ti_sysbios_heaps_HeapMem_Object__table__V)
                  0082121c    00000004     --HOLE--
                  00821220    0000000b     stk6_ppp_pppoe.ae66 : tcp6out.oe66 (.fardata:tcp_outflags)
                  0082122b    00000005     --HOLE--
                  00821230    0000000b                         : tcpout.oe66 (.fardata:tcp_outflags)
                  0082123b    00000005     --HOLE--
                  00821240    00000008     evm_pe66.oe66 (.fardata:ti_sysbios_hal_Hwi_Object__table__V)
                  00821248    00000008     evm_pe66.oe66 (.fardata:ti_sysbios_hal_Timer_Object__table__V)
                  00821250    00000006     stk6_ppp_pppoe.ae66 : nimupppoe.oe66 (.fardata:MacBCast)
                  00821256    00000002     --HOLE--
                  00821258    00000004     evm_pe66.oe66 (.fardata:ti_sysbios_gates_GateHwi_Object__table__V)
                  0082125c    00000004     --HOLE--
                  00821260    00000006     stk6_ppp_pppoe.ae66 : lliout.oe66 (.fardata:bEtherBCast)
                  00821266    00000002     --HOLE--
                  00821268    00000002     hpdspua.obj (.fardata:DHCP_OPTIONS)

.stack     0    00821270    00001000     UNINITIALIZED
                  00821270    00000008     boot.ae66 : boot.oe66 (.stack)
                  00821278    00000ff8     --HOLE--

.far:NDK_OBJMEM 
*          0    00822270    00000600     UNINITIALIZED
                  00822270    00000600     os.ae66 : ossys.oe66 (.far:NDK_OBJMEM)

.switch.1 
*          0    00822870    00000390     
                  00822870    00000070     ti.drv.emac.ae66 : chip.oe66 (.switch:CSL_chipReadReg)
                  008228e0    00000060     nettool.ae66 : telnetd.oe66 (.switch:telnet_netdata)
                  00822940    0000003c     stk6_ppp_pppoe.ae66 : sock.oe66 (.switch:SockSet)
                  0082297c    00000038                         : icmpin.oe66 (.switch:ICMPInput)
                  008229b4    00000038                         : icmpv6in.oe66 (.switch:ICMPv6RxPacket)
                  008229ec    00000034                         : rawethsock.oe66 (.switch:RawEthSockSet)
                  00822a20    00000030     nettool.ae66 : dnspkt.oe66 (.switch:DNSReadRecord)
                  00822a50    00000030                  : dnscomn.oe66 (.switch:DNSResolveQuery)
                  00822a80    0000002c     stk6_ppp_pppoe.ae66 : sock6.oe66 (.switch:Sock6Set)
                  00822aac    00000028                         : lcp.oe66 (.switch:lcpInput)
                  00822ad4    00000020                         : tcp6prot.oe66 (.switch:TCP6PrSetOption)
                  00822af4    00000020                         : tcpprot.oe66 (.switch:TcpPrSetOption)
                  00822b14    00000020                         : ipcp.oe66 (.switch:ipcpInput)
                  00822b34    0000001c                         : sock6int.oe66 (.switch:Sock6Notify)
                  00822b50    0000001c                         : sockint.oe66 (.switch:SockNotify)
                  00822b6c    0000001c     nettool.ae66 : dhcpsm.oe66 (.switch:dhcpState)
                  00822b88    00000018     stk6_ppp_pppoe.ae66 : nimuppp.oe66 (.switch:pppEvent)
                  00822ba0    00000014                         : icmpv6in.oe66 (.switch:ICMPv6RecvDstUnreachable)
                  00822bb4    00000014                         : lli6.oe66 (.switch:LLI6TimerCheck)
                  00822bc8    00000014                         : nimu.oe66 (.switch:NIMUIoctl)
                  00822bdc    00000014     tasks.obj (.switch:dumpTask)
                  00822bf0    00000010     stk6_ppp_pppoe.ae66 : ipv6_exthdrs.oe66 (.switch:IPv6ParseHopOptions)

.vecs      0    00822c00    00000200     
                  00822c00    00000200     evm_pe66.oe66 (.vecs)

.switch.2 
*          0    00822e00    00000054     
                  00822e00    00000014     stk6_ppp_pppoe.ae66 : lcp.oe66 (.switch:lcpSendCfg)
                  00822e14    00000010                         : auth.oe66 (.switch:chapInput)
                  00822e24    00000010     nettool.ae66 : inetaddr.oe66 (.switch:inet_aton)
                  00822e34    00000010     stk6_ppp_pppoe.ae66 : ipcp.oe66 (.switch:ipcpSendCfg)
                  00822e44    00000010                         : nimupppoe.oe66 (.switch:pppoeCtrlMsg)

.cio       0    00822e58    00000120     UNINITIALIZED
                  00822e58    00000120     rts6600_elf.lib : trgmsg.obj (.cio)

.far:NDK_PACKETMEM 
*          0    0c000000    00052b00     UNINITIALIZED
                  0c000000    00052b00     stk6_ppp_pppoe.ae66 : pbm_data.oe66 (.far:NDK_PACKETMEM)

.far:taskStackSection 
*          0    0c052b00    00004800     UNINITIALIZED
                  0c052b00    00004800     evm_pe66.oe66 (.far:taskStackSection)

xdc.meta   0    80000000    00000100     COPY SECTION
                  80000000    00000100     evm_pe66.oe66 (xdc.meta)

.gBuffer   0    80000000    01312d00     UNINITIALIZED
                  80000000    01312d00     webpage.obj (.gBuffer)

.far:WEBDATA 
*          0    81312d00    0012b290     
                  81312d00    000f9968     webserver.obj (.far:WEBDATA) [fill = 0]
                  8140c668    00030fcd     webpage.obj (.far:WEBDATA)
                  8143d635    00000003     --HOLE--
                  8143d638    000008c8     ndkbenchmark.obj (.far:WEBDATA) [fill = 0]
                  8143df00    00000090     statistics.obj (.far:WEBDATA) [fill = 0]

.const.1   0    8143df90    00000010     
                  8143df90    00000010     evm_pe66.oe66 (.const:ti_sysbios_family_c64p_EventCombiner_EVTMASK__C)

.text.1    0    8143dfa0    00000060     
                  8143dfa0    00000060     stk6_ppp_pppoe.ae66 : bind.oe66 (.text:BindFindByHost)

systemHeap 
*          0    8143e000    000f4240     UNINITIALIZED
                  8143e000    000f4240     evm_pe66.oe66 (systemHeap)

.text.2    0    81532240    00060b00     
                  81532240    00002520     ndkbenchmark.obj (.text)
                  81534760    00001a00     stk6_ppp_pppoe.ae66 : tcpin.oe66 (.text:TcpInput)
                  81536160    000019a0                         : tcp6in.oe66 (.text:TCP6Input)
                  81537b00    00001980     ti.platform.evm6657l.ae66 : platform.obj (.text)
                  81539480    00001240     stk6_ppp_pppoe.ae66 : tcpout.oe66 (.text:TcpOutput)
                  8153a6c0    00001180                         : tcp6out.oe66 (.text:TCP6Output)
                  8153b840    000010a0     information.obj (.text)
                  8153c8e0    00001060     ndkloopback.obj (.text)
                  8153d940    00001060     ti.transport.ndk.nimu.ae66 : nimu_eth.obj (.text)
                  8153e9a0    00000c60     webserver.obj (.text)
                  8153f600    00000b80     stk6_ppp_pppoe.ae66 : ipin.oe66 (.text:IPRxPacket)
                  81540180    00000b20     ti.platform.evm6657l.ae66 : evmc665x_nand.obj (.text)
                  81540ca0    00000aa0     stk6_ppp_pppoe.ae66 : md5.oe66 (.text:MD5Transform)
                  81541740    00000aa0     hpdspua.obj (.text)
                  815421e0    000009c0     stk6_ppp_pppoe.ae66 : ipout.oe66 (.text:IPTxPacket)
                  81542ba0    000009a0                         : lcp.oe66 (.text:lcpInput)
                  81543540    000009a0     ti.targets.rts6000.ae66 : System.oe66 (.text:xdc_runtime_System_doPrint__I)
                  81543ee0    00000920     nettool.ae66 : dnscomn.oe66 (.text:DNSResolveByName)
                  81544800    000008a0                  : httpclie.oe66 (.text:httpClientProcess)
                  815450a0    000007e0     ti.drv.emac.ae66 : emac.oe66 (.text:EMAC_coreInit)
                  81545880    000007e0     stk6_ppp_pppoe.ae66 : ipcp.oe66 (.text:ipcpInput)
                  81546060    000007e0     ti.platform.evm6657l.ae66 : evmc6657.obj (.text)
                  81546840    000007c0     nettool.ae66 : dnscomn.oe66 (.text:DNSResolveByNS)
                  81547000    000007c0                  : httpsend.oe66 (.text:SetContentType)
                  815477c0    000007c0     stk6_ppp_pppoe.ae66 : sock.oe66 (.text:SockSet)
                  81547f80    000007c0     statistics.obj (.text)
                  81548740    000007a0     stk6_ppp_pppoe.ae66 : fileuser.oe66 (.text:fdPoll)
                  81548ee0    000007a0     ti.platform.evm6657l.ae66 : evmc665x_i2c_eeprom.obj (.text)
                  81549680    00000780     sysbios.lib : BIOS.obj (.text:ti_sysbios_family_c64p_Exception_handler__I)
                  81549e00    000006e0     flash.obj (.text)
                  8154a4e0    000006c0     nettool.ae66 : telnetd.oe66 (.text:telnet_netdata)
                  8154aba0    00000680     stk6_ppp_pppoe.ae66 : icmpv6_ndisc.oe66 (.text:ICMPv6RecvRA)
                  8154b220    00000660     nettool.ae66 : dnscomn.oe66 (.text:DNSResolveByAddr)
                  8154b880    00000660     ti.drv.emac.ae66 : emac_drv.oe66 (.text:emac_init)
                  8154bee0    00000660     sysbios.lib : BIOS.obj (.text:ti_sysbios_heaps_HeapMem_free__E)
                  8154c540    00000620     stk6_ppp_pppoe.ae66 : route6.oe66 (.text:Rt6Create)
                  8154cb60    00000620     sysbios.lib : BIOS.obj (.text:ti_sysbios_heaps_HeapMem_alloc__E)
                  8154d180    000005e0     nettool.ae66 : dnsclnt.oe66 (.text:DNSResolve)
                  8154d760    000005e0     ti.drv.emac.ae66 : emac_drv.oe66 (.text:emac_open)
                  8154dd40    000005c0     stk6_ppp_pppoe.ae66 : ipfrag.oe66 (.text:IPReasm)
                  8154e300    000005c0     rts6600_elf.lib : divd.obj (.text:__c6xabi_divd)
                  8154e8c0    000005c0                     : _printfi.obj (.text:_getarg_diouxp)
                  8154ee80    000005c0     sysbios.lib : BIOS.obj (.text:ti_sysbios_timers_timer64_Timer_Module_startup__F)
                  8154f440    000005a0     stk6_ppp_pppoe.ae66 : icmpin.oe66 (.text:ICMPInput)
                  8154f9e0    00000580                         : nimuppp.oe66 (.text:pppEvent)
                  8154ff60    00000560     ti.drv.emac.ae66 : emac.oe66 (.text:EMAC_commonInit)
                  815504c0    00000560     stk6_ppp_pppoe.ae66 : ipv6.oe66 (.text:IPv6IPAddressToString)
                  81550a20    00000520                         : sock.oe66 (.text:SockNew)
                  81550f40    00000500     sysbios.lib : BIOS.obj (.text:ti_sysbios_knl_Task_Instance_finalize__F)
                  81551440    000004e0     stk6_ppp_pppoe.ae66 : udp.oe66 (.text:UdpInput)
                  81551920    000004e0                         : nimupppoe.oe66 (.text:pppoeInputS)
                  81551e00    000004c0                         : sock6.oe66 (.text:Sock6Connect)
                  815522c0    000004c0                         : sock6.oe66 (.text:Sock6Set)
                  81552780    000004c0     flashread.obj (.text)
                  81552c40    000004c0     webpage.obj (.text)
                  81553100    000004a0     stk6_ppp_pppoe.ae66 : bind6.oe66 (.text:Bind6New)
                  815535a0    000004a0                         : lliin.oe66 (.text:LLIRxPacket)
                  81553a40    000004a0                         : sock6.oe66 (.text:Sock6Recv)
                  81553ee0    000004a0                         : sock.oe66 (.text:SockRecv)
                  81554380    00000460     rts6600_elf.lib : _printfi.obj (.text:_printfi)
                  815547e0    00000460                     : _printfi.obj (.text:_setfield)
                  81554c40    00000460     stk6_ppp_pppoe.ae66 : nimuppp.oe66 (.text:pppNew)
                  815550a0    00000460     ti.platform.evm6657l.ae66 : evmc665x_spi.obj (.text)
                  81555500    00000440     stk6_ppp_pppoe.ae66 : sock6.oe66 (.text:Sock6New)
                  81555940    00000440                         : auth.oe66 (.text:chapInput)
                  81555d80    00000440                         : fileuser.oe66 (.text:fdSelect)
                  815561c0    00000440                         : nimupppoe.oe66 (.text:pppoeInputC)
                  81556600    00000420     nettool.ae66 : daemon.oe66 (.text:daemon)
                  81556a20    00000400     stk6_ppp_pppoe.ae66 : sock6.oe66 (.text:Sock6Send)
                  81556e20    00000400     os.ae66 : efs.oe66 (.text:efs_filecheck)
                  81557220    00000400     i2cread.obj (.text)
                  81557620    00000400     sysbios.lib : BIOS.obj (.text:ti_sysbios_knl_Semaphore_pend__E)
                  81557a20    000003e0     ti.drv.emac.ae66 : emac.oe66 (.text:EMAC_coreDeInit)
                  81557e00    000003e0     stk6_ppp_pppoe.ae66 : ipv6_frag.oe66 (.text:IPv6TxFragPacket)
                  815581e0    000003e0     diagnostic.obj (.text)
                  815585c0    000003e0     diagpage.obj (.text)
                  815589a0    000003e0     flashwrite.obj (.text)
                  81558d80    000003c0     stk6_ppp_pppoe.ae66 : ipv6out.oe66 (.text:IPv6TxPacket)
                  81559140    000003c0                         : lli6.oe66 (.text:LLI6TimerCheck)
                  81559500    000003c0                         : sock.oe66 (.text:SockSend)
                  815598c0    000003c0                         : tcp6.oe66 (.text:TCP6TimeoutCheck)
                  81559c80    000003c0                         : tcp.oe66 (.text:TcpTimeoutCheck)
                  8155a040    000003c0     rts6600_elf.lib : strtol.obj (.text:strtol)
                  8155a400    000003c0     ti.platform.evm6657l.ae66 : evmc665x_nor.obj (.text)
                  8155a7c0    000003c0     sysbios.lib : BIOS.obj (.text:ti_sysbios_knl_Task_Instance_init__F)
                  8155ab80    000003c0                 : BIOS.obj (.text:ti_sysbios_knl_Task_setPri__E)
                  8155af40    000003a0     stk6_ppp_pppoe.ae66 : nimu.oe66 (.text:NIMUIoctl)
                  8155b2e0    000003a0                         : route.oe66 (.text:RtCreate)
                  8155b680    000003a0                         : sb.oe66 (.text:SBRead)
                  8155ba20    000003a0     os.ae66 : mem.oe66 (.text:_mmCheck)
                  8155bdc0    000003a0     rts6600_elf.lib : fputs.obj (.text:fputs)
                  8155c160    000003a0     stk6_ppp_pppoe.ae66 : auth.oe66 (.text:papInput)
                  8155c500    00000380                         : icmpv6in.oe66 (.text:ICMPv6RxPacket)
                  8155c880    00000380                         : igmp.oe66 (.text:IGMPInput)
                  8155cc00    00000380                         : sock6int.oe66 (.text:Sock6Notify)
                  8155cf80    00000380                         : sock.oe66 (.text:SockConnect)
                  8155d300    00000380                         : sockint.oe66 (.text:SockNotify)
                  8155d680    00000380     nettool.ae66 : dhcppkt.oe66 (.text:dhcpPacketProcess)
                  8155da00    00000380     ti.platform.evm6657l.ae66 : evmc665x_fpga.obj (.text)
                  8155dd80    00000360     stk6_ppp_pppoe.ae66 : icmpv6out.oe66 (.text:ICMPv6SendParameterProblem)
                  8155e0e0    00000360                         : ipv6_frag.oe66 (.text:IPv6FragReasm)
                  8155e440    00000360                         : lliout.oe66 (.text:LLITxIpPacket)
                  8155e7a0    00000340     os.ae66 : mem.oe66 (.text:mmAlloc)
                  8155eae0    00000340     stk6_ppp_pppoe.ae66 : nimupppoe.oe66 (.text:pppoeSI)
                  8155ee20    00000340     ti.platform.evm6657l.ae66 : evmc665x_uart.obj (.text)
                  8155f160    00000320     nettool.ae66 : config.oe66 (.text:CfgAddEntry)
                  8155f480    00000320                  : dnspkt.oe66 (.text:DNSReadRecord)
                  8155f7a0    00000320     stk6_ppp_pppoe.ae66 : icmpv6_ndisc.oe66 (.text:ICMPv6RecvRedirect)
                  8155fac0    00000320                         : nimupppoe.oe66 (.text:SendServerMsg)
                  8155fde0    00000320     rts6600_elf.lib : _printfi.obj (.text:_pproc_fge)
                  81560100    00000320     nettool.ae66 : telnetd.oe66 (.text:telnet_engine)
                  81560420    00000300     stk6_ppp_pppoe.ae66 : icmpv6_ndisc.oe66 (.text:ICMPv6RecvNS)
                  81560720    00000300                         : icmpv6out.oe66 (.text:ICMPv6SendDstUnreachable)
                  81560a20    00000300                         : icmpv6out.oe66 (.text:ICMPv6SendTimeExceeded)
                  81560d20    00000300     netctrl.ae66 : netctrl.oe66 (.text:NetScheduler)
                  81561020    00000300     stk6_ppp_pppoe.ae66 : sock6pcb.oe66 (.text:Sock6PcbBind)
                  81561320    00000300                         : udp6.oe66 (.text:Udp6Input)
                  81561620    00000300     nettool.ae66 : inetaddr.oe66 (.text:inet_aton)
                  81561920    00000300     sysbios.lib : BIOS.obj (.text:ti_sysbios_family_c64p_Hwi_dispatchC__I)
                  81561c20    000002e0     stk6_ppp_pppoe.ae66 : ipv6_frag.oe66 (.text:IPv6FragQEnqueueFrag)
                  81561f00    000002e0                         : route6.oe66 (.text:Rt6Find)
                  815621e0    000002e0                         : nimupppoe.oe66 (.text:SendClientMsg)
                  815624c0    000002e0                         : udp.oe66 (.text:UdpOutput)
                  815627a0    000002e0     rts6600_elf.lib : _printfi.obj (.text:_pproc_fwp)
                  81562a80    000002e0     sysbios.lib : BIOS.obj (.text:ti_sysbios_knl_Task_Module_startup__F)
                  81562d60    000002c0     stk6_ppp_pppoe.ae66 : bind.oe66 (.text:BindNew)
                  81563020    000002c0     nettool.ae66 : dnspkt.oe66 (.text:DNSGetReply)
                  815632e0    000002c0                  : dnscomn.oe66 (.text:DNSResolveExternal)
                  815635a0    000002c0     stk6_ppp_pppoe.ae66 : sb6.oe66 (.text:SB6Read)
                  81563860    000002c0                         : sock6pcb.oe66 (.text:Sock6PcbResolve)
                  81563b20    000002c0                         : udp6.oe66 (.text:Udp6Output)
                  81563de0    000002c0                         : nimuppp.oe66 (.text:pppInput)
                  815640a0    000002a0                         : ipv6_exthdrs.oe66 (.text:IPv6ParseExtnHeaders)
                  81564340    000002a0                         : node.oe66 (.text:NodeAdd)
                  815645e0    000002a0                         : route6.oe66 (.text:Rt6Free)
                  81564880    000002a0                         : rtable.oe66 (.text:RtFind)
                  81564b20    000002a0                         : sock6pcb.oe66 (.text:Sock6PcbFind)
                  81564dc0    000002a0                         : sock.oe66 (.text:SockClose)
                  81565060    000002a0                         : tcp6prot.oe66 (.text:TCP6PrSetOption)
                  81565300    000002a0                         : tcpprot.oe66 (.text:TcpPrSetOption)
                  815655a0    000002a0     rts6600_elf.lib : _printfi.obj (.text:fcvt)
                  81565840    000002a0     platform_osal.obj (.text)
                  81565ae0    000002a0     tasks.obj (.text)
                  81565d80    000002a0     sysbios.lib : BIOS.obj (.text:ti_sysbios_knl_Clock_workFunc__E)
                  81566020    000002a0                 : BIOS.obj (.text:ti_sysbios_knl_Task_sleep__E)
                  815662c0    00000280     nettool.ae66 : dhcpmain.oe66 (.text:DHCPOpen)
                  81566540    00000280     stk6_ppp_pppoe.ae66 : icmp.oe66 (.text:ICMPGenPacket)
                  815667c0    00000280                         : icmpv6in.oe66 (.text:ICMPv6RecvEchoRequest)
                  81566a40    00000280     os.ae66 : intmgmt.oe66 (.text:Interrupt_add)
                  81566cc0    00000280     stk6_ppp_pppoe.ae66 : lli6.oe66 (.text:LLI6NeighUnreachStateMachine)
                  81566f40    00000280                         : sockpcb.oe66 (.text:SockPcbResolve)
                  815671c0    00000280                         : sock.oe66 (.text:SockRecvNC)
                  81567440    00000280                         : tcp6out.oe66 (.text:TCP6GenPacket)
                  815676c0    00000280     sysbios.lib : BIOS.obj (.text:deviceConfig$44)
                  81567940    00000280     rts6600_elf.lib : _printfi.obj (.text:ecvt)
                  81567bc0    00000280     ti.drv.emac.ae66 : emac_drv.oe66 (.text:emac_config)
                  81567e40    00000280     stk6_ppp_pppoe.ae66 : ipcp.oe66 (.text:ipcpSendCfg)
                  815680c0    00000280                         : lcp.oe66 (.text:lcpSendCfg)
                  81568340    00000280     sysbios.lib : BIOS.obj (.text:ti_sysbios_knl_Clock_Instance_init__F)
                  815685c0    00000280                 : BIOS.obj (.text:ti_sysbios_knl_Task_exit__E)
                  81568840    00000280     ti.targets.rts6000.ae66 : Core-mem.oe66 (.text:xdc_runtime_Core_createObject__I)
                  81568ac0    00000280                             : Error.oe66 (.text:xdc_runtime_Error_raiseX__F)
                  81568d40    00000260     ti.drv.emac.ae66 : emac.oe66 (.text:EMAC_setMulticast)
                  81568fa0    00000260     stk6_ppp_pppoe.ae66 : icmpv6_ndisc.oe66 (.text:ICMPv6SendNA)
                  81569200    00000260                         : icmpv6_ndisc.oe66 (.text:ICMPv6SendNS)
                  81569460    00000260                         : lli6.oe66 (.text:LLI6TxIPPacket)
                  815696c0    00000260                         : nimu.oe66 (.text:NIMUReceivePacket)
                  81569920    00000260                         : rawethsock.oe66 (.text:RawEthSockSet)
                  81569b80    00000260                         : sb6.oe66 (.text:SB6Write)
                  81569de0    00000260                         : sb.oe66 (.text:SBWrite)
                  8156a040    00000260                         : sock6.oe66 (.text:Sock6Close)
                  8156a2a0    00000260                         : sockpcb.oe66 (.text:SockPcbBind)
                  8156a500    00000260     ti.drv.emac.ae66 : emac_drv.oe66 (.text:emac_send)
                  8156a760    00000260     nettool.ae66 : httppars.oe66 (.text:httpParseRecv)
                  8156a9c0    00000260     ti.targets.rts6000.ae66 : Startup.oe66 (.text:xdc_runtime_Startup_startMods__I)
                  8156ac20    00000260     evm_pe66.oe66 (.text:xdc_runtime_System_printfExtend__I)
                  8156ae80    00000240     nettool.ae66 : dnspkt.oe66 (.text:DNSWriteRecord)
                  8156b0c0    00000240                  : daemon.oe66 (.text:DaemonNew)
                  8156b300    00000240     stk6_ppp_pppoe.ae66 : pipe.oe66 (.text:PipeRecv)
                  8156b540    00000240                         : raw.oe66 (.text:RawInput)
                  8156b780    00000240     rts6600_elf.lib : imath64.obj (.text:__c6xabi_divull)
                  8156b9c0    00000240                     : _printfi.obj (.text:_pconv_e)
                  8156bc00    00000240                     : _printfi.obj (.text:_pproc_diouxp)
                  8156be40    00000240     nettool.ae66 : dhcpsm.oe66 (.text:dhcpIPAdd)
                  8156c080    00000240                  : dhcpsm.oe66 (.text:dhcpState)
                  8156c2c0    00000240     sysbios.lib : BIOS.obj (.text:ti_sysbios_family_c64p_Exception_internalHandler__I)
                  8156c500    00000240                 : BIOS.obj (.text:ti_sysbios_knl_Semaphore_post__E)
                  8156c740    00000240     ti.targets.rts6000.ae66 : LoggerBuf.oe66 (.text:xdc_runtime_LoggerBuf_write8__F)
                  8156c980    00000220     stk6_ppp_pppoe.ae66 : bind6.oe66 (.text:Bind6RunDAD)
                  8156cba0    00000220     nettool.ae66 : dnspkt.oe66 (.text:DNSWriteName)
                  8156cdc0    00000220     ti.drv.emac.ae66 : emac.oe66 (.text:EMAC_sendPacket)
                  8156cfe0    00000220     stk6_ppp_pppoe.ae66 : icmpv6_ndisc.oe66 (.text:ICMPv6RecvNA)
                  8156d200    00000220                         : igmp.oe66 (.text:IGMPJoinHostGroup)
                  8156d420    00000220                         : ipv6in.oe66 (.text:IPv6RxPacket)
                  8156d640    00000220                         : rawethsock.oe66 (.text:RawEthSockNew)
                  8156d860    00000220                         : sockpcb.oe66 (.text:SockPcbFind)
                  8156da80    00000220     rts6600_elf.lib : _printfi.obj (.text:_pproc_str)
                  8156dca0    00000220     nettool.ae66 : dhcppkt.oe66 (.text:dhcpVerifyMessage)
                  8156dec0    00000220     rts6600_elf.lib : fputc.obj (.text:fputc)
                  8156e0e0    00000220     nettool.ae66 : httpclie.oe66 (.text:httpGetAuthParams)
                  8156e300    00000220     sysbios.lib : BIOS.obj (.text:ti_sysbios_family_c64p_Hwi_reconfig__E)
                  8156e520    00000220                 : BIOS.obj (.text:ti_sysbios_knl_Swi_run__I)
                  8156e740    00000220                 : BIOS.obj (.text:ti_sysbios_knl_Task_schedule__I)
                  8156e960    00000220                 : BIOS.obj (.text:ti_sysbios_knl_Task_startup__E)
                  8156eb80    00000200     ti.drv.emac.ae66 : emac.oe66 (.text:EMAC_RxServiceCheck)
                  8156ed80    00000200     stk6_ppp_pppoe.ae66 : ipv6_frag.oe66 (.text:IPv6ParseFragHdr)
                  8156ef80    00000200                         : lli6.oe66 (.text:LLI6New)
                  8156f180    00000200                         : rtc.oe66 (.text:RTCReport)
                  8156f380    00000200                         : raw6.oe66 (.text:Raw6Output)
                  8156f580    00000200     rts6600_elf.lib : _printfi.obj (.text:_pconv_g)
                  8156f780    00000200     sysbios.lib : c64p_Hwi_disp_always.obj (.text:_ti_sysbios_family_c64p_Hwi_dispatchAlways)
                  8156f980    00000200     stk6_ppp_pppoe.ae66 : socket.oe66 (.text:accept)
                  8156fb80    00000200     sysbios.lib : BIOS.obj (.text:block$56)
                  8156fd80    00000200     stk6_ppp_pppoe.ae66 : nimupppoe.oe66 (.text:pppoeCtrlMsg)
                  8156ff80    00000200     rts6600_elf.lib : setvbuf.obj (.text:setvbuf)
                  81570180    000001e0     nettool.ae66 : dnspkt.oe66 (.text:DNSReadName)
                  81570360    000001e0     stk6_ppp_pppoe.ae66 : igmp.oe66 (.text:IGMPSendReply)
                  81570540    000001e0                         : route6.oe66 (.text:Rt6Modify)
                  81570720    000001e0     ti.drv.emac.ae66 : sgmii.oe66 (.text:SGMII_config)
                  81570900    000001e0     stk6_ppp_pppoe.ae66 : sock6pcb.oe66 (.text:Sock6PcbFindRaw)
                  81570ae0    000001e0                         : tcpout.oe66 (.text:TcpGenPacket)
                  81570cc0    000001e0                         : auth.oe66 (.text:chapSendMsg)
                  81570ea0    000001e0     nettool.ae66 : dhcpsock.oe66 (.text:dhcpSocketOpen)
                  81571080    000001e0     ti.drv.emac.ae66 : emac.oe66 (.text:emacDequeueRx)
                  81571260    000001e0     stk6_ppp_pppoe.ae66 : socket.oe66 (.text:recvnc)
                  81571440    000001e0                         : socket.oe66 (.text:sendto)
                  81571620    000001e0     sysbios.lib : BIOS.obj (.text:ti_sysbios_knl_Task_postInit__I)
                  81571800    000001e0                 : BIOS.obj (.text:ti_sysbios_timers_timer64_Timer_getFreq__E)
                  815719e0    000001c0     nettool.ae66 : config.oe66 (.text:CfgExecute)
                  81571ba0    000001c0     ti.drv.emac.ae66 : emac.oe66 (.text:EMAC_TxServiceCheck)
                  81571d60    000001c0     stk6_ppp_pppoe.ae66 : ip.oe66 (.text:IPGetRoute)
                  81571f20    000001c0                         : ipv6_exthdrs.oe66 (.text:IPv6ParseHopOptions)
                  815720e0    000001c0                         : lliout.oe66 (.text:LLIGenArpPacket)
                  815722a0    000001c0     netctrl.ae66 : netsrv.oe66 (.text:SPIpNet)
                  81572460    000001c0     stk6_ppp_pppoe.ae66 : tcptime.oe66 (.text:TcpTimeoutRexmt)
                  81572620    000001c0                         : lli.oe66 (.text:_LLITimeoutCheck)
                  815727e0    000001c0     rts6600_elf.lib : _printfi.obj (.text:_mcpy)
                  815729a0    000001c0     nettool.ae66 : dhcpbild.oe66 (.text:dhcpBuildHeader)
                  81572b60    000001c0     stk6_ppp_pppoe.ae66 : fileuser.oe66 (.text:fdClose)
                  81572d20    000001c0     flasherase.obj (.text)
                  81572ee0    000001c0     stk6_ppp_pppoe.ae66 : socket.oe66 (.text:recvncfrom)
                  815730a0    000001c0     sysbios.lib : BIOS.obj (.text:ti_sysbios_knl_Task_checkStacks__E)
                  81573260    000001c0                 : BIOS.obj (.text:ti_sysbios_timers_timer64_Timer_setPeriodMicroSecs__E)
                  81573420    000001a0     stk6_ppp_pppoe.ae66 : bind6.oe66 (.text:Bind6Msg)
                  815735c0    000001a0     nettool.ae66 : config.oe66 (.text:CfgRemoveEntry)
                  81573760    000001a0                  : dnscomn.oe66 (.text:DNSResolveQuery)
                  81573900    000001a0     rts6600_elf.lib : trgdrv.obj (.text:HOSTrename)
                  81573aa0    000001a0     stk6_ppp_pppoe.ae66 : icmpin.oe66 (.text:ICMPRevSrcRoute)
                  81573c40    000001a0                         : ipv6_frag.oe66 (.text:IPv6FragMsg)
                  81573de0    000001a0                         : ipv6_exthdrs.oe66 (.text:IPv6ParseRoutingHdr)
                  81573f80    000001a0     netctrl.ae66 : netctrl.oe66 (.text:NC_NetStart)
                  81574120    000001a0     stk6_ppp_pppoe.ae66 : node.oe66 (.text:NodeTreeFree)
                  815742c0    000001a0                         : raw6.oe66 (.text:Raw6Input)
                  81574460    000001a0                         : route6.oe66 (.text:Route6LifetimeMgmt)
                  81574600    000001a0                         : sockint.oe66 (.text:SockCreatePacket)
                  815747a0    000001a0     nettool.ae66 : dhcpsm.oe66 (.text:StateRenewRebind)
                  81574940    000001a0     stk6_ppp_pppoe.ae66 : tcp6time.oe66 (.text:TCP6TimeoutRexmt)
                  81574ae0    000001a0     rts6600_elf.lib : imath40.obj (.text:__c6xabi_divul)
                  81574c80    000001a0     cgi.ae66 : cgiparse.oe66 (.text:cgiParseVars)
                  81574e20    000001a0     nettool.ae66 : dhcptags.oe66 (.text:dhcpBuildOptions)
                  81574fc0    000001a0     ti.drv.emac.ae66 : emac_drv.oe66 (.text:emac_init_queue)
                  81575160    000001a0     stk6_ppp_pppoe.ae66 : socket.oe66 (.text:getpeername)
                  81575300    000001a0                         : socket.oe66 (.text:getsockname)
                  815754a0    000001a0     nettool.ae66 : telnetd.oe66 (.text:telnet_termdata)
                  81575640    000001a0     sysbios.lib : BIOS.obj (.text:ti_sysbios_gates_GateMutex_enter__E)
                  815757e0    000001a0                 : BIOS.obj (.text:ti_sysbios_timers_timer64_Timer_start__E)
                  81575980    000001a0     ti.targets.rts6000.ae66 : LoggerBuf.oe66 (.text:xdc_runtime_LoggerBuf_write4__F)
                  81575b20    00000180     stk6_ppp_pppoe.ae66 : bind6.oe66 (.text:Bind6GetGlobalAddress)
                  81575ca0    00000180     ti.drv.emac.ae66 : emac.oe66 (.text:EMAC_setReceiveFilter)
                  81575e20    00000180     stk6_ppp_pppoe.ae66 : igmp.oe66 (.text:IGMPMsg)
                  81575fa0    00000180                         : lli.oe66 (.text:LLIAddStaticEntry)
                  81576120    00000180                         : nimu.oe66 (.text:NIMURegister)
                  815762a0    00000180     netctrl.ae66 : netsrv.oe66 (.text:ServiceScan)
                  81576420    00000180                  : netsrv.oe66 (.text:ServiceSpawn)
                  815765a0    00000180     nettool.ae66 : dhcpsm.oe66 (.text:StateBound)
                  81576720    00000180     rts6600_elf.lib : copy_decompress_rle.obj (.text:__TI_decompress_rle_core)
                  815768a0    00000180     stk6_ppp_pppoe.ae66 : socket.oe66 (.text:bind)
                  81576a20    00000180                         : socket.oe66 (.text:connect)
                  81576ba0    00000180     nettool.ae66 : dhcpbild.oe66 (.text:dhcpBuildRequest)
                  81576d20    00000180     ti.drv.emac.ae66 : emac.oe66 (.text:emacEnqueueTx)
                  81576ea0    00000180                      : emac_drv.oe66 (.text:emac_int_service)
                  81577020    00000180                      : emac_drv.oe66 (.text:emac_rx_packet)
                  815771a0    00000180     os.ae66 : task.oe66 (.text:llEnter)
                  81577320    00000180     stk6_ppp_pppoe.ae66 : auth.oe66 (.text:papSendCfg)
                  815774a0    00000180     sysbios.lib : c64p_Exception_asm.obj (.text)
                  81577620    00000180                 : BIOS.obj (.text:ti_sysbios_heaps_HeapMem_Instance_init__F)
                  815777a0    00000180                 : BIOS.obj (.text:ti_sysbios_knl_Swi_schedule__I)
                  81577920    00000180                 : BIOS.obj (.text:ti_sysbios_knl_Task_unblockI__E)
                  81577aa0    00000180     ti.targets.rts6000.ae66 : Text.oe66 (.text:xdc_runtime_Text_putSite__F)
                  81577c20    00000160     nettool.ae66 : config.oe66 (.text:CfgGetEntry)
                  81577d80    00000160                  : config.oe66 (.text:CfgGetNextEntry)
                  81577ee0    00000160     os.ae66 : ossys.oe66 (.text:DbgPrintf)
                  81578040    00000160     stk6_ppp_pppoe.ae66 : igmp.oe66 (.text:IGMPDoMCast)
                  815781a0    00000160                         : nimu.oe66 (.text:NIMUIoctlSpecialCmd)
                  81578300    00000160                         : pbm.oe66 (.text:PBM_free)
                  81578460    00000160                         : nimuppp.oe66 (.text:PPPStop)
                  815785c0    00000160                         : pipe.oe66 (.text:PipeSend)
                  81578720    00000160                         : raw.oe66 (.text:RawOutput)
                  81578880    00000160                         : rtable.oe66 (.text:RtTimeoutCheck)
                  815789e0    00000160                         : rtable.oe66 (.text:RtWalkNext)
                  81578b40    00000160     netctrl.ae66 : netsrv.oe66 (.text:SPRoute)
                  81578ca0    00000160     stk6_ppp_pppoe.ae66 : sock6.oe66 (.text:Sock6Check)
                  81578e00    00000160                         : sock6int.oe66 (.text:Sock6CreatePacket)
                  81578f60    00000160                         : sock6pcb.oe66 (.text:Sock6PcbConnect)
                  815790c0    00000160                         : sock.oe66 (.text:SockCheck)
                  81579220    00000160                         : sockpcb.oe66 (.text:SockGetPcb)
                  81579380    00000160                         : sockpcb.oe66 (.text:SockPcbConnect)
                  815794e0    00000160     nettool.ae66 : dhcpsm.oe66 (.text:StateRequesting)
                  81579640    00000160     stk6_ppp_pppoe.ae66 : tcp6time.oe66 (.text:TCP6TimeoutKeep)
                  815797a0    00000160                         : tcptime.oe66 (.text:TcpTimeoutKeep)
                  81579900    00000160                         : auth.oe66 (.text:authInit)
                  81579a60    00000160     ti.drv.emac.ae66 : emac_drv.oe66 (.text:emac_close)
                  81579bc0    00000160                      : emac_drv.oe66 (.text:emac_get_stats)
                  81579d20    00000160     nettool.ae66 : httpclie.oe66 (.text:httpExtractTag)
                  81579e80    00000160                  : httpsend.oe66 (.text:httpSendErrorHTML)
                  81579fe0    00000160     stk6_ppp_pppoe.ae66 : socket.oe66 (.text:setsockopt)
                  8157a140    00000160     nettool.ae66 : telnetd.oe66 (.text:telnetClientProcess)
                  8157a2a0    00000140     stk6_ppp_pppoe.ae66 : bind6.oe66 (.text:Bind6DADCheck)
                  8157a3e0    00000140                         : bind6.oe66 (.text:Bind6Free)
                  8157a520    00000140     ti.drv.emac.ae66 : chip.oe66 (.text:CSL_chipReadReg)
                  8157a660    00000140                      : emac.oe66 (.text:EMAC_commonDeInit)
                  8157a7a0    00000140     stk6_ppp_pppoe.ae66 : exec.oe66 (.text:ExecOpen)
                  8157a8e0    00000140                         : icmp.oe66 (.text:ICMPSendRtAdv)
                  8157aa20    00000140                         : igmp.oe66 (.text:IGMPJoin)
                  8157ab60    00000140                         : ipv6.oe66 (.text:IPv6DisplayIPAddress)
                  8157aca0    00000140                         : lli6.oe66 (.text:LLI6Find)
                  8157ade0    00000140                         : lli.oe66 (.text:LLINew)
                  8157af20    00000140                         : node.oe66 (.text:NodeFind)
                  8157b060    00000140                         : node.oe66 (.text:NodeWalk)
                  8157b1a0    00000140                         : pbm.oe66 (.text:PBM_alloc)
                  8157b2e0    00000140                         : rtable.oe66 (.text:RtFlush)
                  8157b420    00000140                         : sb6.oe66 (.text:SB6New)
                  8157b560    00000140     netctrl.ae66 : netsrv.oe66 (.text:ServiceKill)
                  8157b6a0    00000140     stk6_ppp_pppoe.ae66 : sock6.oe66 (.text:Sock6Accept)
                  8157b7e0    00000140                         : sock6.oe66 (.text:Sock6Listen)
                  8157b920    00000140                         : sock.oe66 (.text:SockAccept)
                  8157ba60    00000140                         : sock.oe66 (.text:SockListen)
                  8157bba0    00000140                         : sockpcb.oe66 (.text:SockPcbCtlError)
                  8157bce0    00000140     boot.ae66 : autoinit.oe66 (.text:_auto_init_elf)
                  8157be20    00000140     rts6600_elf.lib : _printfi.obj (.text:_pproc_fflags)
                  8157bf60    00000140     stk6_ppp_pppoe.ae66 : auth.oe66 (.text:authGetPassword)
                  8157c0a0    00000140     nettool.ae66 : dhcptags.oe66 (.text:dhcpDecodeType)
                  8157c1e0    00000140     ti.drv.emac.ae66 : emac.oe66 (.text:emacDequeueTx)
                  8157c320    00000140                      : emac.oe66 (.text:emacEnqueueRx)
                  8157c460    00000140     rts6600_elf.lib : lowlev.obj (.text:getdevice)
                  8157c5a0    00000140     nettool.ae66 : httpsend.oe66 (.text:httpAuthenticationReq)
                  8157c6e0    00000140     os.ae66 : mem.oe66 (.text:mmCopy)
                  8157c820    00000140     stk6_ppp_pppoe.ae66 : socket.oe66 (.text:recv)
                  8157c960    00000140                         : socket.oe66 (.text:send)
                  8157caa0    00000140     sysbios.lib : BIOS.obj (.text:ti_sysbios_family_c64p_Hwi_Module_startup__F)
                  8157cbe0    00000140                 : BIOS.obj (.text:ti_sysbios_family_c66_Cache_Module_startup__F)
                  8157cd20    00000140                 : BIOS.obj (.text:ti_sysbios_knl_Clock_Instance_finalize__F)
                  8157ce60    00000140                 : BIOS.obj (.text:ti_sysbios_knl_Semaphore_Instance_init__F)
                  8157cfa0    00000140                 : BIOS.obj (.text:ti_sysbios_knl_Swi_post__E)
                  8157d0e0    00000140                 : BIOS.obj (.text:ti_sysbios_knl_Task_blockI__E)
                  8157d220    00000120     stk6_ppp_pppoe.ae66 : bind6.oe66 (.text:Bind6LifetimeMgmt)
                  8157d340    00000120                         : bind.oe66 (.text:BindFree)
                  8157d460    00000120     nettool.ae66 : config.oe66 (.text:CfgFree)
                  8157d580    00000120                  : dnscomn.oe66 (.text:DNSReplyFree)
                  8157d6a0    00000120                  : daemon.oe66 (.text:DaemonFree)
                  8157d7c0    00000120     stk6_ppp_pppoe.ae66 : file.oe66 (.text:FdWaitEvent)
                  8157d8e0    00000120                         : igmp.oe66 (.text:IGMPLeaveHostGroup)
                  8157da00    00000120                         : ip.oe66 (.text:IPMsg)
                  8157db20    00000120                         : ipin.oe66 (.text:IPRouteIP)
                  8157dc40    00000120                         : ipv6_frag.oe66 (.text:IPv6CreateFragQ)
                  8157dd60    00000120                         : ipv6.oe66 (.text:IPv6Init)
                  8157de80    00000120                         : icmpv6out.oe66 (.text:IsICMPv6ErrorPkt)
                  8157dfa0    00000120                         : md5.oe66 (.text:MD5Update)
                  8157e0c0    00000120                         : mld.oe66 (.text:MLDJoinGroup)
                  8157e1e0    00000120     netctrl.ae66 : netctrl.oe66 (.text:NC_SystemOpen)
                  8157e300    00000120     stk6_ppp_pppoe.ae66 : nimu.oe66 (.text:NIMUAddEthernetHeader)
                  8157e420    00000120                         : raweth.oe66 (.text:RawEthRxPacket)
                  8157e540    00000120                         : rawethsock.oe66 (.text:RawEthSockRecvNC)
                  8157e660    00000120                         : raweth.oe66 (.text:RawEthTxPacket)
                  8157e780    00000120                         : sb.oe66 (.text:SBNew)
                  8157e8a0    00000120     netctrl.ae66 : netsrv.oe66 (.text:SPConfig)
                  8157e9c0    00000120                  : netsrv.oe66 (.text:SPService)
                  8157eae0    00000120     stk6_ppp_pppoe.ae66 : sock6.oe66 (.text:Sock6Disconnect)
                  8157ec00    00000120                         : sock6.oe66 (.text:Sock6Shutdown)
                  8157ed20    00000120                         : sockpcb.oe66 (.text:SockPcbFindRaw)
                  8157ee40    00000120                         : sock.oe66 (.text:SockShutdown)
                  8157ef60    00000120                         : tcp6prot.oe66 (.text:TCP6PrAttach)
                  8157f080    00000120                         : tcpprot.oe66 (.text:TcpPrAttach)
                  8157f1a0    00000120     nettool.ae66 : telnetd.oe66 (.text:TelnetOpen)
                  8157f2c0    00000120     stk6_ppp_pppoe.ae66 : rtable.oe66 (.text:_RtNodeInsert)
                  8157f3e0    00000120     rts6600_elf.lib : fclose.obj (.text:_closefile)
                  8157f500    00000120                     : _printfi.obj (.text:_ltostr)
                  8157f620    00000120     os.ae66 : mem.oe66 (.text:_mmInit)
                  8157f740    00000120     nettool.ae66 : daemon.oe66 (.text:dchild)
                  8157f860    00000120     os.ae66 : efs.oe66 (.text:efs_createfilecb)
                  8157f980    00000120     stk6_ppp_pppoe.ae66 : fileuser.oe66 (.text:fdOpenSession)
                  8157faa0    00000120     rts6600_elf.lib : fseek.obj (.text:fseek)
                  8157fbc0    00000120     nettool.ae66 : http.oe66 (.text:httpOpen)
                  8157fce0    00000120                  : httpsend.oe66 (.text:httpSendStatusLine)
                  8157fe00    00000120     stk6_ppp_pppoe.ae66 : lcp.oe66 (.text:lcpOpen)
                  8157ff20    00000120                         : lcp.oe66 (.text:lcpReject)
                  81580040    00000120     sysbios.lib : BIOS.obj (.text:rtsUnlock$0)
                  81580160    00000120     stk6_ppp_pppoe.ae66 : socket.oe66 (.text:socket)
                  81580280    00000120     ti.targets.rts6000.ae66 : LoggerBuf.oe66 (.text:xdc_runtime_LoggerBuf_setFilterLevel__F)
                  815803a0    00000120                             : Text.oe66 (.text:xdc_runtime_Text_putLab__F)
                  815804c0    00000100     nettool.ae66 : config.oe66 (.text:CfgNew)
                  815805c0    00000100                  : config.oe66 (.text:CfgSetExecuteOrder)
                  815806c0    00000100     rts6600_elf.lib : trgdrv.obj (.text:HOSTlseek)
                  815807c0    00000100     stk6_ppp_pppoe.ae66 : igmp.oe66 (.text:IGMPTimer)
                  815808c0    00000100                         : ipv6.oe66 (.text:IPv6GetSubnetMaskFromBits)
                  815809c0    00000100                         : ipv6_frag.oe66 (.text:IPv6ReasmTimeout)
                  81580ac0    00000100                         : rtc.oe66 (.text:RTCMsg)
                  81580bc0    00000100                         : rawethsock.oe66 (.text:RawEthSockCheck)
                  81580cc0    00000100                         : route.oe66 (.text:RtRedirect)
                  81580dc0    00000100                         : sockint.oe66 (.text:SockValidateRoute)
                  81580ec0    00000100     nettool.ae66 : dhcpsm.oe66 (.text:StateSelecting)
                  81580fc0    00000100     stk6_ppp_pppoe.ae66 : tcp6prot.oe66 (.text:TCP6PrInherit)
                  815810c0    00000100                         : tcp6time.oe66 (.text:TCP6XmitTimer)
                  815811c0    00000100                         : tcpprot.oe66 (.text:TcpPrInherit)
                  815812c0    00000100                         : tcptime.oe66 (.text:TcpXmitTimer)
                  815813c0    00000100                         : rtable.oe66 (.text:_RtNodeRemove)
                  815814c0    00000100     rts6600_elf.lib : _io_perm.obj (.text:_wrt_ok)
                  815815c0    00000100     ti.drv.emac.ae66 : emac_drv.oe66 (.text:emac_free_chan_comm_pcb)
                  815816c0    00000100                      : emac_drv.oe66 (.text:emac_reset_queue)
                  815817c0    00000100     stk6_ppp_pppoe.ae66 : file.oe66 (.text:fdint_unlockfd)
                  815818c0    00000100     sysbios.lib : BIOS.obj (.text:initDevice$44)
                  815819c0    00000100     stk6_ppp_pppoe.ae66 : socket.oe66 (.text:listen)
                  81581ac0    00000100     os.ae66 : mem.oe66 (.text:mmFree)
                  81581bc0    00000100     stk6_ppp_pppoe.ae66 : nimuppp.oe66 (.text:pppAddClient)
                  81581cc0    00000100     evm_pe66.oe66 (.text:ti_sysbios_family_c64p_Hwi_Object__create__S)
                  81581dc0    00000100     evm_pe66.oe66 (.text:ti_sysbios_hal_Hwi_Object__create__S)
                  81581ec0    00000100     sysbios.lib : BIOS.obj (.text:ti_sysbios_knl_Clock_startI__E)
                  81581fc0    00000100                 : BIOS.obj (.text:ti_sysbios_knl_Swi_restoreHwi__E)
                  815820c0    00000100     evm_pe66.oe66 (.text:ti_sysbios_knl_Task_Object__create__S)
                  815821c0    00000100     stk6_ppp_pppoe.ae66 : lliin.oe66 (.text:updateRtTable)
                  815822c0    00000100     ti.targets.rts6000.ae66 : Core-mem.oe66 (.text:xdc_runtime_Core_deleteObject__I)
                  815823c0    00000100                             : LoggerBuf.oe66 (.text:xdc_runtime_LoggerBuf_getFilterLevel__F)
                  815824c0    00000100                             : Startup.oe66 (.text:xdc_runtime_Startup_exec__F)
                  815825c0    00000100                             : Text.oe66 (.text:xdc_runtime_Text_putMod__F)
                  815826c0    00000100                             : Text.oe66 (.text:xdc_runtime_Text_visitRope2__I)
                  815827c0    000000e0     stk6_ppp_pppoe.ae66 : bind6.oe66 (.text:Bind6GetLinkLocalAddress)
                  815828a0    000000e0     nettool.ae66 : config.oe66 (.text:CfgGetEntryCnt)
                  81582980    000000e0                  : dhcpmain.oe66 (.text:DHCPClose)
                  81582a60    000000e0     rts6600_elf.lib : trgdrv.obj (.text:HOSTopen)
                  81582b40    000000e0     stk6_ppp_pppoe.ae66 : igmp.oe66 (.text:IGMPLeave)
                  81582c20    000000e0                         : ipv6_frag.oe66 (.text:IPv6FindFragQ)
                  81582d00    000000e0     nettool.ae66 : dnsclnt.oe66 (.text:IPv6PTRStringToIPAddress)
                  81582de0    000000e0     stk6_ppp_pppoe.ae66 : lli6.oe66 (.text:LLI6Msg)
                  81582ec0    000000e0                         : lli6.oe66 (.text:LLI6Update)
                  81582fa0    000000e0                         : mld.oe66 (.text:MLDFindMulticastNode)
                  81583080    000000e0                         : nimu.oe66 (.text:NIMUAllocateIndex)
                  81583160    000000e0                         : nimu.oe66 (.text:NIMUAllocateName)
                  81583240    000000e0                         : node.oe66 (.text:NodeDeRef)
                  81583320    000000e0                         : node.oe66 (.text:NodeNew)
                  81583400    000000e0                         : node.oe66 (.text:NodeTreeNew)
                  815834e0    000000e0                         : pbm.oe66 (.text:PBMQ_enq)
                  815835c0    000000e0                         : pbm.oe66 (.text:PBM_copy)
                  815836a0    000000e0                         : rawethsock.oe66 (.text:RawEthSockNotify)
                  81583780    000000e0                         : rawethsock_pcb.oe66 (.text:RawEthSockPcbAttach)
                  81583860    000000e0                         : rawethsock.oe66 (.text:RawEthSockSend)
                  81583940    000000e0                         : route6.oe66 (.text:Route6Msg)
                  81583a20    000000e0                         : route.oe66 (.text:RtDeRef)
                  81583b00    000000e0                         : route.oe66 (.text:RtRemove)
                  81583be0    000000e0                         : sb.oe66 (.text:SBReadNC)
                  81583cc0    000000e0                         : sb.oe66 (.text:SBSetMax)
                  81583da0    000000e0                         : sock6int.oe66 (.text:Sock6SpawnAbort)
                  81583e80    000000e0                         : sock6int.oe66 (.text:Sock6ValidateRoute)
                  81583f60    000000e0                         : sock.oe66 (.text:SockDisconnect)
                  81584040    000000e0                         : sockint.oe66 (.text:SockSpawnAbort)
                  81584120    000000e0                         : tcp6prot.oe66 (.text:TCP6PrDetach)
                  81584200    000000e0                         : tcp6prot.oe66 (.text:TCP6PrDisconnect)
                  815842e0    000000e0                         : tcp6prot.oe66 (.text:TCP6ValidateMetrics)
                  815843c0    000000e0                         : tcpprot.oe66 (.text:TcpPrDetach)
                  815844a0    000000e0                         : tcpprot.oe66 (.text:TcpPrDisconnect)
                  81584580    000000e0                         : tcpprot.oe66 (.text:TcpValidateMetrics)
                  81584660    000000e0                         : timer.oe66 (.text:TimerListInsert)
                  81584740    000000e0                         : udp.oe66 (.text:UdpChecksum)
                  81584820    000000e0                         : vlan.oe66 (.text:VLANDeinit)
                  81584900    000000e0                         : vlan.oe66 (.text:VLANReceivePacket)
                  815849e0    000000e0     nettool.ae66 : config.oe66 (.text:_CfgEntryScan)
                  81584ac0    000000e0     stk6_ppp_pppoe.ae66 : lli.oe66 (.text:_LLIExpListInsert)
                  81584ba0    000000e0                         : rtable.oe66 (.text:_RtExpListInsert)
                  81584c80    000000e0     rts6600_elf.lib : divi.obj (.text:__divi)
                  81584d60    000000e0                     : _printfi.obj (.text:_div)
                  81584e40    000000e0                     : atoi.obj (.text:atoi)
                  81584f20    000000e0                     : lowlev.obj (.text:close)
                  81585000    000000e0                     : copy_zero_init.obj (.text:decompress:ZI:__TI_zero_init)
                  815850e0    000000e0     os.ae66 : efs.oe66 (.text:efs_internal_remove)
                  815851c0    000000e0     ti.drv.emac.ae66 : emac_drv.oe66 (.text:emac_free_packet)
                  815852a0    000000e0                      : emac_drv.oe66 (.text:emac_get_packet)
                  81585380    000000e0     stk6_ppp_pppoe.ae66 : file.oe66 (.text:fdint_lockfd)
                  81585460    000000e0     rts6600_elf.lib : fflush.obj (.text:fflush)
                  81585540    000000e0     nettool.ae66 : httpclie.oe66 (.text:httpGetMimeBits)
                  81585620    000000e0     os.ae66 : task.oe66 (.text:llExit)
                  81585700    000000e0     rts6600_elf.lib : ltoa.obj (.text:ltoa)
                  815857e0    000000e0                     : memset.obj (.text:memset)
                  815858c0    000000e0     os.ae66 : mem.oe66 (.text:mmBulkAlloc)
                  815859a0    000000e0     stk6_ppp_pppoe.ae66 : nimuppp.oe66 (.text:pppFree)
                  81585a80    000000e0     rts6600_elf.lib : printf.obj (.text:printf)
                  81585b60    000000e0     sysbios.lib : BIOS.obj (.text:ti_sysbios_family_c64p_Hwi_Instance_finalize__F)
                  81585c40    000000e0                 : BIOS.obj (.text:ti_sysbios_family_c64p_Hwi_Instance_init__F)
                  81585d20    000000e0                 : BIOS.obj (.text:ti_sysbios_knl_Clock_start__E)
                  81585e00    000000e0                 : BIOS.obj (.text:ti_sysbios_timers_timer64_Timer_startup__E)
                  81585ee0    000000e0     ti.targets.rts6000.ae66 : Error.oe66 (.text:xdc_runtime_Error_print__F)
                  81585fc0    000000e0     evm_pe66.oe66 (.text:xdc_runtime_LoggerBuf_Object__create__S)
                  815860a0    000000e0     ti.targets.rts6000.ae66 : Memory.oe66 (.text:xdc_runtime_Memory_alloc__F)
                  81586180    000000c0     rts6600_elf.lib : trgdrv.obj (.text:HOSTread)
                  81586240    000000c0                     : trgdrv.obj (.text:HOSTunlink)
                  81586300    000000c0                     : trgdrv.obj (.text:HOSTwrite)
                  815863c0    000000c0     stk6_ppp_pppoe.ae66 : icmpv6in.oe66 (.text:ICMPv6RecvDstUnreachable)
                  81586480    000000c0                         : icmpv6in.oe66 (.text:ICMPv6SocketErrorInterface)
                  81586540    000000c0                         : ipv6.oe66 (.text:IPv6Layer4ComputeChecksum)
                  81586600    000000c0                         : lli.oe66 (.text:LLIGetValidTime)
                  815866c0    000000c0                         : lli.oe66 (.text:LLIMsg)
                  81586780    000000c0                         : mld.oe66 (.text:MLDCreateMulticastNode)
                  81586840    000000c0                         : mld.oe66 (.text:MLDLeaveGroup)
                  81586900    000000c0                         : nimu.oe66 (.text:NIMUFindByName)
                  815869c0    000000c0     netctrl.ae66 : netsrv.oe66 (.text:NS_BootTask)
                  81586a80    000000c0     stk6_ppp_pppoe.ae66 : node.oe66 (.text:NodeUpdatePL)
                  81586b40    000000c0     nettool.ae66 : ipaddr.oe66 (.text:NtIfIdx2Ip)
                  81586c00    000000c0     stk6_ppp_pppoe.ae66 : route6.oe66 (.text:Rt6FindDefaultRouter)
                  81586cc0    000000c0                         : rtable.oe66 (.text:RtWalkBegin)
                  81586d80    000000c0                         : sb6.oe66 (.text:SB6Flush)
                  81586e40    000000c0                         : sb6.oe66 (.text:SB6SetMax)
                  81586f00    000000c0                         : sb.oe66 (.text:SBFlush)
                  81586fc0    000000c0                         : sock6.oe66 (.text:Sock6IntAbort)
                  81587080    000000c0                         : sock6pcb.oe66 (.text:Sock6PcbResolveChain)
                  81587140    000000c0                         : sock6pcb.oe66 (.text:Sock6PcbRtChange)
                  81587200    000000c0                         : sock.oe66 (.text:SockIntAbort)
                  815872c0    000000c0                         : sockpcb.oe66 (.text:SockPcbRtChange)
                  81587380    000000c0                         : tcp6prot.oe66 (.text:TCP6Close)
                  81587440    000000c0                         : tcp6time.oe66 (.text:TCP6TimeoutSackRexmt)
                  81587500    000000c0     os.ae66 : task.oe66 (.text:TaskGetEnv)
                  815875c0    000000c0     stk6_ppp_pppoe.ae66 : tcp.oe66 (.text:TcpChecksum)
                  81587680    000000c0                         : tcpprot.oe66 (.text:TcpClose)
                  81587740    000000c0                         : tcptime.oe66 (.text:TcpTimeoutSackRexmt)
                  81587800    000000c0                         : bind6.oe66 (.text:_Bind6FindByHostInList)
                  815878c0    000000c0                         : bind6.oe66 (.text:_Bind6FindByNetInList)
                  81587980    000000c0     rts6600_elf.lib : dtor_list.obj (.text:_Z11__TI_atexitPFYvPvES_S_)
                  81587a40    000000c0                     : dtor_list.obj (.text:__cxa_finalize)
                  81587b00    000000c0                     : divu.obj (.text:__divu)
                  81587bc0    000000c0                     : remi.obj (.text:__remi)
                  81587c80    000000c0                     : fflush.obj (.text:_doflush)
                  81587d40    000000c0     nettool.ae66 : dhcptags.oe66 (.text:dhcpOptionsClear)
                  81587e00    000000c0     os.ae66 : efs.oe66 (.text:efs_fopen)
                  81587ec0    000000c0     ti.drv.emac.ae66 : emac_drv.oe66 (.text:emac_status_update)
                  81587f80    000000c0     rts6600_elf.lib : exit.obj (.text:exit)
                  81588040    000000c0     nettool.ae66 : httpsend.oe66 (.text:httpSendFullResponse)
                  81588100    000000c0     os.ae66 : mem.oe66 (.text:mmZeroInit)
                  815881c0    000000c0     stk6_ppp_pppoe.ae66 : nimuppp.oe66 (.text:pppAddIP)
                  81588280    000000c0     rts6600_elf.lib : strtok.obj (.text:strtok)
                  81588340    000000c0     ti.platform.evm6657l.ae66 : evmc665x_phy.obj (.text)
                  81588400    000000c0     evm_pe66.oe66 (.text:ti_ndk_config_Global_stackThread)
                  815884c0    000000c0     sysbios.lib : BIOS.obj (.text:ti_sysbios_BIOS_errorRaiseHook__I)
                  81588580    000000c0                 : BIOS.obj (.text:ti_sysbios_heaps_HeapMem_getStats__E)
                  81588640    000000c0                 : BIOS.obj (.text:ti_sysbios_knl_Clock_logTick__E)
                  81588700    000000c0                 : BIOS.obj (.text:ti_sysbios_knl_Task_stat__E)
                  815887c0    000000c0                 : BIOS.obj (.text:ti_sysbios_timers_timer64_Timer_stop__E)
                  81588880    000000c0     ti.targets.rts6000.ae66 : LoggerBuf.oe66 (.text:xdc_runtime_LoggerBuf_Instance_init__F)
                  81588940    000000c0                             : System.oe66 (.text:xdc_runtime_System_formatNum__I)
                  81588a00    000000a0     nettool.ae66 : config.oe66 (.text:CfgEntryDeRef)
                  81588aa0    000000a0                  : config.oe66 (.text:CfgEntryGetData)
                  81588b40    000000a0                  : config.oe66 (.text:CfgGetImmediate)
                  81588be0    000000a0                  : telnetd.oe66 (.text:CmdWriteBytes)
                  81588c80    000000a0                  : telnetd.oe66 (.text:CmdWriteCmd)
                  81588d20    000000a0     ti.drv.emac.ae66 : emac.oe66 (.text:EMAC_close)
                  81588dc0    000000a0     stk6_ppp_pppoe.ae66 : file.oe66 (.text:FdSignalEvent)
                  81588e60    000000a0     rts6600_elf.lib : trgdrv.obj (.text:HOSTclose)
                  81588f00    000000a0     stk6_ppp_pppoe.ae66 : ipfrag.oe66 (.text:IPReasmFree)
                  81588fa0    000000a0                         : ipfrag.oe66 (.text:IPReasmTimeout)
                  81589040    000000a0                         : ipv6.oe66 (.text:IPv6CompareAddress)
                  815890e0    000000a0                         : lliin.oe66 (.text:LLIValidateRoute)
                  81589180    000000a0                         : md5.oe66 (.text:MD5Final)
                  81589220    000000a0                         : nimu.oe66 (.text:NIMUShutdown)
                  815892c0    000000a0                         : nimu.oe66 (.text:NIMUUnregister)
                  81589360    000000a0     nettool.ae66 : ipaddr.oe66 (.text:NtAddNetwork)
                  81589400    000000a0     stk6_ppp_pppoe.ae66 : pbm.oe66 (.text:PBM_open)
                  815894a0    000000a0     ti.drv.emac.ae66 : mdio.oe66 (.text:PHYREG_wait)
                  81589540    000000a0     stk6_ppp_pppoe.ae66 : pipe.oe66 (.text:PipeCheck)
                  815895e0    000000a0                         : rtable.oe66 (.text:RouteMsg)
                  81589680    000000a0                         : route.oe66 (.text:RtNew)
                  81589720    000000a0                         : sb6.oe66 (.text:SB6Free)
                  815897c0    000000a0                         : sb.oe66 (.text:SBFree)
                  81589860    000000a0     os.ae66 : semaphore.oe66 (.text:SemCreate)
                  81589900    000000a0     stk6_ppp_pppoe.ae66 : sock6pcb.oe66 (.text:Sock6CleanPcb)
                  815899a0    000000a0                         : sock6.oe66 (.text:Sock6GetName)
                  81589a40    000000a0                         : sock.oe66 (.text:SockBind)
                  81589ae0    000000a0                         : sockpcb.oe66 (.text:SockCleanPcb)
                  81589b80    000000a0                         : sockpcb.oe66 (.text:SockPcbResolveChain)
                  81589c20    000000a0                         : tcp6prot.oe66 (.text:TCP6Drop)
                  81589cc0    000000a0                         : tcp6prot.oe66 (.text:TCP6PrCtlError)
                  81589d60    000000a0                         : tcp6prot.oe66 (.text:TCP6PrSend)
                  81589e00    000000a0                         : tcp6prot.oe66 (.text:TCP6PrSendOOB)
                  81589ea0    000000a0     os.ae66 : task.oe66 (.text:TaskCreate)
                  81589f40    000000a0     stk6_ppp_pppoe.ae66 : tcpprot.oe66 (.text:TcpDrop)
                  81589fe0    000000a0                         : tcpprot.oe66 (.text:TcpPrCtlError)
                  8158a080    000000a0                         : tcpprot.oe66 (.text:TcpPrSend)
                  8158a120    000000a0                         : tcpprot.oe66 (.text:TcpPrSendOOB)
                  8158a1c0    000000a0                         : timer.oe66 (.text:TimerNew)
                  8158a260    000000a0     nettool.ae66 : config.oe66 (.text:_CfgRelease)
                  8158a300    000000a0     stk6_ppp_pppoe.ae66 : lli.oe66 (.text:_LLITimeoutFlush)
                  8158a3a0    000000a0     rts6600_elf.lib : remu.obj (.text:__remu)
                  8158a440    000000a0     boot.ae66 : boot.oe66 (.text:_c_int00)
                  8158a4e0    000000a0     rts6600_elf.lib : fopen.obj (.text:_cleanup)
                  8158a580    000000a0                     : _printfi.obj (.text:_ecpy)
                  8158a620    000000a0                     : _printfi.obj (.text:_fcpy)
                  8158a6c0    000000a0                     : _printfi.obj (.text:_pconv_f)
                  8158a760    000000a0     sysbios.lib : c64p_Hwi_asm.obj (.text:_ti_sysbios_family_c64p_Hwi_plug__E)
                  8158a800    000000a0     stk6_ppp_pppoe.ae66 : auth.oe66 (.text:authStart)
                  8158a8a0    000000a0     nettool.ae66 : dhcpbild.oe66 (.text:dhcpBuildDecline)
                  8158a940    000000a0                  : dhcpsm.oe66 (.text:dhcpIPRemove)
                  8158a9e0    000000a0     os.ae66 : efs.oe66 (.text:efs_filesend)
                  8158aa80    000000a0     ti.drv.emac.ae66 : emac_drv.oe66 (.text:emac_free_macaddr)
                  8158ab20    000000a0                      : emac_drv.oe66 (.text:emac_queue_pop)
                  8158abc0    000000a0     stk6_ppp_pppoe.ae66 : fileuser.oe66 (.text:fdCloseSession)
                  8158ac60    000000a0     rts6600_elf.lib : lowlev.obj (.text:finddevice)
                  8158ad00    000000a0     stk6_ppp_pppoe.ae66 : lcp.oe66 (.text:lcpInit)
                  8158ada0    000000a0                         : lcp.oe66 (.text:lcpSendTerm)
                  8158ae40    000000a0     hal_timer_bios.ae66 : lltimer.oe66 (.text:llTimerTick)
                  8158aee0    000000a0     rts6600_elf.lib : lowlev.obj (.text:lseek)
                  8158af80    000000a0                     : memcpy64.obj (.text:memcpy)
                  8158b020    000000a0     os.ae66 : mem.oe66 (.text:mmBulkFree)
                  8158b0c0    000000a0             : mem.oe66 (.text:mmInitPage)
                  8158b160    000000a0             : ossys.oe66 (.text:stricmp)
                  8158b200    000000a0     rts6600_elf.lib : strspn.obj (.text:strspn)
                  8158b2a0    000000a0                     : strstr.obj (.text:strstr)
                  8158b340    000000a0     sysbios.lib : BIOS.obj (.text:ti_sysbios_heaps_HeapMem_init__I)
                  8158b3e0    000000a0     evm_pe66.oe66 (.text:ti_sysbios_knl_Clock_Object__create__S)
                  8158b480    000000a0     rts6600_elf.lib : lowlev.obj (.text:write)
                  8158b520    000000a0     ti.targets.rts6000.ae66 : Assert.oe66 (.text:xdc_runtime_Assert_raise__I)
                  8158b5c0    000000a0                             : LoggerBuf.oe66 (.text:xdc_runtime_LoggerBuf_Module_startup__F)
                  8158b660    00000080     nettool.ae66 : dnsclnt.oe66 (.text:DNSGetHostByAddr)
                  8158b6e0    00000080     stk6_ppp_pppoe.ae66 : md5.oe66 (.text:Decode)
                  8158b760    00000080     ti.drv.emac.ae66 : emac.oe66 (.text:EMAC_getStatistics)
                  8158b7e0    00000080     stk6_ppp_pppoe.ae66 : icmp.oe66 (.text:ICMPChecksum)
                  8158b860    00000080                         : icmpv6in.oe66 (.text:ICMPv6RecvParamProblem)
                  8158b8e0    00000080                         : icmpv6_ndisc.oe66 (.text:ICMPv6RecvRS)
                  8158b960    00000080                         : icmpv6in.oe66 (.text:ICMPv6RecvTimeExceeded)
                  8158b9e0    00000080                         : ipv6out.oe66 (.text:IPv6GetRoute)
                  8158ba60    00000080                         : lli6.oe66 (.text:LLI6Free)
                  8158bae0    00000080                         : lli6.oe66 (.text:LLI6IsRouterStatMachine)
                  8158bb60    00000080                         : lli.oe66 (.text:LLIRemoveStaticEntry)
                  8158bbe0    00000080     ti.drv.emac.ae66 : mdio.oe66 (.text:MDIO_close)
                  8158bc60    00000080                      : mdio.oe66 (.text:MDIO_open)
                  8158bce0    00000080     netctrl.ae66 : netctrl.oe66 (.text:NC_SystemClose)
                  8158bd60    00000080     stk6_ppp_pppoe.ae66 : nimu.oe66 (.text:NIMUInit)
                  8158bde0    00000080                         : pbm.oe66 (.text:PBMQ_deq)
                  8158be60    00000080                         : nimuppp.oe66 (.text:PPPSend)
                  8158bee0    00000080                         : pipe.oe66 (.text:PipeClose)
                  8158bf60    00000080                         : rawethsock.oe66 (.text:RawEthSockClose)
                  8158bfe0    00000080                         : rawethsock_pcb.oe66 (.text:RawEthSockPcbDetach)
                  8158c060    00000080                         : route6.oe66 (.text:Rt6Update)
                  8158c0e0    00000080                         : route.oe66 (.text:RtSetFailure)
                  8158c160    00000080                         : route.oe66 (.text:RtSetTimeout)
                  8158c1e0    00000080                         : sock6.oe66 (.text:Sock6Bind)
                  8158c260    00000080                         : sock6pcb.oe66 (.text:Sock6PcbCleanup)
                  8158c2e0    00000080                         : sock.oe66 (.text:SockGetName)
                  8158c360    00000080                         : sockpcb.oe66 (.text:SockPcbCleanup)
                  8158c3e0    00000080                         : sockpcb.oe66 (.text:SockPcbDetach)
                  8158c460    00000080                         : tcp6prot.oe66 (.text:TCP6PrListen)
                  8158c4e0    00000080     os.ae66 : task.oe66 (.text:TaskSetEnv)
                  8158c560    00000080     stk6_ppp_pppoe.ae66 : tcpprot.oe66 (.text:TcpPrListen)
                  8158c5e0    00000080                         : timer.oe66 (.text:TimerHSTick)
                  8158c660    00000080                         : timer.oe66 (.text:TimerListRemove)
                  8158c6e0    00000080     nettool.ae66 : config.oe66 (.text:_CfgAcquire)
                  8158c760    00000080     stk6_ppp_pppoe.ae66 : lli.oe66 (.text:_LLIExpListRemove)
                  8158c7e0    00000080                         : rtc.oe66 (.text:_RTCSendRtAdv)
                  8158c860    00000080                         : rtable.oe66 (.text:_RtExpListRemove)
                  8158c8e0    00000080     rts6600_elf.lib : llshift.obj (.text:__c6xabi_llshl)
                  8158c960    00000080     sysbios.lib : c62_TaskSupport_asm.obj (.text:_ti_sysbios_family_c62_TaskSupport_swap__E)
                  8158c9e0    00000080     nettool.ae66 : dhcpsock.oe66 (.text:dhcpSocketClose)
                  8158ca60    00000080     os.ae66 : efs.oe66 (.text:efs_destroyfile)
                  8158cae0    00000080             : efs.oe66 (.text:efs_fclose)
                  8158cb60    00000080             : efs.oe66 (.text:efs_findfile)
                  8158cbe0    00000080     ti.drv.emac.ae66 : emac_drv.oe66 (.text:emac_statistics_update)
                  8158cc60    00000080     stk6_ppp_pppoe.ae66 : file.oe66 (.text:fdint_waitevent)
                  8158cce0    00000080     nettool.ae66 : httpsend.oe66 (.text:httpSendEntityLength)
                  8158cd60    00000080                  : httpsend.oe66 (.text:httpSendErrorResponse)
                  8158cde0    00000080     hal_timer_bios.ae66 : lltimer.oe66 (.text:llTimerGetTime)
                  8158ce60    00000080     evm_pe66.oe66 (.text:malloc)
                  8158cee0    00000080     rts6600_elf.lib : trgmsg.obj (.text:readmsg)
                  8158cf60    00000080     nettool.ae66 : httpsend.oe66 (.text:strcat)
                  8158cfe0    00000080     ti.platform.evm6657l.ae66 : evm665x_i2c.obj (.text)
                  8158d060    00000080     evm_pe66.oe66 (.text:ti_sysbios_BIOS_exitFunc__I)
[...]
81592500   ti_sysbios_family_c62_TaskSupport_checkStack__E
81592500   ti_sysbios_knl_Task_SupportProxy_checkStack__E
81592520   ti_sysbios_family_c62_TaskSupport_getStackAlignment__E
81592520   ti_sysbios_knl_Task_SupportProxy_getStackAlignment__E
81592540   ti_sysbios_family_c64p_Hwi_clearInterrupt__E
81592540   ti_sysbios_hal_Hwi_HwiProxy_clearInterrupt__E
81592540   ti_sysbios_hal_Hwi_clearInterrupt__E
81592560   ti_sysbios_family_c64p_Hwi_startup__E
81592560   ti_sysbios_hal_Hwi_HwiProxy_startup__E
81592560   ti_sysbios_hal_Hwi_startup__E
81592580   ti_sysbios_family_c64p_Hwi_switchFromBootStack__E
81592580   ti_sysbios_hal_Hwi_HwiProxy_switchFromBootStack__E
81592580   ti_sysbios_hal_Hwi_switchFromBootStack__E
815925a0   ti_sysbios_family_c64p_Hwi_unPluggedInterrupt__I
815925c0   ti_sysbios_family_c64p_TimestampProvider_Module_startup__E
815925c0   ti_sysbios_family_c64p_TimestampProvider_Module_startup__F
815925e0   ti_sysbios_family_c64p_TimestampProvider_get64__E
815925e0   xdc_runtime_LoggerBuf_TimestampProxy_get64__E
81592600   ti_sysbios_family_c64p_tci6488_TimerSupport_enable__E
81592600   ti_sysbios_timers_timer64_Timer_TimerSupportProxy_enable__E
81592620   ti_sysbios_family_c66_Cache_wbInv__E
81592620   ti_sysbios_hal_Cache_CacheProxy_wbInv__E
81592620   ti_sysbios_hal_Cache_wbInv__E
81592640   ti_sysbios_gates_GateHwi_Instance_init__F
81592660   ti_sysbios_gates_GateHwi_enter__E
81592680   ti_sysbios_gates_GateHwi_leave__E
815926a0   ti_sysbios_gates_GateHwi_query__E
815926a0   ti_sysbios_gates_GateHwi_query__F
815926a0   xdc_runtime_LoggerBuf_Module_GateProxy_query__E
815926a0   xdc_runtime_Main_Module_GateProxy_query__E
815926a0   xdc_runtime_System_Module_GateProxy_query__E
815926c0   ti_sysbios_BIOS_RtsGateProxy_query__E
815926c0   ti_sysbios_gates_GateMutex_query__E
815926c0   ti_sysbios_gates_GateMutex_query__F
815926c0   ti_sysbios_heaps_HeapMem_Module_GateProxy_query__E
815926e0   ti_sysbios_hal_Hwi_HwiProxy_Module__startupDone__S
81592700   ti_sysbios_hal_Hwi_HwiProxy_Object__create__S
81592720   ti_sysbios_hal_Hwi_HwiProxy_Object__delete__S
81592740   ti_sysbios_hal_Hwi_Module_startup__E
81592740   ti_sysbios_hal_Hwi_Module_startup__F
81592760   ti_sysbios_hal_Hwi_Params__init__S
81592780   ti_sysbios_hal_Timer_Module_startup__E
81592780   ti_sysbios_hal_Timer_Module_startup__F
815927a0   ti_sysbios_hal_Timer_TimerProxy_Module__startupDone__S
815927c0   ti_sysbios_hal_Timer_TimerProxy_getExpiredCounts__E
815927e0   ti_sysbios_hal_Timer_TimerProxy_getPeriod__E
81592800   ti_sysbios_hal_Timer_TimerProxy_setNextTick__E
81592820   ti_sysbios_heaps_HeapMem_Module_GateProxy_enter__E
81592840   ti_sysbios_heaps_HeapMem_Module_GateProxy_leave__E
81592860   ti_sysbios_heaps_HeapMem_isBlocking__E
81592880   ti_sysbios_knl_Clock_Params__init__S
815928a0   ti_sysbios_knl_Queue_Instance_init__F
815928c0   ti_sysbios_knl_Queue_Object__destruct__S
815928e0   ti_sysbios_knl_Queue_Object__get__S
81592900   ti_sysbios_knl_Queue_empty__E
81592920   ti_sysbios_knl_Semaphore_reset__E
81592940   ti_sysbios_knl_Swi_disable__E
81592960   ti_sysbios_knl_Task_Object__first__S
81592980   ti_sysbios_knl_Task_Object__next__S
815929a0   ti_sysbios_knl_Task_Params__init__S
815929c0   ti_sysbios_knl_Task_SupportProxy_Module__startupDone__S
815929e0   ti_sysbios_knl_Task_disable__E
81592a00   ti_sysbios_knl_Task_getHookContext__E
81592a20   ti_sysbios_knl_Task_self__E
81592a40   ti_sysbios_knl_Task_setHookContext__E
81592a60   ti_sysbios_timers_timer64_Timer_setNextTick__E
81592a80   xdc_runtime_Error_getMsg__E
81592a80   xdc_runtime_Error_getMsg__F
81592aa0   xdc_runtime_Gate_enterSystem__E
81592aa0   xdc_runtime_Gate_enterSystem__F
81592b00   xdc_runtime_LoggerBuf_Module_GateProxy_enter__E
81592b20   xdc_runtime_LoggerBuf_Module_GateProxy_leave__E
81592b40   xdc_runtime_LoggerBuf_disable__E
81592b40   xdc_runtime_LoggerBuf_disable__F
81592b60   xdc_runtime_LoggerBuf_enable__E
81592b60   xdc_runtime_LoggerBuf_enable__F
81592b80   xdc_runtime_Memory_HeapProxy_alloc__E
81592ba0   xdc_runtime_Memory_HeapProxy_free__E
81592bc0   xdc_runtime_Startup_exec__I
81592be0   xdc_runtime_Startup_reset__I
81592c00   xdc_runtime_SysStd_exit__E
81592c00   xdc_runtime_SysStd_exit__F
81592c00   xdc_runtime_System_SupportProxy_exit__E
81592c20   xdc_runtime_SysStd_putch__E
81592c20   xdc_runtime_SysStd_putch__F
81592c20   xdc_runtime_System_SupportProxy_putch__E
81592c40   xdc_runtime_SysStd_ready__E
81592c40   xdc_runtime_SysStd_ready__F
81592c40   xdc_runtime_System_SupportProxy_ready__E
81592c60   xdc_runtime_System_Module_GateProxy_enter__E
81592c80   xdc_runtime_System_Module_GateProxy_leave__E
81592ca0   xdc_runtime_System_Module_startup__E
81592ca0   xdc_runtime_System_Module_startup__F
81592cc0   xdc_runtime_System_exit__E
81592cc0   xdc_runtime_System_exit__F
81592ce0   xdc_runtime_System_lastFxn__I
81592d00   xdc_runtime_System_sprintf_va__E
81592d00   xdc_runtime_System_sprintf_va__F
81592d00   xdc_runtime_System_vsprintf__E
81592d00   xdc_runtime_System_vsprintf__F
81592d20   xdc_runtime_Text_visitRope__I
81592d80   ti_ndk_config_Global_pit
81592f40   ti_ndk_config_Global_pitBuffer
8159ef40   emac_mcb
815a0944   raweth_pcb
815a0948   ti_sysbios_knl_Task_Instance_State_0_hookEnv__A
815a0950   ti_sysbios_knl_Task_Instance_State_1_hookEnv__A
815a0958   ti_sysbios_knl_Task_Instance_State_2_hookEnv__A
815a0960   xdc_runtime_LoggerBuf_Instance_State_0_entryArr__A
815a1160   ti_ndk_config_Global_Id2Size
815a2250   HostName
815a2350   http
815a2378   dhcpservice
815a23a0   gPlatformInfo
815a2438   _tmpnams
815a2768   IPV6_LINKLOCALMASK
815a2778   IPV6_MULTICASTMASK
815a2788   IPV6_UNSPECIFIED_ADDRESS
815a2798   IPV6_LOOPBACK_ADDRESS
815a27a8   IPV6_HOST_MASK
815a27b8   IPV6_ALL_NODES_ADDRESS
815a27c8   IPV6_ALL_ROUTER_ADDRESS
815a27d8   ipv6mcb
815a2830   tcps
815a28e8   tpseudo
815a28f4   tcp6_stats
815a29b0   _ICMPIn
815a2a00   _ICMPOut
815a2a50   BlockMax
815a2a70   BlockCount
815a2a90   PageMax
815a2ab0   PageCount
815a2acc   ips
815a2b34   nimu_mcb
815a2bf8   gI2cBlock
815a2c74   udps
815a2c98   upseudo
815a2ca4   vlan_mcb
815a2ccc   udp6_stats
815a2cf0   icmp6stats
815a2d24   stkEvent
815a2d34   raws
815a2d44   raw6_stats
815a2d54   raweths
815a2d64   PBMQ_free
815a2d70   xdc_runtime_Text_charTab__A
815aae90   ti_sysbios_family_c66_Cache_marvalues__C
815ac610   _ctypes_
815ac810   xdc_runtime_Text_nodeTab__A
815ad510   Code2Err
815ad89c   xdc_runtime_LoggerBuf_Module__FXNS__C
815ad914   ti_sysbios_knl_Task_Object__PARAMS__C
815ad9f0   xdc_runtime_Startup_sfxnTab__A
815adae8   ti_sysbios_family_c64p_Hwi_Object__PARAMS__C
815adb18   ti_sysbios_knl_Task_hooks__A
815adb48   emac_version_str
815adba8   CSL_versionStr
815adc30   ti_sysbios_hal_Hwi_Object__PARAMS__C
815add00   ti_sysbios_heaps_HeapMem_Module__FXNS__C
815add50   xdc_runtime_LoggerBuf_Object__PARAMS__C
815addc4   ti_sysbios_gates_GateHwi_Module__FXNS__C
815adde8   ti_sysbios_gates_GateMutex_Module__FXNS__C
815ade0c   ti_sysbios_knl_Clock_Object__PARAMS__C
815ade30   ti_sysbios_knl_Semaphore_Object__PARAMS__C
815ade98   ti_sysbios_family_c64p_Hwi_Object__DESC__C
815adeb8   ti_sysbios_gates_GateHwi_Object__DESC__C
815aded8   ti_sysbios_gates_GateMutex_Object__DESC__C
815adef8   ti_sysbios_hal_Hwi_Object__DESC__C
815adf18   ti_sysbios_heaps_HeapMem_Object__DESC__C
815adf38   ti_sysbios_heaps_HeapMem_Object__PARAMS__C
815adf58   ti_sysbios_knl_Clock_Object__DESC__C
815adf78   ti_sysbios_knl_Queue_Object__DESC__C
815adf98   ti_sysbios_knl_Semaphore_Object__DESC__C
815adfb8   ti_sysbios_knl_Task_Object__DESC__C
815adfd8   xdc_runtime_LoggerBuf_Object__DESC__C
815ae070   xdc_runtime_Startup_sfxnRts__A
815ae0d8   ti_sysbios_gates_GateHwi_Object__PARAMS__C
815ae0f0   ti_sysbios_gates_GateMutex_Object__PARAMS__C
815ae108   ti_sysbios_knl_Queue_Object__PARAMS__C
815ae1dc   ti_sysbios_family_c66_Cache_initSize__C
815ae208   ti_sysbios_knl_Idle_funcList__A
815ae210   ti_sysbios_knl_Idle_funcList__C
815ae218   ti_sysbios_knl_Task_hooks__C
815ae220   xdc_runtime_Startup_firstFxns__A
815ae228   xdc_runtime_Startup_firstFxns__C
815ae230   xdc_runtime_Startup_lastFxns__A
815ae238   xdc_runtime_Startup_lastFxns__C
815ae248   ti_sysbios_BIOS_Module__diagsEnabled__C
815ae24c   ti_sysbios_BIOS_Module__diagsIncluded__C
815ae250   ti_sysbios_BIOS_Module__diagsMask__C
815ae254   ti_sysbios_BIOS_installedErrorHook__C
815ae258   ti_sysbios_family_c62_TaskSupport_stackAlignment__C
815ae25c   ti_sysbios_family_c64p_EventCombiner_E_unpluggedEvent__C
815ae260   ti_sysbios_family_c64p_Exception_E_exceptionMin__C
815ae264   ti_sysbios_family_c64p_Exception_exceptionHook__C
815ae268   ti_sysbios_family_c64p_Exception_externalHook__C
815ae26c   ti_sysbios_family_c64p_Exception_internalHook__C
815ae270   ti_sysbios_family_c64p_Exception_nmiHook__C
815ae274   ti_sysbios_family_c64p_Hwi_E_alreadyDefined__C
815ae278   ti_sysbios_family_c64p_Hwi_E_handleNotFound__C
815ae27c   ti_sysbios_family_c64p_Hwi_LD_end__C
815ae280   ti_sysbios_family_c64p_Hwi_LM_begin__C
815ae284   ti_sysbios_family_c64p_Hwi_Module__diagsEnabled__C
815ae288   ti_sysbios_family_c64p_Hwi_Module__diagsIncluded__C
815ae28c   ti_sysbios_family_c64p_Hwi_Module__diagsMask__C
815ae290   ti_sysbios_family_c64p_Hwi_Module__loggerFxn1__C
815ae294   ti_sysbios_family_c64p_Hwi_Module__loggerFxn8__C
815ae298   ti_sysbios_family_c64p_Hwi_Module__loggerObj__C
815ae29c   ti_sysbios_family_c66_Cache_atomicBlockSize__C
815ae2a0   ti_sysbios_gates_GateMutex_A_badContext__C
815ae2a4   ti_sysbios_gates_GateMutex_Instance_State_sem__O
815ae2a8   ti_sysbios_gates_GateMutex_Module__diagsEnabled__C
815ae2ac   ti_sysbios_gates_GateMutex_Module__diagsIncluded__C
815ae2b0   ti_sysbios_gates_GateMutex_Module__diagsMask__C
815ae2b4   ti_sysbios_hal_Hwi_E_stackOverflow__C
815ae2b8   ti_sysbios_heaps_HeapMem_A_align__C
815ae2bc   ti_sysbios_heaps_HeapMem_A_heapSize__C
815ae2c0   ti_sysbios_heaps_HeapMem_A_invalidFree__C
815ae2c4   ti_sysbios_heaps_HeapMem_A_zeroBlock__C
815ae2c8   ti_sysbios_heaps_HeapMem_E_memory__C
815ae2cc   ti_sysbios_heaps_HeapMem_Module__diagsEnabled__C
815ae2d0   ti_sysbios_heaps_HeapMem_Module__diagsIncluded__C
815ae2d4   ti_sysbios_heaps_HeapMem_Module__diagsMask__C
815ae2d8   ti_sysbios_heaps_HeapMem_Module__gateObj__C
815ae2dc   ti_sysbios_heaps_HeapMem_Object__count__C
815ae2e0   ti_sysbios_heaps_HeapMem_reqAlignMask__C
815ae2e4   ti_sysbios_heaps_HeapMem_reqAlign__C
815ae2e8   ti_sysbios_knl_Clock_A_badThreadType__C
815ae2ec   ti_sysbios_knl_Clock_LM_begin__C
815ae2f0   ti_sysbios_knl_Clock_LM_tick__C
815ae2f4   ti_sysbios_knl_Clock_LW_delayed__C
815ae2f8   ti_sysbios_knl_Clock_Module_State_clockQ__O
815ae2fc   ti_sysbios_knl_Clock_Module__diagsEnabled__C
815ae300   ti_sysbios_knl_Clock_Module__diagsIncluded__C
815ae304   ti_sysbios_knl_Clock_Module__diagsMask__C
815ae308   ti_sysbios_knl_Clock_Module__loggerFxn1__C
815ae30c   ti_sysbios_knl_Clock_Module__loggerFxn2__C
815ae310   ti_sysbios_knl_Clock_Module__loggerObj__C
815ae314   ti_sysbios_knl_Clock_tickMode__C
815ae318   ti_sysbios_knl_Clock_tickPeriod__C
815ae31c   ti_sysbios_knl_Clock_tickSource__C
815ae320   ti_sysbios_knl_Semaphore_A_badContext__C
815ae324   ti_sysbios_knl_Semaphore_A_noEvents__C
815ae328   ti_sysbios_knl_Semaphore_A_overflow__C
815ae32c   ti_sysbios_knl_Semaphore_Instance_State_pendQ__O
815ae330   ti_sysbios_knl_Semaphore_LM_pend__C
815ae334   ti_sysbios_knl_Semaphore_LM_post__C
815ae338   ti_sysbios_knl_Semaphore_Module__diagsEnabled__C
815ae33c   ti_sysbios_knl_Semaphore_Module__diagsIncluded__C
815ae340   ti_sysbios_knl_Semaphore_Module__diagsMask__C
815ae344   ti_sysbios_knl_Semaphore_Module__loggerFxn2__C
815ae348   ti_sysbios_knl_Semaphore_Module__loggerFxn4__C
815ae34c   ti_sysbios_knl_Semaphore_Module__loggerObj__C
815ae350   ti_sysbios_knl_Swi_LD_end__C
815ae354   ti_sysbios_knl_Swi_LM_begin__C
815ae358   ti_sysbios_knl_Swi_LM_post__C
815ae35c   ti_sysbios_knl_Swi_Module__diagsEnabled__C
815ae360   ti_sysbios_knl_Swi_Module__diagsIncluded__C
815ae364   ti_sysbios_knl_Swi_Module__diagsMask__C
815ae368   ti_sysbios_knl_Swi_Module__loggerFxn1__C
815ae36c   ti_sysbios_knl_Swi_Module__loggerFxn4__C
815ae370   ti_sysbios_knl_Swi_Module__loggerObj__C
815ae374   ti_sysbios_knl_Swi_Object__count__C
815ae378   ti_sysbios_knl_Task_A_badPriority__C
815ae37c   ti_sysbios_knl_Task_A_badTaskState__C
815ae380   ti_sysbios_knl_Task_A_badThreadType__C
815ae384   ti_sysbios_knl_Task_A_badTimeout__C
815ae388   ti_sysbios_knl_Task_A_noPendElem__C
815ae38c   ti_sysbios_knl_Task_E_spOutOfBounds__C
815ae390   ti_sysbios_knl_Task_E_stackOverflow__C
815ae394   ti_sysbios_knl_Task_LD_block__C
815ae398   ti_sysbios_knl_Task_LD_exit__C
815ae39c   ti_sysbios_knl_Task_LD_ready__C
815ae3a0   ti_sysbios_knl_Task_LM_setPri__C
815ae3a4   ti_sysbios_knl_Task_LM_sleep__C
815ae3a8   ti_sysbios_knl_Task_LM_switch__C
815ae3ac   ti_sysbios_knl_Task_Module_State_inactiveQ__O
815ae3b0   ti_sysbios_knl_Task_Module_State_terminatedQ__O
815ae3b4   ti_sysbios_knl_Task_Module__diagsEnabled__C
815ae3b8   ti_sysbios_knl_Task_Module__diagsIncluded__C
815ae3bc   ti_sysbios_knl_Task_Module__diagsMask__C
815ae3c0   ti_sysbios_knl_Task_Module__loggerFxn2__C
815ae3c4   ti_sysbios_knl_Task_Module__loggerFxn4__C
815ae3c8   ti_sysbios_knl_Task_Module__loggerObj__C
815ae3cc   ti_sysbios_knl_Task_Object__count__C
815ae3d0   ti_sysbios_knl_Task_Object__heap__C
815ae3d4   ti_sysbios_knl_Task_allBlockedFunc__C
815ae3d8   ti_sysbios_knl_Task_defaultStackHeap__C
815ae3dc   ti_sysbios_knl_Task_defaultStackSize__C
815ae3e0   ti_sysbios_knl_Task_numConstructedTasks__C
815ae3e4   ti_sysbios_knl_Task_numPriorities__C
815ae3e8   ti_sysbios_timers_timer64_Timer_A_notAvailable__C
815ae3ec   ti_sysbios_timers_timer64_Timer_E_cannotSupport__C
815ae3f0   ti_sysbios_timers_timer64_Timer_Module__diagsEnabled__C
815ae3f4   ti_sysbios_timers_timer64_Timer_Module__diagsIncluded__C
815ae3f8   ti_sysbios_timers_timer64_Timer_Module__diagsMask__C
815ae3fc   ti_sysbios_timers_timer64_Timer_anyMask__C
815ae400   ti_sysbios_timers_timer64_Timer_freqDivisor__C
815ae404   ti_sysbios_timers_timer64_Timer_numLocalTimers__C
815ae408   ti_sysbios_timers_timer64_Timer_numTimerDevices__C
815ae40c   xdc_runtime_Assert_E_assertFailed__C
815ae410   xdc_runtime_Core_A_initializedParams__C
815ae414   xdc_runtime_Core_Module__diagsEnabled__C
815ae418   xdc_runtime_Core_Module__diagsIncluded__C
815ae41c   xdc_runtime_Core_Module__diagsMask__C
815ae420   xdc_runtime_Error_E_generic__C
815ae424   xdc_runtime_Error_E_memory__C
815ae428   xdc_runtime_Error_Module__diagsEnabled__C
815ae42c   xdc_runtime_Error_Module__diagsIncluded__C
815ae430   xdc_runtime_Error_Module__diagsMask__C
815ae434   xdc_runtime_Error_Module__loggerFxn8__C
815ae438   xdc_runtime_Error_Module__loggerObj__C
815ae43c   xdc_runtime_Error_policy__C
815ae440   xdc_runtime_Error_raiseHook__C
815ae444   xdc_runtime_IFilterLogger_Interface__BASE__C
815ae448   xdc_runtime_IGateProvider_Interface__BASE__C
815ae44c   xdc_runtime_IHeap_Interface__BASE__C
815ae450   xdc_runtime_ILogger_Interface__BASE__C
815ae454   xdc_runtime_IModule_Interface__BASE__C
815ae458   xdc_runtime_Log_L_error__C
815ae45c   xdc_runtime_LoggerBuf_E_badLevel__C
815ae460   xdc_runtime_LoggerBuf_Module__gateObj__C
815ae464   xdc_runtime_LoggerBuf_Object__count__C
815ae468   xdc_runtime_LoggerBuf_statusLogger__C
815ae46c   xdc_runtime_Memory_defaultHeapInstance__C
815ae470   xdc_runtime_Startup_execImpl__C
815ae474   xdc_runtime_Startup_maxPasses__C
815ae478   xdc_runtime_Startup_sfxnRts__C
815ae47c   xdc_runtime_Startup_sfxnTab__C
815ae480   xdc_runtime_System_Module__gateObj__C
815ae484   xdc_runtime_System_extendFxn__C
815ae488   xdc_runtime_System_maxAtexitHandlers__C
815ae48c   xdc_runtime_Text_charTab__C
815ae490   xdc_runtime_Text_nameEmpty__C
815ae494   xdc_runtime_Text_nameStatic__C
815ae498   xdc_runtime_Text_nameUnknown__C
815ae49c   xdc_runtime_Text_nodeTab__C
815ae4a0   xdc_runtime_Text_visitRopeFxn__C
815ae4a4   ti_sysbios_BIOS_Module__id__C
815ae4a8   ti_sysbios_family_c64p_EventCombiner_Module__id__C
815ae4ac   ti_sysbios_family_c64p_Exception_Module__id__C
815ae4b0   ti_sysbios_family_c64p_Hwi_Module__id__C
815ae4b4   ti_sysbios_family_c64p_Hwi_Module__loggerDefined__C
815ae4b8   ti_sysbios_gates_GateMutex_Module__id__C
815ae4bc   ti_sysbios_hal_Hwi_Module__id__C
815ae4c0   ti_sysbios_heaps_HeapMem_Module__id__C
815ae4c4   ti_sysbios_knl_Clock_Module__id__C
815ae4c8   ti_sysbios_knl_Clock_Module__loggerDefined__C
815ae4cc   ti_sysbios_knl_Semaphore_Module__id__C
815ae4d0   ti_sysbios_knl_Semaphore_Module__loggerDefined__C
815ae4d4   ti_sysbios_knl_Swi_Module__id__C
815ae4d8   ti_sysbios_knl_Swi_Module__loggerDefined__C
815ae4dc   ti_sysbios_knl_Task_Module__id__C
815ae4e0   ti_sysbios_knl_Task_Module__loggerDefined__C
815ae4e4   ti_sysbios_knl_Task_deleteTerminatedTasks__C
815ae4e8   ti_sysbios_knl_Task_initStackFlag__C
815ae4ec   ti_sysbios_timers_timer64_Timer_Module__id__C
815ae4f0   ti_sysbios_timers_timer64_Timer_startupNeeded__C
815ae4f4   xdc_runtime_Core_Module__id__C
815ae4f8   xdc_runtime_Error_Module__loggerDefined__C
815ae4fc   xdc_runtime_Error_maxDepth__C
815ae500   xdc_runtime_LoggerBuf_Module__id__C
815ae504   xdc_runtime_LoggerBuf_filterByLevel__C
815ae508   xdc_runtime_Memory_Module__id__C
815ae50c   xdc_runtime_Text_charCnt__C
815ae510   xdc_runtime_Text_isLoaded__C
815ae514   xdc_runtime_Text_registryModsLastId__C
815ae518   xdc_runtime_Text_unnamedModsLastId__C
815aedb8   gDeviceNandBBlist
815af1d4   gDeviceNand
815af20c   gDeviceNor
815af244   gDeviceEeprom0
815af27c   gDeviceEeprom1
815af2b8   emac_port_mode
815af2c0   __TI_STATIC_BASE
815af2f8   _IGMPInDiscard
815af2fc   _IGMPInQuery
815af300   _IGMPInQueryGroup
815af304   _IGMPInResponse
815af308   _IGMPOutResponse
815af318   hCfg
815af31c   pform_status
815af358   CONTENT_TYPE_APPLET
815af35c   CONTENT_TYPE_AU
815af360   CONTENT_TYPE_CSS
815af364   CONTENT_TYPE_DOC
815af368   CONTENT_TYPE_GIF
815af36c   CONTENT_TYPE_HTML
815af370   CONTENT_TYPE_JPG
815af374   CONTENT_TYPE_MPEG
815af378   CONTENT_TYPE_PDF
815af37c   CONTENT_TYPE_WAV
815af380   CONTENT_TYPE_ZIP
815af384   CONTENT_TYPE
815af388   CONTENT_LENGTH
815af38c   CRLF
815af390   DEFAULT_NAME
815af394   HTTP_VER
815af398   SPACE
815af39c   PITCount
815af3a0   PITUsed
815af3a4   PITHigh
815af3c0   PAGEHEAD
815af3c4   PAGEWRAPPER
815af3c8   PAGEWRAPPERBACK
815af3cc   PAGEFOOTER
815af3d0   MAINHDR
815af3d4   HDR
815af3d8   ROW_END
815af3dc   ROW_START
815af45c   _IGMPForceVersion1
815af464   VerStr
815af468   LocalIPAddr
815af47c   DebugLogSize
815af480   DebugCritError
815af48c   _ICMPInErrors
815af490   _ICMPOutErrors
815af494   _IPExecuting
815af4a4   gFragQList
815af4c4   tcp_iss
815af4c8   ptTimeFirst
815af4cc   pt6TimeFirst
815af4d0   tcp6_iss
815af4dc   platform_errno
815af4e0   platform_init_return_code
815af4f4   httpErrorResponseHook
815af500   _IPReasmPtr
815af508   gMLDNodeList
815af52c   IPV6_MAX_MULTICAST_SOLICIT
815af530   IPV6_MAX_UNICAST_SOLICIT
815af534   IPV6_RETRANS_TIME
815af538   IPV6_DELAY_FIRST_PROBE_TIME
815af53c   IPV6_REACHABLE_TIME
815af540   IPV6_MAX_RTR_SOLICITATION_DELAY
815af544   IPV6_RTR_SOLICITATION_INTERVAL
815af548   IPV6_MAX_RTR_SOLICITATIONS
815af54c   INFINITE_LT
815af550   ti_ndk_config_Global_rawPageSize
815af554   ti_ndk_config_Global_rawPageCount
815af558   ti_ndk_config_Global_smallest
815af55c   ti_ndk_config_Global_largest
815af560   ti_ndk_config_Global_numFrameBuf
815af564   ti_ndk_config_Global_sizeFrameBuf
815af580   emac_comm_dev0
815af700   emac_comm_pcb0
815e0eb8   __TI_Handler_Table_Base
815e0ec4   __TI_Handler_Table_Limit
815e0f08   __TI_CINIT_Base
815e0f78   __TI_CINIT_Limit
ffffffff   __TI_pprof_out_hndl
ffffffff   __TI_prof_data_size
ffffffff   __TI_prof_data_start
ffffffff   __binit__
ffffffff   __c_args__
ffffffff   binit
UNDEFED    __TI_INITARRAY_Base
UNDEFED    __TI_INITARRAY_Limit

[1613 symbols]
