******************************************************************************
               TMS320C6x Linker Unix v7.4.0                    
******************************************************************************
>> Linked Mon Nov 19 17:25:36 2012

OUTPUT FILE NAME:   <hua_evmc6670l.out>
ENTRY POINT SYMBOL: "_c_int00"  address: 8158bec0


MEMORY CONFIGURATION

         name            origin    length      used     unused   attr    fill
----------------------  --------  ---------  --------  --------  ----  --------
  L2SRAM_IBL_RESERVED   00800000   00020000  00000000  00020000  RW X
  L2SRAM                00820000   00060000  00009df0  00056210  RW X
  L1PSRAM               00e00000   00008000  00000000  00008000  RW X
  L1DSRAM               00f00000   00008000  00000000  00008000  RW  
  MSMCSRAM              0c000000   00400000  00057300  003a8d00  RW X
  DDR                   80000000   1fffffff  015e8514  1ea17aeb  RW X


SEGMENT ALLOCATION MAP

run origin  load origin   length   init length attrs members
----------  ----------- ---------- ----------- ----- -------
00820000    00820000    00008888   00000000    rw-
  00820000    00820000    00004000   00000000    rw- .resmgr_memregion
  00824000    00824000    00002400   00000000    rw- .qmss
  00826400    00826400    00001488   00000000    rw- .resmgr_pa
  00827888    00827888    00001000   00000000    rw- .stack
00828890    00828890    00000600   00000000    rw-
  00828890    00828890    00000600   00000000    rw- .far:NDK_OBJMEM
00828e90    00828e90    00000170   00000170    r--
  00828e90    00828e90    00000170   00000170    r-- .switch.1
00829000    00829000    00000200   00000200    r-x
  00829000    00829000    00000200   00000200    r-x .vecs
00829200    00829200    00000480   00000000    rw-
  00829200    00829200    00000480   00000000    rw- .cppi
00829680    00829680    000002a0   000002a0    r--
  00829680    00829680    000002a0   000002a0    r-- .switch.2
00829980    00829980    00000438   00000318    rw-
  00829980    00829980    00000318   00000318    rw- .nimu_eth_ll2
  00829c98    00829c98    00000120   00000000    rw- .cio
00829dc0    00829dc0    000000a0   00000000    rw-
  00829dc0    00829dc0    000000a0   00000000    rw- .resmgr_handles
0c000000    0c000000    00057300   00000000    rw-
  0c000000    0c000000    00052b00   00000000    rw- .far:NDK_PACKETMEM
  0c052b00    0c052b00    00004800   00000000    rw- .far:taskStackSection
80000000    80000000    01312d00   00000000    rw-
  80000000    80000000    01312d00   00000000    rw- .gBuffer
81312d00    81312d00    0012b320   0012b320    rw-
  81312d00    81312d00    0012b320   0012b320    rw- .far:WEBDATA
8143e020    8143e020    00000060   00000060    r-x
  8143e020    8143e020    00000060   00000060    r-x .text.1
8143e080    8143e080    000f4240   00000000    rw-
  8143e080    8143e080    000f4240   00000000    rw- systemHeap
815322c0    815322c0    000732fa   000732fa    r-x
  815322c0    815322c0    000627e0   000627e0    r-x .text.2
  81594aa0    81594aa0    00010b1a   00010b1a    r-- .const
815a55c0    815a55c0    00000040   00000040    rw-
  815a55c0    815a55c0    00000040   00000040    rw- .fardata.1
815a5600    815a5600    0000e6f4   0000e6f4    rw-
  815a5600    815a5600    0000e6f4   0000e6f4    rw- .far
815b3d00    815b3d00    000014e2   000014e2    rw-
  815b3d00    815b3d00    000014e2   000014e2    rw- .fardata.2
815b51e8    815b51e8    00001514   00001470    rw-
  815b51e8    815b51e8    00001470   00001470    rw- platform_lib
  815b6658    815b6658    000000a4   00000000    rw- .bss
815b66fc    815b66fc    000001d1   000001d1    rw-
  815b66fc    815b66fc    000001d1   000001d1    rw- .neardata
815b68d0    815b68d0    0000003c   0000003c    r--
  815b68d0    815b68d0    0000003c   0000003c    r-- .rodata
815b690c    815b690c    00031c20   00031c20    r--
  815b690c    815b690c    00031c20   00031c20    r-- .cinit


SECTION ALLOCATION MAP

 output                                  attributes/
section   page    origin      length       input sections
--------  ----  ----------  ----------   ----------------
.init_array 
*          0    80000000    00000000     UNINITIALIZED

.resmgr_memregion 
*          0    00820000    00004000     UNINITIALIZED
                  00820000    00004000     resourcemgr.obj (.resmgr_memregion)

.qmss      0    00824000    00002400     UNINITIALIZED
                  00824000    00002400     ti.drv.qmss.ae66 : qmss_drv.oe66 (.qmss)

.resmgr_pa 
*          0    00826400    00001488     UNINITIALIZED
                  00826400    00001488     resourcemgr.obj (.resmgr_pa)

.stack     0    00827888    00001000     UNINITIALIZED
                  00827888    00000008     boot.ae66 : boot.oe66 (.stack)
                  00827890    00000ff8     --HOLE--

.far:NDK_OBJMEM 
*          0    00828890    00000600     UNINITIALIZED
                  00828890    00000600     os.ae66 : ossys.oe66 (.far:NDK_OBJMEM)

.switch.1 
*          0    00828e90    00000170     
                  00828e90    00000070     ti.csl.ae66 : csl_chip.oe66 (.switch:CSL_chipReadReg)
                  00828f00    00000060     nettool.ae66 : telnetd.oe66 (.switch:telnet_netdata)
                  00828f60    0000003c     stk6_ppp_pppoe.ae66 : sock.oe66 (.switch:SockSet)
                  00828f9c    00000038                         : icmpin.oe66 (.switch:ICMPInput)
                  00828fd4    0000002c                         : sock6.oe66 (.switch:Sock6Set)

.vecs      0    00829000    00000200     
                  00829000    00000200     evm_pe66.oe66 (.vecs)

.cppi      0    00829200    00000480     UNINITIALIZED
                  00829200    00000480     ti.drv.cppi.ae66 : cppi_drv.oe66 (.cppi)

.switch.2 
*          0    00829680    000002a0     
                  00829680    00000038     stk6_ppp_pppoe.ae66 : icmpv6in.oe66 (.switch:ICMPv6RxPacket)
                  008296b8    00000034                         : rawethsock.oe66 (.switch:RawEthSockSet)
                  008296ec    00000030     nettool.ae66 : dnspkt.oe66 (.switch:DNSReadRecord)
                  0082971c    00000030                  : dnscomn.oe66 (.switch:DNSResolveQuery)
                  0082974c    0000002c     ti.drv.pa.ae66 : pa.oe66 (.switch:pa_conv_routing_info)
                  00829778    00000028     stk6_ppp_pppoe.ae66 : lcp.oe66 (.switch:lcpInput)
                  008297a0    00000020                         : tcp6prot.oe66 (.switch:TCP6PrSetOption)
                  008297c0    00000020                         : tcpprot.oe66 (.switch:TcpPrSetOption)
                  008297e0    00000020                         : ipcp.oe66 (.switch:ipcpInput)
                  00829800    0000001c                         : sock6int.oe66 (.switch:Sock6Notify)
                  0082981c    0000001c                         : sockint.oe66 (.switch:SockNotify)
                  00829838    0000001c     nettool.ae66 : dhcpsm.oe66 (.switch:dhcpState)
                  00829854    00000018     stk6_ppp_pppoe.ae66 : nimuppp.oe66 (.switch:pppEvent)
                  0082986c    00000014                         : icmpv6in.oe66 (.switch:ICMPv6RecvDstUnreachable)
                  00829880    00000014                         : lli6.oe66 (.switch:LLI6TimerCheck)
                  00829894    00000014                         : nimu.oe66 (.switch:NIMUIoctl)
                  008298a8    00000014     tasks.obj (.switch:dumpTask)
                  008298bc    00000014     stk6_ppp_pppoe.ae66 : lcp.oe66 (.switch:lcpSendCfg)
                  008298d0    00000010                         : ipv6_exthdrs.oe66 (.switch:IPv6ParseHopOptions)
                  008298e0    00000010                         : auth.oe66 (.switch:chapInput)
                  008298f0    00000010     nettool.ae66 : inetaddr.oe66 (.switch:inet_aton)
                  00829900    00000010     stk6_ppp_pppoe.ae66 : ipcp.oe66 (.switch:ipcpSendCfg)
                  00829910    00000010                         : nimupppoe.oe66 (.switch:pppoeCtrlMsg)

.nimu_eth_ll2 
*          0    00829980    00000318     
                  00829980    00000308     ti.transport.ndk.nimu.ae66 : nimu_eth.obj (.nimu_eth_ll2:uninit) [fill = 0]
                  00829c88    00000010                                : nimu_eth.obj (.nimu_eth_ll2:init)

.cio       0    00829c98    00000120     UNINITIALIZED
                  00829c98    00000120     rts6600_elf.lib : trgmsg.obj (.cio)

.resmgr_handles 
*          0    00829dc0    000000a0     UNINITIALIZED
                  00829dc0    000000a0     resourcemgr.obj (.resmgr_handles)

.far:NDK_PACKETMEM 
*          0    0c000000    00052b00     UNINITIALIZED
                  0c000000    00052b00     stk6_ppp_pppoe.ae66 : pbm_data.oe66 (.far:NDK_PACKETMEM)

.far:taskStackSection 
*          0    0c052b00    00004800     UNINITIALIZED
                  0c052b00    00004800     evm_pe66.oe66 (.far:taskStackSection)

xdc.meta   0    80000000    00000100     COPY SECTION
                  80000000    00000100     evm_pe66.oe66 (xdc.meta)

.gBuffer   0    80000000    01312d00     UNINITIALIZED
                  80000000    01312d00     webpage.obj (.gBuffer)

.far:WEBDATA 
*          0    81312d00    0012b320     
                  81312d00    000f9968     webserver.obj (.far:WEBDATA) [fill = 0]
                  8140c668    00030fcd     webpage.obj (.far:WEBDATA)
                  8143d635    00000003     --HOLE--
                  8143d638    000008c8     ndkbenchmark.obj (.far:WEBDATA) [fill = 0]
                  8143df00    00000120     statistics.obj (.far:WEBDATA) [fill = 0]

.text.1    0    8143e020    00000060     
                  8143e020    00000060     stk6_ppp_pppoe.ae66 : bind.oe66 (.text:BindFindByHost)

systemHeap 
*          0    8143e080    000f4240     UNINITIALIZED
                  8143e080    000f4240     evm_pe66.oe66 (systemHeap)

.text.2    0    815322c0    000627e0     
                  815322c0    00002520     ndkbenchmark.obj (.text)
                  815347e0    00001e40     ti.transport.ndk.nimu.ae66 : nimu_eth.obj (.text)
                  81536620    00001a40     ti.platform.evm6670l.ae66 : platform.obj (.text)
                  81538060    00001a00     stk6_ppp_pppoe.ae66 : tcpin.oe66 (.text:TcpInput)
                  81539a60    000019a0                         : tcp6in.oe66 (.text:TCP6Input)
                  8153b400    00001240                         : tcpout.oe66 (.text:TcpOutput)
                  8153c640    00001240     information.obj (.text)
                  8153d880    00001180     stk6_ppp_pppoe.ae66 : tcp6out.oe66 (.text:TCP6Output)
                  8153ea00    00001080     ndkloopback.obj (.text)
                  8153fa80    00000c60     webserver.obj (.text)
                  815406e0    00000b80     stk6_ppp_pppoe.ae66 : ipin.oe66 (.text:IPRxPacket)
                  81541260    00000b80     hpdspua.obj (.text)
                  81541de0    00000aa0     stk6_ppp_pppoe.ae66 : md5.oe66 (.text:MD5Transform)
                  81542880    00000aa0     resourcemgr.obj (.text)
                  81543320    000009c0     stk6_ppp_pppoe.ae66 : ipout.oe66 (.text:IPTxPacket)
                  81543ce0    000009a0                         : lcp.oe66 (.text:lcpInput)
                  81544680    000009a0     ti.targets.rts6000.ae66 : System.oe66 (.text:xdc_runtime_System_doPrint__I)
                  81545020    00000980     ti.platform.evm6670l.ae66 : evmc6670.obj (.text)
                  815459a0    00000920     nettool.ae66 : dnscomn.oe66 (.text:DNSResolveByName)
                  815462c0    000008a0                  : httpclie.oe66 (.text:httpClientProcess)
                  81546b60    00000840     ti.platform.evm6670l.ae66 : evm66x_nand.obj (.text)
                  815473a0    000007e0     ti.drv.qmss.ae66 : qmss_drv.oe66 (.text:Qmss_insertMemoryRegion)
                  81547b80    000007e0     stk6_ppp_pppoe.ae66 : ipcp.oe66 (.text:ipcpInput)
                  81548360    000007c0     nettool.ae66 : dnscomn.oe66 (.text:DNSResolveByNS)
                  81548b20    000007c0                  : httpsend.oe66 (.text:SetContentType)
                  815492e0    000007c0     stk6_ppp_pppoe.ae66 : sock.oe66 (.text:SockSet)
                  81549aa0    000007a0                         : fileuser.oe66 (.text:fdPoll)
                  8154a240    000007a0     ti.platform.evm6670l.ae66 : evmc66x_i2c_eeprom.obj (.text)
                  8154a9e0    00000780     sysbios.lib : BIOS.obj (.text:ti_sysbios_family_c64p_Exception_handler__I)
                  8154b160    00000720     ti.drv.pa.ae66 : pa.oe66 (.text:Pa_addMac)
                  8154b880    000006e0     flash.obj (.text)
                  8154bf60    000006c0     nettool.ae66 : telnetd.oe66 (.text:telnet_netdata)
                  8154c620    00000680     stk6_ppp_pppoe.ae66 : icmpv6_ndisc.oe66 (.text:ICMPv6RecvRA)
                  8154cca0    00000660     ti.drv.cppi.ae66 : cppi_drv.oe66 (.text:Cppi_configureRxFlow)
                  8154d300    00000660     nettool.ae66 : dnscomn.oe66 (.text:DNSResolveByAddr)
                  8154d960    00000660     sysbios.lib : BIOS.obj (.text:ti_sysbios_heaps_HeapMem_free__E)
                  8154dfc0    00000620     stk6_ppp_pppoe.ae66 : route6.oe66 (.text:Rt6Create)
                  8154e5e0    00000620     sysbios.lib : BIOS.obj (.text:ti_sysbios_heaps_HeapMem_alloc__E)
                  8154ec00    000005e0     nettool.ae66 : dnsclnt.oe66 (.text:DNSResolve)
                  8154f1e0    000005c0     stk6_ppp_pppoe.ae66 : ipfrag.oe66 (.text:IPReasm)
                  8154f7a0    000005c0     rts6600_elf.lib : divd.obj (.text:__c6xabi_divd)
                  8154fd60    000005c0                     : _printfi.obj (.text:_getarg_diouxp)
                  81550320    000005c0     sysbios.lib : BIOS.obj (.text:ti_sysbios_timers_timer64_Timer_Module_startup__F)
                  815508e0    000005a0     stk6_ppp_pppoe.ae66 : icmpin.oe66 (.text:ICMPInput)
                  81550e80    00000580                         : nimuppp.oe66 (.text:pppEvent)
                  81551400    00000560                         : ipv6.oe66 (.text:IPv6IPAddressToString)
                  81551960    00000520                         : sock.oe66 (.text:SockNew)
                  81551e80    00000500     sysbios.lib : BIOS.obj (.text:ti_sysbios_knl_Task_Instance_finalize__F)
                  81552380    000004e0     stk6_ppp_pppoe.ae66 : udp.oe66 (.text:UdpInput)
                  81552860    000004e0                         : nimupppoe.oe66 (.text:pppoeInputS)
                  81552d40    000004e0     statistics.obj (.text)
                  81553220    000004c0     ti.drv.cppi.ae66 : cppi_drv.oe66 (.text:Cppi_txChannelOpen)
                  815536e0    000004c0     stk6_ppp_pppoe.ae66 : sock6.oe66 (.text:Sock6Connect)
                  81553ba0    000004c0                         : sock6.oe66 (.text:Sock6Set)
                  81554060    000004c0     flashread.obj (.text)
                  81554520    000004c0     webpage.obj (.text)
                  815549e0    000004a0     stk6_ppp_pppoe.ae66 : bind6.oe66 (.text:Bind6New)
                  81554e80    000004a0                         : lliin.oe66 (.text:LLIRxPacket)
                  81555320    000004a0                         : sock6.oe66 (.text:Sock6Recv)
                  815557c0    000004a0                         : sock.oe66 (.text:SockRecv)
                  81555c60    00000460     rts6600_elf.lib : _printfi.obj (.text:_printfi)
                  815560c0    00000460                     : _printfi.obj (.text:_setfield)
                  81556520    00000460     stk6_ppp_pppoe.ae66 : nimuppp.oe66 (.text:pppNew)
                  81556980    00000460     ti.platform.evm6670l.ae66 : evmc66x_spi.obj (.text)
                  81556de0    00000440     ti.drv.cppi.ae66 : cppi_drv.oe66 (.text:Cppi_rxChannelOpen)
                  81557220    00000440     stk6_ppp_pppoe.ae66 : sock6.oe66 (.text:Sock6New)
                  81557660    00000440                         : auth.oe66 (.text:chapInput)
                  81557aa0    00000440                         : fileuser.oe66 (.text:fdSelect)
                  81557ee0    00000440                         : nimupppoe.oe66 (.text:pppoeInputC)
                  81558320    00000420     nettool.ae66 : daemon.oe66 (.text:daemon)
                  81558740    00000420     ti.drv.pa.ae66 : pa.oe66 (.text:pa_conv_routing_info)
                  81558b60    00000400     stk6_ppp_pppoe.ae66 : sock6.oe66 (.text:Sock6Send)
                  81558f60    00000400     os.ae66 : efs.oe66 (.text:efs_filecheck)
                  81559360    00000400     i2cread.obj (.text)
                  81559760    00000400     sysbios.lib : BIOS.obj (.text:ti_sysbios_knl_Semaphore_pend__E)
                  81559b60    000003e0     stk6_ppp_pppoe.ae66 : ipv6_frag.oe66 (.text:IPv6TxFragPacket)
                  81559f40    000003e0     diagnostic.obj (.text)
                  8155a320    000003e0     diagpage.obj (.text)
                  8155a700    000003e0     flashwrite.obj (.text)
                  8155aae0    000003c0     ti.drv.cppi.ae66 : cppi_desc.oe66 (.text:Cppi_initDescriptor)
                  8155aea0    000003c0     stk6_ppp_pppoe.ae66 : ipv6out.oe66 (.text:IPv6TxPacket)
                  8155b260    000003c0                         : lli6.oe66 (.text:LLI6TimerCheck)
                  8155b620    000003c0                         : sock.oe66 (.text:SockSend)
                  8155b9e0    000003c0                         : tcp6.oe66 (.text:TCP6TimeoutCheck)
                  8155bda0    000003c0                         : tcp.oe66 (.text:TcpTimeoutCheck)
                  8155c160    000003c0     rts6600_elf.lib : strtol.obj (.text:strtol)
                  8155c520    000003c0     ti.platform.evm6670l.ae66 : evmc66x_nor.obj (.text)
                  8155c8e0    000003c0     sysbios.lib : BIOS.obj (.text:ti_sysbios_knl_Task_Instance_init__F)
                  8155cca0    000003c0                 : BIOS.obj (.text:ti_sysbios_knl_Task_setPri__E)
                  8155d060    000003a0     stk6_ppp_pppoe.ae66 : nimu.oe66 (.text:NIMUIoctl)
                  8155d400    000003a0                         : route.oe66 (.text:RtCreate)
                  8155d7a0    000003a0                         : sb.oe66 (.text:SBRead)
                  8155db40    000003a0     os.ae66 : mem.oe66 (.text:_mmCheck)
                  8155dee0    000003a0     rts6600_elf.lib : fputs.obj (.text:fputs)
                  8155e280    000003a0     stk6_ppp_pppoe.ae66 : auth.oe66 (.text:papInput)
                  8155e620    00000380                         : icmpv6in.oe66 (.text:ICMPv6RxPacket)
                  8155e9a0    00000380                         : igmp.oe66 (.text:IGMPInput)
                  8155ed20    00000380                         : sock6int.oe66 (.text:Sock6Notify)
                  8155f0a0    00000380                         : sock.oe66 (.text:SockConnect)
                  8155f420    00000380                         : sockint.oe66 (.text:SockNotify)
                  8155f7a0    00000380     nettool.ae66 : dhcppkt.oe66 (.text:dhcpPacketProcess)
                  8155fb20    00000380     ti.platform.evm6670l.ae66 : evmc66x_fpga.obj (.text)
                  8155fea0    00000360     stk6_ppp_pppoe.ae66 : icmpv6out.oe66 (.text:ICMPv6SendParameterProblem)
                  81560200    00000360                         : ipv6_frag.oe66 (.text:IPv6FragReasm)
                  81560560    00000360                         : lliout.oe66 (.text:LLITxIpPacket)
                  815608c0    00000360     ti.platform.evm6670l.ae66 : evmc66x_ecc.obj (.text)
                  81560c20    00000340     ti.drv.pa.ae66 : painit.oe66 (.text:Pa_create)
                  81560f60    00000340     ti.drv.qmss.ae66 : qmss_drv.oe66 (.text:Qmss_init)
                  815612a0    00000340     os.ae66 : mem.oe66 (.text:mmAlloc)
                  815615e0    00000340     stk6_ppp_pppoe.ae66 : nimupppoe.oe66 (.text:pppoeSI)
                  81561920    00000320     nettool.ae66 : config.oe66 (.text:CfgAddEntry)
                  81561c40    00000320                  : dnspkt.oe66 (.text:DNSReadRecord)
                  81561f60    00000320     stk6_ppp_pppoe.ae66 : icmpv6_ndisc.oe66 (.text:ICMPv6RecvRedirect)
                  81562280    00000320                         : nimupppoe.oe66 (.text:SendServerMsg)
                  815625a0    00000320     rts6600_elf.lib : _printfi.obj (.text:_pproc_fge)
                  815628c0    00000320     nettool.ae66 : telnetd.oe66 (.text:telnet_engine)
                  81562be0    00000300     stk6_ppp_pppoe.ae66 : icmpv6_ndisc.oe66 (.text:ICMPv6RecvNS)
                  81562ee0    00000300                         : icmpv6out.oe66 (.text:ICMPv6SendDstUnreachable)
                  815631e0    00000300                         : icmpv6out.oe66 (.text:ICMPv6SendTimeExceeded)
                  815634e0    00000300     netctrl.ae66 : netctrl.oe66 (.text:NetScheduler)
                  815637e0    00000300     stk6_ppp_pppoe.ae66 : sock6pcb.oe66 (.text:Sock6PcbBind)
                  81563ae0    00000300                         : udp6.oe66 (.text:Udp6Input)
                  81563de0    00000300     nettool.ae66 : inetaddr.oe66 (.text:inet_aton)
                  815640e0    00000300     ti.platform.evm6670l.ae66 : evmc6670_phy.obj (.text)
                  815643e0    00000300     sysbios.lib : BIOS.obj (.text:ti_sysbios_family_c64p_Hwi_dispatchC__I)
                  815646e0    000002e0     stk6_ppp_pppoe.ae66 : ipv6_frag.oe66 (.text:IPv6FragQEnqueueFrag)
                  815649c0    000002e0     ti.drv.pa.ae66 : pa.oe66 (.text:Pa_forwardResult)
                  81564ca0    000002e0     stk6_ppp_pppoe.ae66 : route6.oe66 (.text:Rt6Find)
                  81564f80    000002e0                         : nimupppoe.oe66 (.text:SendClientMsg)
                  81565260    000002e0                         : udp.oe66 (.text:UdpOutput)
                  81565540    000002e0     rts6600_elf.lib : _printfi.obj (.text:_pproc_fwp)
                  81565820    000002e0     sysbios.lib : BIOS.obj (.text:ti_sysbios_knl_Task_Module_startup__F)
                  81565b00    000002c0     stk6_ppp_pppoe.ae66 : bind.oe66 (.text:BindNew)
                  81565dc0    000002c0     nettool.ae66 : dnspkt.oe66 (.text:DNSGetReply)
                  81566080    000002c0                  : dnscomn.oe66 (.text:DNSResolveExternal)
                  81566340    000002c0     stk6_ppp_pppoe.ae66 : sb6.oe66 (.text:SB6Read)
                  81566600    000002c0                         : sock6pcb.oe66 (.text:Sock6PcbResolve)
                  815668c0    000002c0                         : udp6.oe66 (.text:Udp6Output)
                  81566b80    000002c0                         : nimuppp.oe66 (.text:pppInput)
                  81566e40    000002a0                         : ipv6_exthdrs.oe66 (.text:IPv6ParseExtnHeaders)
                  815670e0    000002a0                         : node.oe66 (.text:NodeAdd)
                  81567380    000002a0                         : route6.oe66 (.text:Rt6Free)
                  81567620    000002a0                         : rtable.oe66 (.text:RtFind)
                  815678c0    000002a0                         : sock6pcb.oe66 (.text:Sock6PcbFind)
                  81567b60    000002a0                         : sock.oe66 (.text:SockClose)
                  81567e00    000002a0                         : tcp6prot.oe66 (.text:TCP6PrSetOption)
                  815680a0    000002a0                         : tcpprot.oe66 (.text:TcpPrSetOption)
                  81568340    000002a0     rts6600_elf.lib : _printfi.obj (.text:fcvt)
                  815685e0    000002a0     tasks.obj (.text)
                  81568880    000002a0     sysbios.lib : BIOS.obj (.text:ti_sysbios_knl_Clock_workFunc__E)
                  81568b20    000002a0                 : BIOS.obj (.text:ti_sysbios_knl_Task_sleep__E)
                  81568dc0    00000280     nettool.ae66 : dhcpmain.oe66 (.text:DHCPOpen)
                  81569040    00000280     stk6_ppp_pppoe.ae66 : icmp.oe66 (.text:ICMPGenPacket)
                  815692c0    00000280                         : icmpv6in.oe66 (.text:ICMPv6RecvEchoRequest)
                  81569540    00000280                         : lli6.oe66 (.text:LLI6NeighUnreachStateMachine)
                  815697c0    00000280                         : sockpcb.oe66 (.text:SockPcbResolve)
                  81569a40    00000280                         : sock.oe66 (.text:SockRecvNC)
                  81569cc0    00000280                         : tcp6out.oe66 (.text:TCP6GenPacket)
                  81569f40    00000280     sysbios.lib : BIOS.obj (.text:deviceConfig$44)
                  8156a1c0    00000280     rts6600_elf.lib : _printfi.obj (.text:ecvt)
                  8156a440    00000280     stk6_ppp_pppoe.ae66 : ipcp.oe66 (.text:ipcpSendCfg)
                  8156a6c0    00000280                         : lcp.oe66 (.text:lcpSendCfg)
                  8156a940    00000280     ti.platform.evm6670l.ae66 : evmc66x_gpio.obj (.text)
                  8156abc0    00000280     sysbios.lib : BIOS.obj (.text:ti_sysbios_knl_Clock_Instance_init__F)
                  8156ae40    00000280                 : BIOS.obj (.text:ti_sysbios_knl_Task_exit__E)
                  8156b0c0    00000280     ti.targets.rts6000.ae66 : Core-mem.oe66 (.text:xdc_runtime_Core_createObject__I)
                  8156b340    00000280                             : Error.oe66 (.text:xdc_runtime_Error_raiseX__F)
                  8156b5c0    00000260     stk6_ppp_pppoe.ae66 : icmpv6_ndisc.oe66 (.text:ICMPv6SendNA)
                  8156b820    00000260                         : icmpv6_ndisc.oe66 (.text:ICMPv6SendNS)
                  8156ba80    00000260                         : lli6.oe66 (.text:LLI6TxIPPacket)
                  8156bce0    00000260                         : nimu.oe66 (.text:NIMUReceivePacket)
                  8156bf40    00000260                         : rawethsock.oe66 (.text:RawEthSockSet)
                  8156c1a0    00000260                         : sb6.oe66 (.text:SB6Write)
                  8156c400    00000260                         : sb.oe66 (.text:SBWrite)
                  8156c660    00000260                         : sock6.oe66 (.text:Sock6Close)
                  8156c8c0    00000260                         : sockpcb.oe66 (.text:SockPcbBind)
                  8156cb20    00000260     nettool.ae66 : httppars.oe66 (.text:httpParseRecv)
                  8156cd80    00000260     ti.targets.rts6000.ae66 : Startup.oe66 (.text:xdc_runtime_Startup_startMods__I)
                  8156cfe0    00000260     evm_pe66.oe66 (.text:xdc_runtime_System_printfExtend__I)
                  8156d240    00000240     ti.drv.cppi.ae66 : cppi_drv.oe66 (.text:Cppi_open)
                  8156d480    00000240     nettool.ae66 : dnspkt.oe66 (.text:DNSWriteRecord)
                  8156d6c0    00000240                  : daemon.oe66 (.text:DaemonNew)
                  8156d900    00000240     ti.drv.pa.ae66 : pa.oe66 (.text:Pa_resetControl)
                  8156db40    00000240     stk6_ppp_pppoe.ae66 : pipe.oe66 (.text:PipeRecv)
                  8156dd80    00000240                         : raw.oe66 (.text:RawInput)
                  8156dfc0    00000240     rts6600_elf.lib : imath64.obj (.text:__c6xabi_divull)
                  8156e200    00000240                     : _printfi.obj (.text:_pconv_e)
                  8156e440    00000240                     : _printfi.obj (.text:_pproc_diouxp)
                  8156e680    00000240     nettool.ae66 : dhcpsm.oe66 (.text:dhcpIPAdd)
                  8156e8c0    00000240                  : dhcpsm.oe66 (.text:dhcpState)
                  8156eb00    00000240     platform_osal.obj (.text)
                  8156ed40    00000240     sysbios.lib : BIOS.obj (.text:ti_sysbios_family_c64p_Exception_internalHandler__I)
                  8156ef80    00000240                 : BIOS.obj (.text:ti_sysbios_knl_Semaphore_post__E)
                  8156f1c0    00000240     ti.targets.rts6000.ae66 : LoggerBuf.oe66 (.text:xdc_runtime_LoggerBuf_write8__F)
                  8156f400    00000220     stk6_ppp_pppoe.ae66 : bind6.oe66 (.text:Bind6RunDAD)
                  8156f620    00000220     nettool.ae66 : dnspkt.oe66 (.text:DNSWriteName)
                  8156f840    00000220     stk6_ppp_pppoe.ae66 : icmpv6_ndisc.oe66 (.text:ICMPv6RecvNA)
                  8156fa60    00000220                         : igmp.oe66 (.text:IGMPJoinHostGroup)
                  8156fc80    00000220                         : ipv6in.oe66 (.text:IPv6RxPacket)
                  8156fea0    00000220                         : rawethsock.oe66 (.text:RawEthSockNew)
                  815700c0    00000220                         : sockpcb.oe66 (.text:SockPcbFind)
                  815702e0    00000220     rts6600_elf.lib : _printfi.obj (.text:_pproc_str)
                  81570500    00000220     nettool.ae66 : dhcppkt.oe66 (.text:dhcpVerifyMessage)
                  81570720    00000220     rts6600_elf.lib : fputc.obj (.text:fputc)
                  81570940    00000220     nettool.ae66 : httpclie.oe66 (.text:httpGetAuthParams)
                  81570b60    00000220     sysbios.lib : BIOS.obj (.text:ti_sysbios_knl_Swi_run__I)
                  81570d80    00000220                 : BIOS.obj (.text:ti_sysbios_knl_Task_schedule__I)
                  81570fa0    00000220                 : BIOS.obj (.text:ti_sysbios_knl_Task_startup__E)
                  815711c0    00000200     stk6_ppp_pppoe.ae66 : ipv6_frag.oe66 (.text:IPv6ParseFragHdr)
                  815713c0    00000200                         : lli6.oe66 (.text:LLI6New)
                  815715c0    00000200     ti.drv.qmss.ae66 : qmss_drv.oe66 (.text:Qmss_internalQueueOpen)
                  815717c0    00000200                      : qmss_acc.oe66 (.text:Qmss_programAccumulator)
                  815719c0    00000200     stk6_ppp_pppoe.ae66 : rtc.oe66 (.text:RTCReport)
                  81571bc0    00000200                         : raw6.oe66 (.text:Raw6Output)
                  81571dc0    00000200     rts6600_elf.lib : _printfi.obj (.text:_pconv_g)
                  81571fc0    00000200     sysbios.lib : c64p_Hwi_disp_always.obj (.text:_ti_sysbios_family_c64p_Hwi_dispatchAlways)
                  815721c0    00000200     stk6_ppp_pppoe.ae66 : socket.oe66 (.text:accept)
                  815723c0    00000200     sysbios.lib : BIOS.obj (.text:block$56)
                  815725c0    00000200     ti.drv.cppi.ae66 : cppi_heap.oe66 (.text:cppi_internal_heap_add)
                  815727c0    00000200     stk6_ppp_pppoe.ae66 : nimupppoe.oe66 (.text:pppoeCtrlMsg)
                  815729c0    00000200     rts6600_elf.lib : setvbuf.obj (.text:setvbuf)
                  81572bc0    000001e0     nettool.ae66 : dnspkt.oe66 (.text:DNSReadName)
                  81572da0    000001e0     stk6_ppp_pppoe.ae66 : igmp.oe66 (.text:IGMPSendReply)
                  81572f80    000001e0                         : route6.oe66 (.text:Rt6Modify)
                  81573160    000001e0                         : sock6pcb.oe66 (.text:Sock6PcbFindRaw)
                  81573340    000001e0                         : tcpout.oe66 (.text:TcpGenPacket)
                  81573520    000001e0                         : auth.oe66 (.text:chapSendMsg)
                  81573700    000001e0     nettool.ae66 : dhcpsock.oe66 (.text:dhcpSocketOpen)
                  815738e0    000001e0     stk6_ppp_pppoe.ae66 : socket.oe66 (.text:recvnc)
                  81573ac0    000001e0                         : socket.oe66 (.text:sendto)
                  81573ca0    000001e0     sysbios.lib : BIOS.obj (.text:ti_sysbios_knl_Task_postInit__I)
                  81573e80    000001e0                 : BIOS.obj (.text:ti_sysbios_timers_timer64_Timer_getFreq__E)
                  81574060    000001c0     nettool.ae66 : config.oe66 (.text:CfgExecute)
                  81574220    000001c0     ti.drv.cppi.ae66 : cppi_drv.oe66 (.text:Cppi_channelClose)
                  815743e0    000001c0                      : cppi_drv.oe66 (.text:Cppi_initCfg)
                  815745a0    000001c0     stk6_ppp_pppoe.ae66 : ip.oe66 (.text:IPGetRoute)
                  81574760    000001c0                         : ipv6_exthdrs.oe66 (.text:IPv6ParseHopOptions)
                  81574920    000001c0                         : lliout.oe66 (.text:LLIGenArpPacket)
                  81574ae0    000001c0     ti.drv.qmss.ae66 : qmss_drv.oe66 (.text:Qmss_internaldownloadFirmware)
                  81574ca0    000001c0     netctrl.ae66 : netsrv.oe66 (.text:SPIpNet)
                  81574e60    000001c0     stk6_ppp_pppoe.ae66 : tcptime.oe66 (.text:TcpTimeoutRexmt)
                  81575020    000001c0                         : lli.oe66 (.text:_LLITimeoutCheck)
                  815751e0    000001c0     rts6600_elf.lib : _printfi.obj (.text:_mcpy)
                  815753a0    000001c0     nettool.ae66 : dhcpbild.oe66 (.text:dhcpBuildHeader)
                  81575560    000001c0     stk6_ppp_pppoe.ae66 : fileuser.oe66 (.text:fdClose)
                  81575720    000001c0     flasherase.obj (.text)
                  815758e0    000001c0     stk6_ppp_pppoe.ae66 : socket.oe66 (.text:recvncfrom)
                  81575aa0    000001c0     ti.platform.evm6670l.ae66 : evmc66x_uart.obj (.text)
                  81575c60    000001c0     sysbios.lib : BIOS.obj (.text:ti_sysbios_knl_Task_checkStacks__E)
                  81575e20    000001c0                 : BIOS.obj (.text:ti_sysbios_timers_timer64_Timer_setPeriodMicroSecs__E)
                  81575fe0    000001a0     stk6_ppp_pppoe.ae66 : bind6.oe66 (.text:Bind6Msg)
                  81576180    000001a0     nettool.ae66 : config.oe66 (.text:CfgRemoveEntry)
                  81576320    000001a0                  : dnscomn.oe66 (.text:DNSResolveQuery)
                  815764c0    000001a0     rts6600_elf.lib : trgdrv.obj (.text:HOSTrename)
                  81576660    000001a0     stk6_ppp_pppoe.ae66 : icmpin.oe66 (.text:ICMPRevSrcRoute)
                  81576800    000001a0                         : ipv6_frag.oe66 (.text:IPv6FragMsg)
                  815769a0    000001a0                         : ipv6_exthdrs.oe66 (.text:IPv6ParseRoutingHdr)
                  81576b40    000001a0     netctrl.ae66 : netctrl.oe66 (.text:NC_NetStart)
                  81576ce0    000001a0     stk6_ppp_pppoe.ae66 : node.oe66 (.text:NodeTreeFree)
                  81576e80    000001a0     ti.drv.pa.ae66 : pa.oe66 (.text:Pa_downloadImage)
                  81577020    000001a0     stk6_ppp_pppoe.ae66 : raw6.oe66 (.text:Raw6Input)
                  815771c0    000001a0                         : route6.oe66 (.text:Route6LifetimeMgmt)
                  81577360    000001a0                         : sockint.oe66 (.text:SockCreatePacket)
                  81577500    000001a0     nettool.ae66 : dhcpsm.oe66 (.text:StateRenewRebind)
                  815776a0    000001a0     stk6_ppp_pppoe.ae66 : tcp6time.oe66 (.text:TCP6TimeoutRexmt)
                  81577840    000001a0     rts6600_elf.lib : imath40.obj (.text:__c6xabi_divul)
                  815779e0    000001a0     cgi.ae66 : cgiparse.oe66 (.text:cgiParseVars)
                  81577b80    000001a0     nettool.ae66 : dhcptags.oe66 (.text:dhcpBuildOptions)
                  81577d20    000001a0     stk6_ppp_pppoe.ae66 : socket.oe66 (.text:getpeername)
                  81577ec0    000001a0                         : socket.oe66 (.text:getsockname)
                  81578060    000001a0     nettool.ae66 : telnetd.oe66 (.text:telnet_termdata)
                  81578200    000001a0     sysbios.lib : BIOS.obj (.text:ti_sysbios_gates_GateMutex_enter__E)
                  815783a0    000001a0                 : BIOS.obj (.text:ti_sysbios_timers_timer64_Timer_start__E)
                  81578540    000001a0     ti.targets.rts6000.ae66 : LoggerBuf.oe66 (.text:xdc_runtime_LoggerBuf_write4__F)
                  815786e0    00000180     stk6_ppp_pppoe.ae66 : bind6.oe66 (.text:Bind6GetGlobalAddress)
                  81578860    00000180                         : igmp.oe66 (.text:IGMPMsg)
                  815789e0    00000180                         : lli.oe66 (.text:LLIAddStaticEntry)
                  81578b60    00000180                         : nimu.oe66 (.text:NIMURegister)
                  81578ce0    00000180     netctrl.ae66 : netsrv.oe66 (.text:ServiceScan)
                  81578e60    00000180                  : netsrv.oe66 (.text:ServiceSpawn)
                  81578fe0    00000180     nettool.ae66 : dhcpsm.oe66 (.text:StateBound)
                  81579160    00000180     rts6600_elf.lib : copy_decompress_rle.obj (.text:__TI_decompress_rle_core)
                  815792e0    00000180     stk6_ppp_pppoe.ae66 : socket.oe66 (.text:bind)
                  81579460    00000180                         : socket.oe66 (.text:connect)
                  815795e0    00000180     nettool.ae66 : dhcpbild.oe66 (.text:dhcpBuildRequest)
                  81579760    00000180     os.ae66 : task.oe66 (.text:llEnter)
                  815798e0    00000180     stk6_ppp_pppoe.ae66 : auth.oe66 (.text:papSendCfg)
                  81579a60    00000180     sysbios.lib : c64p_Exception_asm.obj (.text)
                  81579be0    00000180                 : BIOS.obj (.text:ti_sysbios_heaps_HeapMem_Instance_init__F)
                  81579d60    00000180                 : BIOS.obj (.text:ti_sysbios_knl_Swi_schedule__I)
                  81579ee0    00000180                 : BIOS.obj (.text:ti_sysbios_knl_Task_unblockI__E)
                  8157a060    00000180     ti.targets.rts6000.ae66 : Text.oe66 (.text:xdc_runtime_Text_putSite__F)
                  8157a1e0    00000160     nettool.ae66 : config.oe66 (.text:CfgGetEntry)
                  8157a340    00000160                  : config.oe66 (.text:CfgGetNextEntry)
                  8157a4a0    00000160     os.ae66 : ossys.oe66 (.text:DbgPrintf)
                  8157a600    00000160     stk6_ppp_pppoe.ae66 : igmp.oe66 (.text:IGMPDoMCast)
                  8157a760    00000160                         : nimu.oe66 (.text:NIMUIoctlSpecialCmd)
                  8157a8c0    00000160                         : pbm.oe66 (.text:PBM_free)
                  8157aa20    00000160                         : nimuppp.oe66 (.text:PPPStop)
                  8157ab80    00000160                         : pipe.oe66 (.text:PipeSend)
                  8157ace0    00000160                         : raw.oe66 (.text:RawOutput)
                  8157ae40    00000160                         : rtable.oe66 (.text:RtTimeoutCheck)
                  8157afa0    00000160                         : rtable.oe66 (.text:RtWalkNext)
                  8157b100    00000160     netctrl.ae66 : netsrv.oe66 (.text:SPRoute)
                  8157b260    00000160     stk6_ppp_pppoe.ae66 : sock6.oe66 (.text:Sock6Check)
                  8157b3c0    00000160                         : sock6int.oe66 (.text:Sock6CreatePacket)
                  8157b520    00000160                         : sock6pcb.oe66 (.text:Sock6PcbConnect)
                  8157b680    00000160                         : sock.oe66 (.text:SockCheck)
                  8157b7e0    00000160                         : sockpcb.oe66 (.text:SockGetPcb)
                  8157b940    00000160                         : sockpcb.oe66 (.text:SockPcbConnect)
                  8157baa0    00000160     nettool.ae66 : dhcpsm.oe66 (.text:StateRequesting)
                  8157bc00    00000160     stk6_ppp_pppoe.ae66 : tcp6time.oe66 (.text:TCP6TimeoutKeep)
                  8157bd60    00000160                         : tcptime.oe66 (.text:TcpTimeoutKeep)
                  8157bec0    00000160                         : auth.oe66 (.text:authInit)
                  8157c020    00000160     nettool.ae66 : httpclie.oe66 (.text:httpExtractTag)
                  8157c180    00000160                  : httpsend.oe66 (.text:httpSendErrorHTML)
                  8157c2e0    00000160     stk6_ppp_pppoe.ae66 : socket.oe66 (.text:setsockopt)
                  8157c440    00000160     nettool.ae66 : telnetd.oe66 (.text:telnetClientProcess)
                  8157c5a0    00000140     stk6_ppp_pppoe.ae66 : bind6.oe66 (.text:Bind6DADCheck)
                  8157c6e0    00000140                         : bind6.oe66 (.text:Bind6Free)
                  8157c820    00000140     ti.csl.ae66 : csl_chip.oe66 (.text:CSL_chipReadReg)
                  8157c960    00000140     stk6_ppp_pppoe.ae66 : exec.oe66 (.text:ExecOpen)
                  8157caa0    00000140                         : icmp.oe66 (.text:ICMPSendRtAdv)
                  8157cbe0    00000140                         : igmp.oe66 (.text:IGMPJoin)
                  8157cd20    00000140                         : ipv6.oe66 (.text:IPv6DisplayIPAddress)
                  8157ce60    00000140                         : lli6.oe66 (.text:LLI6Find)
                  8157cfa0    00000140                         : lli.oe66 (.text:LLINew)
                  8157d0e0    00000140                         : node.oe66 (.text:NodeFind)
                  8157d220    00000140                         : node.oe66 (.text:NodeWalk)
                  8157d360    00000140                         : pbm.oe66 (.text:PBM_alloc)
                  8157d4a0    00000140                         : rtable.oe66 (.text:RtFlush)
                  8157d5e0    00000140                         : sb6.oe66 (.text:SB6New)
                  8157d720    00000140     netctrl.ae66 : netsrv.oe66 (.text:ServiceKill)
                  8157d860    00000140     stk6_ppp_pppoe.ae66 : sock6.oe66 (.text:Sock6Accept)
                  8157d9a0    00000140                         : sock6.oe66 (.text:Sock6Listen)
                  8157dae0    00000140                         : sock.oe66 (.text:SockAccept)
                  8157dc20    00000140                         : sock.oe66 (.text:SockListen)
                  8157dd60    00000140                         : sockpcb.oe66 (.text:SockPcbCtlError)
                  8157dea0    00000140     boot.ae66 : autoinit.oe66 (.text:_auto_init_elf)
                  8157dfe0    00000140     rts6600_elf.lib : _printfi.obj (.text:_pproc_fflags)
                  8157e120    00000140     stk6_ppp_pppoe.ae66 : auth.oe66 (.text:authGetPassword)
                  8157e260    00000140     nettool.ae66 : dhcptags.oe66 (.text:dhcpDecodeType)
                  8157e3a0    00000140     rts6600_elf.lib : lowlev.obj (.text:getdevice)
                  8157e4e0    00000140     nettool.ae66 : httpsend.oe66 (.text:httpAuthenticationReq)
                  8157e620    00000140     os.ae66 : mem.oe66 (.text:mmCopy)
                  8157e760    00000140     stk6_ppp_pppoe.ae66 : socket.oe66 (.text:recv)
                  8157e8a0    00000140                         : socket.oe66 (.text:send)
                  8157e9e0    00000140     sysbios.lib : BIOS.obj (.text:ti_sysbios_family_c64p_Hwi_Module_startup__F)
                  8157eb20    00000140                 : BIOS.obj (.text:ti_sysbios_family_c66_Cache_Module_startup__F)
                  8157ec60    00000140                 : BIOS.obj (.text:ti_sysbios_knl_Clock_Instance_finalize__F)
                  8157eda0    00000140                 : BIOS.obj (.text:ti_sysbios_knl_Semaphore_Instance_init__F)
                  8157eee0    00000140                 : BIOS.obj (.text:ti_sysbios_knl_Swi_post__E)
                  8157f020    00000140                 : BIOS.obj (.text:ti_sysbios_knl_Task_blockI__E)
                  8157f160    00000120     stk6_ppp_pppoe.ae66 : bind6.oe66 (.text:Bind6LifetimeMgmt)
                  8157f280    00000120                         : bind.oe66 (.text:BindFree)
                  8157f3a0    00000120     nettool.ae66 : config.oe66 (.text:CfgFree)
                  8157f4c0    00000120                  : dnscomn.oe66 (.text:DNSReplyFree)
                  8157f5e0    00000120                  : daemon.oe66 (.text:DaemonFree)
                  8157f700    00000120     stk6_ppp_pppoe.ae66 : file.oe66 (.text:FdWaitEvent)
                  8157f820    00000120                         : igmp.oe66 (.text:IGMPLeaveHostGroup)
                  8157f940    00000120                         : ip.oe66 (.text:IPMsg)
                  8157fa60    00000120                         : ipin.oe66 (.text:IPRouteIP)
                  8157fb80    00000120                         : ipv6_frag.oe66 (.text:IPv6CreateFragQ)
                  8157fca0    00000120                         : ipv6.oe66 (.text:IPv6Init)
                  8157fdc0    00000120                         : icmpv6out.oe66 (.text:IsICMPv6ErrorPkt)
                  8157fee0    00000120                         : md5.oe66 (.text:MD5Update)
                  81580000    00000120                         : mld.oe66 (.text:MLDJoinGroup)
                  81580120    00000120     netctrl.ae66 : netctrl.oe66 (.text:NC_SystemOpen)
                  81580240    00000120     stk6_ppp_pppoe.ae66 : nimu.oe66 (.text:NIMUAddEthernetHeader)
                  81580360    00000120     ti.drv.qmss.ae66 : qmss_acc.oe66 (.text:Qmss_disableAccumulator)
                  81580480    00000120     stk6_ppp_pppoe.ae66 : raweth.oe66 (.text:RawEthRxPacket)
                  815805a0    00000120                         : rawethsock.oe66 (.text:RawEthSockRecvNC)
                  815806c0    00000120                         : raweth.oe66 (.text:RawEthTxPacket)
                  815807e0    00000120                         : sb.oe66 (.text:SBNew)
                  81580900    00000120     netctrl.ae66 : netsrv.oe66 (.text:SPConfig)
                  81580a20    00000120                  : netsrv.oe66 (.text:SPService)
                  81580b40    00000120     stk6_ppp_pppoe.ae66 : sock6.oe66 (.text:Sock6Disconnect)
                  81580c60    00000120                         : sock6.oe66 (.text:Sock6Shutdown)
                  81580d80    00000120                         : sockpcb.oe66 (.text:SockPcbFindRaw)
                  81580ea0    00000120                         : sock.oe66 (.text:SockShutdown)
                  81580fc0    00000120                         : tcp6prot.oe66 (.text:TCP6PrAttach)
                  815810e0    00000120                         : tcpprot.oe66 (.text:TcpPrAttach)
                  81581200    00000120     nettool.ae66 : telnetd.oe66 (.text:TelnetOpen)
                  81581320    00000120     stk6_ppp_pppoe.ae66 : rtable.oe66 (.text:_RtNodeInsert)
                  81581440    00000120     rts6600_elf.lib : fclose.obj (.text:_closefile)
                  81581560    00000120                     : _printfi.obj (.text:_ltostr)
                  81581680    00000120     os.ae66 : mem.oe66 (.text:_mmInit)
                  815817a0    00000120     nettool.ae66 : daemon.oe66 (.text:dchild)
                  815818c0    00000120     os.ae66 : efs.oe66 (.text:efs_createfilecb)
                  815819e0    00000120     stk6_ppp_pppoe.ae66 : fileuser.oe66 (.text:fdOpenSession)
                  81581b00    00000120     rts6600_elf.lib : fseek.obj (.text:fseek)
                  81581c20    00000120     nettool.ae66 : http.oe66 (.text:httpOpen)
                  81581d40    00000120                  : httpsend.oe66 (.text:httpSendStatusLine)
                  81581e60    00000120     stk6_ppp_pppoe.ae66 : lcp.oe66 (.text:lcpOpen)
                  81581f80    00000120                         : lcp.oe66 (.text:lcpReject)
                  815820a0    00000120     sysbios.lib : BIOS.obj (.text:rtsUnlock$0)
                  815821c0    00000120     stk6_ppp_pppoe.ae66 : socket.oe66 (.text:socket)
                  815822e0    00000120     ti.targets.rts6000.ae66 : LoggerBuf.oe66 (.text:xdc_runtime_LoggerBuf_setFilterLevel__F)
                  81582400    00000120                             : Text.oe66 (.text:xdc_runtime_Text_putLab__F)
                  81582520    00000100     nettool.ae66 : config.oe66 (.text:CfgNew)
                  81582620    00000100                  : config.oe66 (.text:CfgSetExecuteOrder)
                  81582720    00000100     rts6600_elf.lib : trgdrv.obj (.text:HOSTlseek)
                  81582820    00000100     stk6_ppp_pppoe.ae66 : igmp.oe66 (.text:IGMPTimer)
                  81582920    00000100                         : ipv6.oe66 (.text:IPv6GetSubnetMaskFromBits)
                  81582a20    00000100                         : ipv6_frag.oe66 (.text:IPv6ReasmTimeout)
                  81582b20    00000100                         : rtc.oe66 (.text:RTCMsg)
                  81582c20    00000100                         : rawethsock.oe66 (.text:RawEthSockCheck)
                  81582d20    00000100                         : route.oe66 (.text:RtRedirect)
                  81582e20    00000100                         : sockint.oe66 (.text:SockValidateRoute)
                  81582f20    00000100     nettool.ae66 : dhcpsm.oe66 (.text:StateSelecting)
                  81583020    00000100     stk6_ppp_pppoe.ae66 : tcp6prot.oe66 (.text:TCP6PrInherit)
                  81583120    00000100                         : tcp6time.oe66 (.text:TCP6XmitTimer)
                  81583220    00000100                         : tcpprot.oe66 (.text:TcpPrInherit)
                  81583320    00000100                         : tcptime.oe66 (.text:TcpXmitTimer)
                  81583420    00000100                         : rtable.oe66 (.text:_RtNodeRemove)
                  81583520    00000100     rts6600_elf.lib : _io_perm.obj (.text:_wrt_ok)
                  81583620    00000100     stk6_ppp_pppoe.ae66 : file.oe66 (.text:fdint_unlockfd)
                  81583720    00000100     sysbios.lib : BIOS.obj (.text:initDevice$44)
                  81583820    00000100     stk6_ppp_pppoe.ae66 : socket.oe66 (.text:listen)
                  81583920    00000100     os.ae66 : mem.oe66 (.text:mmFree)
                  81583a20    00000100     stk6_ppp_pppoe.ae66 : nimuppp.oe66 (.text:pppAddClient)
                  81583b20    00000100     sysbios.lib : BIOS.obj (.text:ti_sysbios_family_c64p_EventCombiner_dispatch__F)
                  81583c20    00000100                 : BIOS.obj (.text:ti_sysbios_knl_Clock_startI__E)
                  81583d20    00000100                 : BIOS.obj (.text:ti_sysbios_knl_Swi_restoreHwi__E)
                  81583e20    00000100     evm_pe66.oe66 (.text:ti_sysbios_knl_Task_Object__create__S)
                  81583f20    00000100     stk6_ppp_pppoe.ae66 : lliin.oe66 (.text:updateRtTable)
                  81584020    00000100     ti.targets.rts6000.ae66 : Core-mem.oe66 (.text:xdc_runtime_Core_deleteObject__I)
                  81584120    00000100                             : LoggerBuf.oe66 (.text:xdc_runtime_LoggerBuf_getFilterLevel__F)
                  81584220    00000100                             : Startup.oe66 (.text:xdc_runtime_Startup_exec__F)
                  81584320    00000100                             : Text.oe66 (.text:xdc_runtime_Text_putMod__F)
                  81584420    00000100                             : Text.oe66 (.text:xdc_runtime_Text_visitRope2__I)
                  81584520    000000e0     stk6_ppp_pppoe.ae66 : bind6.oe66 (.text:Bind6GetLinkLocalAddress)
                  81584600    000000e0     nettool.ae66 : config.oe66 (.text:CfgGetEntryCnt)
                  815846e0    000000e0                  : dhcpmain.oe66 (.text:DHCPClose)
                  815847c0    000000e0     rts6600_elf.lib : trgdrv.obj (.text:HOSTopen)
                  815848a0    000000e0     stk6_ppp_pppoe.ae66 : igmp.oe66 (.text:IGMPLeave)
                  81584980    000000e0                         : ipv6_frag.oe66 (.text:IPv6FindFragQ)
                  81584a60    000000e0     nettool.ae66 : dnsclnt.oe66 (.text:IPv6PTRStringToIPAddress)
                  81584b40    000000e0     stk6_ppp_pppoe.ae66 : lli6.oe66 (.text:LLI6Msg)
                  81584c20    000000e0                         : lli6.oe66 (.text:LLI6Update)
                  81584d00    000000e0                         : mld.oe66 (.text:MLDFindMulticastNode)
                  81584de0    000000e0                         : nimu.oe66 (.text:NIMUAllocateIndex)
                  81584ec0    000000e0                         : nimu.oe66 (.text:NIMUAllocateName)
                  81584fa0    000000e0                         : node.oe66 (.text:NodeDeRef)
                  81585080    000000e0                         : node.oe66 (.text:NodeNew)
                  81585160    000000e0                         : node.oe66 (.text:NodeTreeNew)
                  81585240    000000e0                         : pbm.oe66 (.text:PBMQ_enq)
                  81585320    000000e0                         : pbm.oe66 (.text:PBM_copy)
                  81585400    000000e0                         : rawethsock.oe66 (.text:RawEthSockNotify)
                  815854e0    000000e0                         : rawethsock_pcb.oe66 (.text:RawEthSockPcbAttach)
                  815855c0    000000e0                         : rawethsock.oe66 (.text:RawEthSockSend)
                  815856a0    000000e0                         : route6.oe66 (.text:Route6Msg)
                  81585780    000000e0                         : route.oe66 (.text:RtDeRef)
                  81585860    000000e0                         : route.oe66 (.text:RtRemove)
                  81585940    000000e0                         : sb.oe66 (.text:SBReadNC)
                  81585a20    000000e0                         : sb.oe66 (.text:SBSetMax)
                  81585b00    000000e0                         : sock6int.oe66 (.text:Sock6SpawnAbort)
                  81585be0    000000e0                         : sock6int.oe66 (.text:Sock6ValidateRoute)
                  81585cc0    000000e0                         : sock.oe66 (.text:SockDisconnect)
                  81585da0    000000e0                         : sockint.oe66 (.text:SockSpawnAbort)
                  81585e80    000000e0                         : tcp6prot.oe66 (.text:TCP6PrDetach)
                  81585f60    000000e0                         : tcp6prot.oe66 (.text:TCP6PrDisconnect)
                  81586040    000000e0                         : tcp6prot.oe66 (.text:TCP6ValidateMetrics)
                  81586120    000000e0                         : tcpprot.oe66 (.text:TcpPrDetach)
                  81586200    000000e0                         : tcpprot.oe66 (.text:TcpPrDisconnect)
                  815862e0    000000e0                         : tcpprot.oe66 (.text:TcpValidateMetrics)
                  815863c0    000000e0                         : timer.oe66 (.text:TimerListInsert)
                  815864a0    000000e0                         : udp.oe66 (.text:UdpChecksum)
                  81586580    000000e0                         : vlan.oe66 (.text:VLANDeinit)
                  81586660    000000e0                         : vlan.oe66 (.text:VLANReceivePacket)
                  81586740    000000e0     nettool.ae66 : config.oe66 (.text:_CfgEntryScan)
                  81586820    000000e0     stk6_ppp_pppoe.ae66 : lli.oe66 (.text:_LLIExpListInsert)
                  81586900    000000e0                         : rtable.oe66 (.text:_RtExpListInsert)
                  815869e0    000000e0     rts6600_elf.lib : divi.obj (.text:__divi)
                  81586ac0    000000e0                     : _printfi.obj (.text:_div)
                  81586ba0    000000e0                     : atoi.obj (.text:atoi)
                  81586c80    000000e0                     : lowlev.obj (.text:close)
                  81586d60    000000e0                     : copy_zero_init.obj (.text:decompress:ZI:__TI_zero_init)
                  81586e40    000000e0     os.ae66 : efs.oe66 (.text:efs_internal_remove)
                  81586f20    000000e0     stk6_ppp_pppoe.ae66 : file.oe66 (.text:fdint_lockfd)
                  81587000    000000e0     rts6600_elf.lib : fflush.obj (.text:fflush)
                  815870e0    000000e0     nettool.ae66 : httpclie.oe66 (.text:httpGetMimeBits)
                  815871c0    000000e0     os.ae66 : task.oe66 (.text:llExit)
                  815872a0    000000e0     rts6600_elf.lib : ltoa.obj (.text:ltoa)
                  81587380    000000e0                     : memset.obj (.text:memset)
                  81587460    000000e0     os.ae66 : mem.oe66 (.text:mmBulkAlloc)
                  81587540    000000e0     stk6_ppp_pppoe.ae66 : nimuppp.oe66 (.text:pppFree)
                  81587620    000000e0     rts6600_elf.lib : printf.obj (.text:printf)
                  81587700    000000e0     sysbios.lib : BIOS.obj (.text:ti_sysbios_knl_Clock_start__E)
                  815877e0    000000e0                 : BIOS.obj (.text:ti_sysbios_timers_timer64_Timer_startup__E)
                  815878c0    000000e0     ti.targets.rts6000.ae66 : Error.oe66 (.text:xdc_runtime_Error_print__F)
                  815879a0    000000e0     evm_pe66.oe66 (.text:xdc_runtime_LoggerBuf_Object__create__S)
                  81587a80    000000e0     ti.targets.rts6000.ae66 : Memory.oe66 (.text:xdc_runtime_Memory_alloc__F)
                  81587b60    000000c0     rts6600_elf.lib : trgdrv.obj (.text:HOSTread)
                  81587c20    000000c0                     : trgdrv.obj (.text:HOSTunlink)
                  81587ce0    000000c0                     : trgdrv.obj (.text:HOSTwrite)
                  81587da0    000000c0     stk6_ppp_pppoe.ae66 : icmpv6in.oe66 (.text:ICMPv6RecvDstUnreachable)
                  81587e60    000000c0                         : icmpv6in.oe66 (.text:ICMPv6SocketErrorInterface)
                  81587f20    000000c0                         : ipv6.oe66 (.text:IPv6Layer4ComputeChecksum)
                  81587fe0    000000c0                         : lli.oe66 (.text:LLIGetValidTime)
                  815880a0    000000c0                         : lli.oe66 (.text:LLIMsg)
                  81588160    000000c0                         : mld.oe66 (.text:MLDCreateMulticastNode)
                  81588220    000000c0                         : mld.oe66 (.text:MLDLeaveGroup)
                  815882e0    000000c0                         : nimu.oe66 (.text:NIMUFindByName)
                  815883a0    000000c0     netctrl.ae66 : netsrv.oe66 (.text:NS_BootTask)
                  81588460    000000c0     stk6_ppp_pppoe.ae66 : node.oe66 (.text:NodeUpdatePL)
                  81588520    000000c0     nettool.ae66 : ipaddr.oe66 (.text:NtIfIdx2Ip)
                  815885e0    000000c0     ti.drv.qmss.ae66 : qmss_drv.oe66 (.text:Qmss_setEoiVector)
                  815886a0    000000c0     stk6_ppp_pppoe.ae66 : route6.oe66 (.text:Rt6FindDefaultRouter)
                  81588760    000000c0                         : rtable.oe66 (.text:RtWalkBegin)
                  81588820    000000c0                         : sb6.oe66 (.text:SB6Flush)
                  815888e0    000000c0                         : sb6.oe66 (.text:SB6SetMax)
                  815889a0    000000c0                         : sb.oe66 (.text:SBFlush)
                  81588a60    000000c0                         : sock6.oe66 (.text:Sock6IntAbort)
                  81588b20    000000c0                         : sock6pcb.oe66 (.text:Sock6PcbResolveChain)
                  81588be0    000000c0                         : sock6pcb.oe66 (.text:Sock6PcbRtChange)
                  81588ca0    000000c0                         : sock.oe66 (.text:SockIntAbort)
                  81588d60    000000c0                         : sockpcb.oe66 (.text:SockPcbRtChange)
                  81588e20    000000c0                         : tcp6prot.oe66 (.text:TCP6Close)
                  81588ee0    000000c0                         : tcp6time.oe66 (.text:TCP6TimeoutSackRexmt)
                  81588fa0    000000c0     os.ae66 : task.oe66 (.text:TaskGetEnv)
                  81589060    000000c0     stk6_ppp_pppoe.ae66 : tcp.oe66 (.text:TcpChecksum)
                  81589120    000000c0                         : tcpprot.oe66 (.text:TcpClose)
                  815891e0    000000c0                         : tcptime.oe66 (.text:TcpTimeoutSackRexmt)
                  815892a0    000000c0                         : bind6.oe66 (.text:_Bind6FindByHostInList)
                  81589360    000000c0                         : bind6.oe66 (.text:_Bind6FindByNetInList)
                  81589420    000000c0     rts6600_elf.lib : dtor_list.obj (.text:_Z11__TI_atexitPFYvPvES_S_)
                  815894e0    000000c0                     : dtor_list.obj (.text:__cxa_finalize)
                  815895a0    000000c0                     : divu.obj (.text:__divu)
                  81589660    000000c0                     : remi.obj (.text:__remi)
                  81589720    000000c0                     : fflush.obj (.text:_doflush)
                  815897e0    000000c0     ti.drv.cppi.ae66 : cppi_listlib.oe66 (.text:cppi_list_remove_node)
                  815898a0    000000c0     nettool.ae66 : dhcptags.oe66 (.text:dhcpOptionsClear)
                  81589960    000000c0     os.ae66 : efs.oe66 (.text:efs_fopen)
                  81589a20    000000c0     rts6600_elf.lib : exit.obj (.text:exit)
                  81589ae0    000000c0     nettool.ae66 : httpsend.oe66 (.text:httpSendFullResponse)
                  81589ba0    000000c0     os.ae66 : mem.oe66 (.text:mmZeroInit)
                  81589c60    000000c0     stk6_ppp_pppoe.ae66 : nimuppp.oe66 (.text:pppAddIP)
                  81589d20    000000c0     rts6600_elf.lib : strtok.obj (.text:strtok)
                  81589de0    000000c0     evm_pe66.oe66 (.text:ti_ndk_config_Global_stackThread)
                  81589ea0    000000c0     sysbios.lib : BIOS.obj (.text:ti_sysbios_BIOS_errorRaiseHook__I)
                  81589f60    000000c0                 : BIOS.obj (.text:ti_sysbios_heaps_HeapMem_getStats__E)
                  8158a020    000000c0                 : BIOS.obj (.text:ti_sysbios_knl_Clock_logTick__E)
                  8158a0e0    000000c0                 : BIOS.obj (.text:ti_sysbios_knl_Task_stat__E)
                  8158a1a0    000000c0                 : BIOS.obj (.text:ti_sysbios_timers_timer64_Timer_stop__E)
                  8158a260    000000c0     ti.targets.rts6000.ae66 : LoggerBuf.oe66 (.text:xdc_runtime_LoggerBuf_Instance_init__F)
                  8158a320    000000c0                             : System.oe66 (.text:xdc_runtime_System_formatNum__I)
                  8158a3e0    000000a0     nettool.ae66 : config.oe66 (.text:CfgEntryDeRef)
                  8158a480    000000a0                  : config.oe66 (.text:CfgEntryGetData)
                  8158a520    000000a0                  : config.oe66 (.text:CfgGetImmediate)
                  8158a5c0    000000a0                  : telnetd.oe66 (.text:CmdWriteBytes)
                  8158a660    000000a0                  : telnetd.oe66 (.text:CmdWriteCmd)
                  8158a700    000000a0     ti.drv.cppi.ae66 : cppi_drv.oe66 (.text:Cppi_channelEnable)
                  8158a7a0    000000a0     stk6_ppp_pppoe.ae66 : file.oe66 (.text:FdSignalEvent)
                  8158a840    000000a0     rts6600_elf.lib : trgdrv.obj (.text:HOSTclose)
                  8158a8e0    000000a0     stk6_ppp_pppoe.ae66 : ipfrag.oe66 (.text:IPReasmFree)
                  8158a980    000000a0                         : ipfrag.oe66 (.text:IPReasmTimeout)
                  8158aa20    000000a0                         : ipv6.oe66 (.text:IPv6CompareAddress)
                  8158aac0    000000a0                         : lliin.oe66 (.text:LLIValidateRoute)
                  8158ab60    000000a0                         : md5.oe66 (.text:MD5Final)
                  8158ac00    000000a0                         : nimu.oe66 (.text:NIMUShutdown)
                  8158aca0    000000a0                         : nimu.oe66 (.text:NIMUUnregister)
                  8158ad40    000000a0     nettool.ae66 : ipaddr.oe66 (.text:NtAddNetwork)
                  8158ade0    000000a0     stk6_ppp_pppoe.ae66 : pbm.oe66 (.text:PBM_open)
                  8158ae80    000000a0                         : pipe.oe66 (.text:PipeCheck)
                  8158af20    000000a0     ti.drv.qmss.ae66 : qmss_drv.oe66 (.text:Qmss_queueClose)
                  8158afc0    000000a0                      : qmss_drv.oe66 (.text:Qmss_startCfg)
                  8158b060    000000a0     stk6_ppp_pppoe.ae66 : rtable.oe66 (.text:RouteMsg)
                  8158b100    000000a0                         : route.oe66 (.text:RtNew)
                  8158b1a0    000000a0                         : sb6.oe66 (.text:SB6Free)
                  8158b240    000000a0                         : sb.oe66 (.text:SBFree)
                  8158b2e0    000000a0     os.ae66 : semaphore.oe66 (.text:SemCreate)
                  8158b380    000000a0     stk6_ppp_pppoe.ae66 : sock6pcb.oe66 (.text:Sock6CleanPcb)
                  8158b420    000000a0                         : sock6.oe66 (.text:Sock6GetName)
                  8158b4c0    000000a0                         : sock.oe66 (.text:SockBind)
                  8158b560    000000a0                         : sockpcb.oe66 (.text:SockCleanPcb)
                  8158b600    000000a0                         : sockpcb.oe66 (.text:SockPcbResolveChain)
                  8158b6a0    000000a0                         : tcp6prot.oe66 (.text:TCP6Drop)
                  8158b740    000000a0                         : tcp6prot.oe66 (.text:TCP6PrCtlError)
                  8158b7e0    000000a0                         : tcp6prot.oe66 (.text:TCP6PrSend)
                  8158b880    000000a0                         : tcp6prot.oe66 (.text:TCP6PrSendOOB)
                  8158b920    000000a0     os.ae66 : task.oe66 (.text:TaskCreate)
                  8158b9c0    000000a0     stk6_ppp_pppoe.ae66 : tcpprot.oe66 (.text:TcpDrop)
                  8158ba60    000000a0                         : tcpprot.oe66 (.text:TcpPrCtlError)
                  8158bb00    000000a0                         : tcpprot.oe66 (.text:TcpPrSend)
                  8158bba0    000000a0                         : tcpprot.oe66 (.text:TcpPrSendOOB)
                  8158bc40    000000a0                         : timer.oe66 (.text:TimerNew)
                  8158bce0    000000a0     nettool.ae66 : config.oe66 (.text:_CfgRelease)
                  8158bd80    000000a0     stk6_ppp_pppoe.ae66 : lli.oe66 (.text:_LLITimeoutFlush)
                  8158be20    000000a0     rts6600_elf.lib : remu.obj (.text:__remu)
                  8158bec0    000000a0     boot.ae66 : boot.oe66 (.text:_c_int00)
                  8158bf60    000000a0     rts6600_elf.lib : fopen.obj (.text:_cleanup)
                  8158c000    000000a0                     : _printfi.obj (.text:_ecpy)
                  8158c0a0    000000a0                     : _printfi.obj (.text:_fcpy)
                  8158c140    000000a0                     : _printfi.obj (.text:_pconv_f)
                  8158c1e0    000000a0     stk6_ppp_pppoe.ae66 : auth.oe66 (.text:authStart)
                  8158c280    000000a0     ti.drv.cppi.ae66 : cppi_heap.oe66 (.text:cppi_internal_heap_malloc)
                  8158c320    000000a0                      : cppi_listlib.oe66 (.text:cppi_list_cat)
                  8158c3c0    000000a0     nettool.ae66 : dhcpbild.oe66 (.text:dhcpBuildDecline)
                  8158c460    000000a0                  : dhcpsm.oe66 (.text:dhcpIPRemove)
                  8158c500    000000a0     os.ae66 : efs.oe66 (.text:efs_filesend)
                  8158c5a0    000000a0     stk6_ppp_pppoe.ae66 : fileuser.oe66 (.text:fdCloseSession)
                  8158c640    000000a0     rts6600_elf.lib : lowlev.obj (.text:finddevice)
                  8158c6e0    000000a0     stk6_ppp_pppoe.ae66 : lcp.oe66 (.text:lcpInit)
                  8158c780    000000a0                         : lcp.oe66 (.text:lcpSendTerm)
                  8158c820    000000a0     hal_timer_bios.ae66 : lltimer.oe66 (.text:llTimerTick)
                  8158c8c0    000000a0     rts6600_elf.lib : lowlev.obj (.text:lseek)
                  8158c960    000000a0                     : memcpy64.obj (.text:memcpy)
                  8158ca00    000000a0     os.ae66 : mem.oe66 (.text:mmBulkFree)
                  8158caa0    000000a0             : mem.oe66 (.text:mmInitPage)
                  8158cb40    000000a0     ti.drv.pa.ae66 : pa.oe66 (.text:pa_format_fcmd_header)
                  8158cbe0    000000a0                    : pa.oe66 (.text:pa_pdsp_run)
                  8158cc80    000000a0     os.ae66 : ossys.oe66 (.text:stricmp)
                  8158cd20    000000a0     rts6600_elf.lib : strspn.obj (.text:strspn)
                  8158cdc0    000000a0                     : strstr.obj (.text:strstr)
                  8158ce60    000000a0     sysbios.lib : BIOS.obj (.text:ti_sysbios_heaps_HeapMem_init__I)
                  8158cf00    000000a0     evm_pe66.oe66 (.text:ti_sysbios_knl_Clock_Object__create__S)
                  8158cfa0    000000a0     rts6600_elf.lib : lowlev.obj (.text:write)
                  8158d040    000000a0     ti.targets.rts6000.ae66 : Assert.oe66 (.text:xdc_runtime_Assert_raise__I)
                  8158d0e0    000000a0                             : LoggerBuf.oe66 (.text:xdc_runtime_LoggerBuf_Module_startup__F)
                  8158d180    00000080     ti.drv.cppi.ae66 : cppi_drv.oe66 (.text:Cppi_setCpdmaLoopback)
                  8158d200    00000080     nettool.ae66 : dnsclnt.oe66 (.text:DNSGetHostByAddr)
                  8158d280    00000080     stk6_ppp_pppoe.ae66 : md5.oe66 (.text:Decode)
                  8158d300    00000080                         : icmp.oe66 (.text:ICMPChecksum)
                  8158d380    00000080                         : icmpv6in.oe66 (.text:ICMPv6RecvParamProblem)
                  8158d400    00000080                         : icmpv6_ndisc.oe66 (.text:ICMPv6RecvRS)
                  8158d480    00000080                         : icmpv6in.oe66 (.text:ICMPv6RecvTimeExceeded)
                  8158d500    00000080                         : ipv6out.oe66 (.text:IPv6GetRoute)
                  8158d580    00000080                         : lli6.oe66 (.text:LLI6Free)
                  8158d600    00000080                         : lli6.oe66 (.text:LLI6IsRouterStatMachine)
                  8158d680    00000080                         : lli.oe66 (.text:LLIRemoveStaticEntry)
                  8158d700    00000080     netctrl.ae66 : netctrl.oe66 (.text:NC_SystemClose)
                  8158d780    00000080     stk6_ppp_pppoe.ae66 : nimu.oe66 (.text:NIMUInit)
                  8158d800    00000080                         : pbm.oe66 (.text:PBMQ_deq)
                  8158d880    00000080                         : nimuppp.oe66 (.text:PPPSend)
                  8158d900    00000080     ti.drv.pa.ae66 : painit.oe66 (.text:Pa_getBufferReq)
                  8158d980    00000080     stk6_ppp_pppoe.ae66 : pipe.oe66 (.text:PipeClose)
                  8158da00    00000080     ti.drv.qmss.ae66 : qmss_drv.oe66 (.text:Qmss_getMemRegQueueHandle)
                  8158da80    00000080                      : qmss_drv.oe66 (.text:Qmss_queueOpen)
                  8158db00    00000080     stk6_ppp_pppoe.ae66 : rawethsock.oe66 (.text:RawEthSockClose)
                  8158db80    00000080                         : rawethsock_pcb.oe66 (.text:RawEthSockPcbDetach)
                  8158dc00    00000080                         : route6.oe66 (.text:Rt6Update)
                  8158dc80    00000080                         : route.oe66 (.text:RtSetFailure)
                  8158dd00    00000080                         : route.oe66 (.text:RtSetTimeout)
                  8158dd80    00000080                         : sock6.oe66 (.text:Sock6Bind)
                  8158de00    00000080                         : sock6pcb.oe66 (.text:Sock6PcbCleanup)
                  8158de80    00000080                         : sock.oe66 (.text:SockGetName)
                  8158df00    00000080                         : sockpcb.oe66 (.text:SockPcbCleanup)
                  8158df80    00000080                         : sockpcb.oe66 (.text:SockPcbDetach)
                  8158e000    00000080                         : tcp6prot.oe66 (.text:TCP6PrListen)
                  8158e080    00000080     os.ae66 : task.oe66 (.text:TaskSetEnv)
                  8158e100    00000080     stk6_ppp_pppoe.ae66 : tcpprot.oe66 (.text:TcpPrListen)
                  8158e180    00000080                         : timer.oe66 (.text:TimerHSTick)
                  8158e200    00000080                         : timer.oe66 (.text:TimerListRemove)
                  8158e280    00000080     nettool.ae66 : config.oe66 (.text:_CfgAcquire)
                  8158e300    00000080     stk6_ppp_pppoe.ae66 : lli.oe66 (.text:_LLIExpListRemove)
                  8158e380    00000080                         : rtc.oe66 (.text:_RTCSendRtAdv)
                  8158e400    00000080                         : rtable.oe66 (.text:_RtExpListRemove)
                  8158e480    00000080     rts6600_elf.lib : fixdu.obj (.text:__c6xabi_fixdu)
                  8158e500    00000080                     : llshift.obj (.text:__c6xabi_llshl)
                  8158e580    00000080     sysbios.lib : c62_TaskSupport_asm.obj (.text:_ti_sysbios_family_c62_TaskSupport_swap__E)
                  8158e600    00000080     ti.drv.cppi.ae66 : cppi_heap.oe66 (.text:cppi_internal_heap_cache_begin)
                  8158e680    00000080                      : cppi_listlib.oe66 (.text:cppi_list_remove)
                  8158e700    00000080     nettool.ae66 : dhcpsock.oe66 (.text:dhcpSocketClose)
                  8158e780    00000080     os.ae66 : efs.oe66 (.text:efs_destroyfile)
                  8158e800    00000080             : efs.oe66 (.text:efs_fclose)
                  8158e880    00000080             : efs.oe66 (.text:efs_findfile)
                  8158e900    00000080     stk6_ppp_pppoe.ae66 : file.oe66 (.text:fdint_waitevent)
                  8158e980    00000080     nettool.ae66 : httpsend.oe66 (.text:httpSendEntityLength)
                  8158ea00    00000080                  : httpsend.oe66 (.text:httpSendErrorResponse)
                  8158ea80    00000080     hal_timer_bios.ae66 : lltimer.oe66 (.text:llTimerGetTime)
                  8158eb00    00000080     evm_pe66.oe66 (.text:malloc)
                  8158eb80    00000080     ti.drv.pa.ae66 : pa.oe66 (.text:pa_uint8_match)
                  8158ec00    00000080     rts6600_elf.lib : trgmsg.obj (.text:readmsg)
                  8158ec80    00000080     nettool.ae66 : httpsend.oe66 (.text:strcat)
                  8158ed00    00000080     ti.drv.pa.ae66 : pa.oe66 (.text:swizFcmd)
                  8158ed80    00000080     ti.platform.evm6670l.ae66 : evm66x_i2c.obj (.text)
                  8158ee00    00000080     evm_pe66.oe66 (.text:ti_sysbios_BIOS_exitFunc__I)
                  8158ee80    00000080     sysbios.lib : BIOS.obj (.text:ti_sysbios_family_c62_TaskSupport_start__E)
                  8158ef00    00000080                 : BIOS.obj (.text:ti_sysbios_family_c64p_Exception_Module_startup__F)
                  8158ef80    00000080                 : BIOS.obj (.text:ti_sysbios_family_c64p_Hwi_eventMap__E)
                  8158f000    00000080     evm_pe66.oe66 (.text:ti_sysbios_gates_GateHwi_Object__create__S)
                  8158f080    00000080     evm_pe66.oe66 (.text:ti_sysbios_gates_GateMutex_Object__create__S)
                  8158f100    00000080     sysbios.lib : BIOS.obj (.text:ti_sysbios_hal_Hwi_checkStack:ti_sysbios_hal_Hwi_checkStack)
                  8158f180    00000080     evm_pe66.oe66 (.text:ti_sysbios_heaps_HeapMem_Object__create__S)
                  8158f200    00000080     sysbios.lib : BIOS.obj (.text:ti_sysbios_knl_Clock_Module_startup__F)
                  8158f280    00000080     evm_pe66.oe66 (.text:ti_sysbios_knl_Clock_doTick__I)
                  8158f300    00000080     sysbios.lib : BIOS.obj (.text:ti_sysbios_knl_Clock_getTicks__E)
                  8158f380    00000080                 : BIOS.obj (.text:ti_sysbios_knl_Idle_loop__E)
                  8158f400    00000080     evm_pe66.oe66 (.text:ti_sysbios_knl_Queue_Object__create__S)
                  8158f480    00000080     evm_pe66.oe66 (.text:ti_sysbios_knl_Semaphore_Object__create__S)
                  8158f500    00000080     sysbios.lib : BIOS.obj (.text:ti_sysbios_knl_Semaphore_pendTimeout__I)
                  8158f580    00000080                 : BIOS.obj (.text:ti_sysbios_knl_Swi_startup__E)
                  8158f600    00000080                 : BIOS.obj (.text:ti_sysbios_knl_Task_deleteTerminatedTasksFunc__I)
                  8158f680    00000080                 : BIOS.obj (.text:ti_sysbios_knl_Task_restore__E)
                  8158f700    00000080                 : BIOS.obj (.text:ti_sysbios_timers_timer64_Timer_getCount__E)
                  8158f780    00000080                 : BIOS.obj (.text:ti_sysbios_timers_timer64_Timer_getPeriod__E)
                  8158f800    00000080     rts6600_elf.lib : lowlev.obj (.text:unlink)
                  8158f880    00000080     ti.targets.rts6000.ae66 : Core-label.oe66 (.text:xdc_runtime_Core_assignLabel__I)
                  8158f900    00000080                             : Core-params.oe66 (.text:xdc_runtime_Core_assignParams__I)
                  8158f980    00000080                             : LoggerBuf.oe66 (.text:xdc_runtime_LoggerBuf_filterOutEvent__I)
                  8158fa00    00000080                             : System.oe66 (.text:xdc_runtime_System_atexit__F)
                  8158fa80    00000080                             : System.oe66 (.text:xdc_runtime_System_rtsExit__I)
                  8158fb00    00000080                             : Text.oe66 (.text:xdc_runtime_Text_printVisFxn__I)
                  8158fb80    00000080                             : Text.oe66 (.text:xdc_runtime_Text_xprintf__I)
                  8158fc00    00000060     stk6_ppp_pppoe.ae66 : bind6.oe66 (.text:Bind6FindByIF)
                  8158fc60    00000060                         : bind6.oe66 (.text:Bind6IF2IPHost)
                  8158fcc0    00000060                         : bind.oe66 (.text:BindFindByIF)
                  8158fd20    00000060                         : bind.oe66 (.text:BindFindByNet)
                  8158fd80    00000060                         : bind.oe66 (.text:BindGetIFByDBCast)
                  8158fde0    00000060                         : bind.oe66 (.text:BindIF2IPHost)
                  8158fe40    00000060     nettool.ae66 : config.oe66 (.text:CfgEntryInfo)
                  8158fea0    00000060                  : config.oe66 (.text:CfgSetService)
                  8158ff00    00000060                  : dnspkt.oe66 (.text:DNSBuildRequest)
                  8158ff60    00000060     stk6_ppp_pppoe.ae66 : md5.oe66 (.text:Encode)
                  8158ffc0    00000060                         : exec.oe66 (.text:ExecBroadcast)
                  81590020    00000060                         : igmp.oe66 (.text:IGMPTestGroup)
                  81590080    00000060                         : ip.oe66 (.text:IPChecksum)
                  815900e0    00000060                         : lli.oe66 (.text:LLIFree)
                  81590140    00000060                         : lli.oe66 (.text:LLIGetMacAddr)
[...]
815946a0   ti_sysbios_knl_Swi_disable__E
815946c0   ti_sysbios_knl_Task_Object__first__S
815946e0   ti_sysbios_knl_Task_Object__next__S
81594700   ti_sysbios_knl_Task_Params__init__S
81594720   ti_sysbios_knl_Task_SupportProxy_Module__startupDone__S
81594740   ti_sysbios_knl_Task_disable__E
81594760   ti_sysbios_knl_Task_getHookContext__E
81594780   ti_sysbios_knl_Task_self__E
815947a0   ti_sysbios_knl_Task_setHookContext__E
815947c0   ti_sysbios_timers_timer64_Timer_setNextTick__E
815947e0   xdc_runtime_Error_getMsg__E
815947e0   xdc_runtime_Error_getMsg__F
81594800   xdc_runtime_Gate_enterSystem__E
81594800   xdc_runtime_Gate_enterSystem__F
81594860   xdc_runtime_LoggerBuf_Module_GateProxy_enter__E
81594880   xdc_runtime_LoggerBuf_Module_GateProxy_leave__E
815948a0   xdc_runtime_LoggerBuf_disable__E
815948a0   xdc_runtime_LoggerBuf_disable__F
815948c0   xdc_runtime_LoggerBuf_enable__E
815948c0   xdc_runtime_LoggerBuf_enable__F
815948e0   xdc_runtime_Memory_HeapProxy_alloc__E
81594900   xdc_runtime_Memory_HeapProxy_free__E
81594920   xdc_runtime_Startup_exec__I
81594940   xdc_runtime_Startup_reset__I
81594960   xdc_runtime_SysStd_exit__E
81594960   xdc_runtime_SysStd_exit__F
81594960   xdc_runtime_System_SupportProxy_exit__E
81594980   xdc_runtime_SysStd_putch__E
81594980   xdc_runtime_SysStd_putch__F
81594980   xdc_runtime_System_SupportProxy_putch__E
815949a0   xdc_runtime_SysStd_ready__E
815949a0   xdc_runtime_SysStd_ready__F
815949a0   xdc_runtime_System_SupportProxy_ready__E
815949c0   xdc_runtime_System_Module_GateProxy_enter__E
815949e0   xdc_runtime_System_Module_GateProxy_leave__E
81594a00   xdc_runtime_System_Module_startup__E
81594a00   xdc_runtime_System_Module_startup__F
81594a20   xdc_runtime_System_exit__E
81594a20   xdc_runtime_System_exit__F
81594a40   xdc_runtime_System_lastFxn__I
81594a60   xdc_runtime_System_sprintf_va__E
81594a60   xdc_runtime_System_sprintf_va__F
81594a60   xdc_runtime_System_vsprintf__E
81594a60   xdc_runtime_System_vsprintf__F
81594a80   xdc_runtime_Text_visitRope__I
81594aa0   c1
81596868   m
81598118   xdc_runtime_Text_charTab__A
81599328   c2
815a0cf8   acc48_le
815a1fb8   ti_sysbios_family_c66_Cache_marvalues__C
815a35a8   _ctypes_
815a37a8   xdc_runtime_Text_nodeTab__A
815a4308   pap_pdsp_const_reg_map
815a4580   Code2Err
815a4994   xdc_runtime_LoggerBuf_Module__FXNS__C
815a4a0c   ti_sysbios_knl_Task_Object__PARAMS__C
815a4a80   cppiLldVersionStr
815a4ab8   qmssLldVersionStr
815a4b20   xdc_runtime_Startup_sfxnTab__A
815a4b88   paLldVersionStr
815a4c50   ti_sysbios_knl_Task_hooks__A
815a4cb0   CSL_versionStr
815a4db4   ti_sysbios_heaps_HeapMem_Module__FXNS__C
815a4e04   xdc_runtime_LoggerBuf_Object__PARAMS__C
815a4e54   ti_sysbios_gates_GateHwi_Module__FXNS__C
815a4e78   ti_sysbios_gates_GateMutex_Module__FXNS__C
815a4e9c   ti_sysbios_knl_Clock_Object__PARAMS__C
815a4ec0   ti_sysbios_knl_Semaphore_Object__PARAMS__C
815a4f28   ti_sysbios_gates_GateHwi_Object__DESC__C
815a4f48   ti_sysbios_gates_GateMutex_Object__DESC__C
815a4f68   ti_sysbios_heaps_HeapMem_Object__DESC__C
815a4f88   ti_sysbios_heaps_HeapMem_Object__PARAMS__C
815a4fa8   ti_sysbios_knl_Clock_Object__DESC__C
815a4fc8   ti_sysbios_knl_Queue_Object__DESC__C
815a4fe8   ti_sysbios_knl_Semaphore_Object__DESC__C
815a5008   ti_sysbios_knl_Task_Object__DESC__C
815a5028   xdc_runtime_LoggerBuf_Object__DESC__C
815a50e0   xdc_runtime_Startup_sfxnRts__A
815a5148   ti_sysbios_gates_GateHwi_Object__PARAMS__C
815a5160   ti_sysbios_gates_GateMutex_Object__PARAMS__C
815a5178   ti_sysbios_knl_Queue_Object__PARAMS__C
815a520c   ti_sysbios_BIOS_Module__diagsEnabled__C
815a5224   ti_sysbios_BIOS_Module__diagsIncluded__C
815a5228   paMemAligns
815a5238   ti_sysbios_family_c64p_EventCombiner_EVTMASK__C
815a5270   ti_sysbios_family_c66_Cache_initSize__C
815a52a0   ti_sysbios_knl_Idle_funcList__A
815a52a8   ti_sysbios_knl_Idle_funcList__C
815a52b0   ti_sysbios_knl_Task_hooks__C
815a52b8   xdc_runtime_Startup_firstFxns__A
815a52c0   xdc_runtime_Startup_firstFxns__C
815a52c8   xdc_runtime_Startup_lastFxns__A
815a52d0   xdc_runtime_Startup_lastFxns__C
815a52f8   ti_sysbios_BIOS_Module__diagsMask__C
815a52fc   ti_sysbios_BIOS_installedErrorHook__C
815a5300   ti_sysbios_family_c62_TaskSupport_stackAlignment__C
815a5304   ti_sysbios_family_c64p_EventCombiner_E_unpluggedEvent__C
815a5308   ti_sysbios_family_c64p_Exception_E_exceptionMin__C
815a530c   ti_sysbios_family_c64p_Exception_exceptionHook__C
815a5310   ti_sysbios_family_c64p_Exception_externalHook__C
815a5314   ti_sysbios_family_c64p_Exception_internalHook__C
815a5318   ti_sysbios_family_c64p_Exception_nmiHook__C
815a531c   ti_sysbios_family_c64p_Hwi_LD_end__C
815a5320   ti_sysbios_family_c64p_Hwi_LM_begin__C
815a5324   ti_sysbios_family_c64p_Hwi_Module__diagsEnabled__C
815a5328   ti_sysbios_family_c64p_Hwi_Module__diagsIncluded__C
815a532c   ti_sysbios_family_c64p_Hwi_Module__diagsMask__C
815a5330   ti_sysbios_family_c64p_Hwi_Module__loggerFxn1__C
815a5334   ti_sysbios_family_c64p_Hwi_Module__loggerFxn8__C
815a5338   ti_sysbios_family_c64p_Hwi_Module__loggerObj__C
815a533c   ti_sysbios_family_c66_Cache_atomicBlockSize__C
815a5340   ti_sysbios_gates_GateMutex_A_badContext__C
815a5344   ti_sysbios_gates_GateMutex_Instance_State_sem__O
815a5348   ti_sysbios_gates_GateMutex_Module__diagsEnabled__C
815a534c   ti_sysbios_gates_GateMutex_Module__diagsIncluded__C
815a5350   ti_sysbios_gates_GateMutex_Module__diagsMask__C
815a5354   ti_sysbios_hal_Hwi_E_stackOverflow__C
815a5358   ti_sysbios_heaps_HeapMem_A_align__C
815a535c   ti_sysbios_heaps_HeapMem_A_heapSize__C
815a5360   ti_sysbios_heaps_HeapMem_A_invalidFree__C
815a5364   ti_sysbios_heaps_HeapMem_A_zeroBlock__C
815a5368   ti_sysbios_heaps_HeapMem_E_memory__C
815a536c   ti_sysbios_heaps_HeapMem_Module__diagsEnabled__C
815a5370   ti_sysbios_heaps_HeapMem_Module__diagsIncluded__C
815a5374   ti_sysbios_heaps_HeapMem_Module__diagsMask__C
815a5378   ti_sysbios_heaps_HeapMem_Module__gateObj__C
815a537c   ti_sysbios_heaps_HeapMem_Object__count__C
815a5380   ti_sysbios_heaps_HeapMem_reqAlignMask__C
815a5384   ti_sysbios_heaps_HeapMem_reqAlign__C
815a5388   ti_sysbios_knl_Clock_A_badThreadType__C
815a538c   ti_sysbios_knl_Clock_LM_begin__C
815a5390   ti_sysbios_knl_Clock_LM_tick__C
815a5394   ti_sysbios_knl_Clock_LW_delayed__C
815a5398   ti_sysbios_knl_Clock_Module_State_clockQ__O
815a539c   ti_sysbios_knl_Clock_Module__diagsEnabled__C
815a53a0   ti_sysbios_knl_Clock_Module__diagsIncluded__C
815a53a4   ti_sysbios_knl_Clock_Module__diagsMask__C
815a53a8   ti_sysbios_knl_Clock_Module__loggerFxn1__C
815a53ac   ti_sysbios_knl_Clock_Module__loggerFxn2__C
815a53b0   ti_sysbios_knl_Clock_Module__loggerObj__C
815a53b4   ti_sysbios_knl_Clock_tickMode__C
815a53b8   ti_sysbios_knl_Clock_tickPeriod__C
815a53bc   ti_sysbios_knl_Clock_tickSource__C
815a53c0   ti_sysbios_knl_Semaphore_A_badContext__C
815a53c4   ti_sysbios_knl_Semaphore_A_noEvents__C
815a53c8   ti_sysbios_knl_Semaphore_A_overflow__C
815a53cc   ti_sysbios_knl_Semaphore_Instance_State_pendQ__O
815a53d0   ti_sysbios_knl_Semaphore_LM_pend__C
815a53d4   ti_sysbios_knl_Semaphore_LM_post__C
815a53d8   ti_sysbios_knl_Semaphore_Module__diagsEnabled__C
815a53dc   ti_sysbios_knl_Semaphore_Module__diagsIncluded__C
815a53e0   ti_sysbios_knl_Semaphore_Module__diagsMask__C
815a53e4   ti_sysbios_knl_Semaphore_Module__loggerFxn2__C
815a53e8   ti_sysbios_knl_Semaphore_Module__loggerFxn4__C
815a53ec   ti_sysbios_knl_Semaphore_Module__loggerObj__C
815a53f0   ti_sysbios_knl_Swi_LD_end__C
815a53f4   ti_sysbios_knl_Swi_LM_begin__C
815a53f8   ti_sysbios_knl_Swi_LM_post__C
815a53fc   ti_sysbios_knl_Swi_Module__diagsEnabled__C
815a5400   ti_sysbios_knl_Swi_Module__diagsIncluded__C
815a5404   ti_sysbios_knl_Swi_Module__diagsMask__C
815a5408   ti_sysbios_knl_Swi_Module__loggerFxn1__C
815a540c   ti_sysbios_knl_Swi_Module__loggerFxn4__C
815a5410   ti_sysbios_knl_Swi_Module__loggerObj__C
815a5414   ti_sysbios_knl_Swi_Object__count__C
815a5418   ti_sysbios_knl_Task_A_badPriority__C
815a541c   ti_sysbios_knl_Task_A_badTaskState__C
815a5420   ti_sysbios_knl_Task_A_badThreadType__C
815a5424   ti_sysbios_knl_Task_A_badTimeout__C
815a5428   ti_sysbios_knl_Task_A_noPendElem__C
815a542c   ti_sysbios_knl_Task_E_spOutOfBounds__C
815a5430   ti_sysbios_knl_Task_E_stackOverflow__C
815a5434   ti_sysbios_knl_Task_LD_block__C
815a5438   ti_sysbios_knl_Task_LD_exit__C
815a543c   ti_sysbios_knl_Task_LD_ready__C
815a5440   ti_sysbios_knl_Task_LM_setPri__C
815a5444   ti_sysbios_knl_Task_LM_sleep__C
815a5448   ti_sysbios_knl_Task_LM_switch__C
815a544c   ti_sysbios_knl_Task_Module_State_inactiveQ__O
815a5450   ti_sysbios_knl_Task_Module_State_terminatedQ__O
815a5454   ti_sysbios_knl_Task_Module__diagsEnabled__C
815a5458   ti_sysbios_knl_Task_Module__diagsIncluded__C
815a545c   ti_sysbios_knl_Task_Module__diagsMask__C
815a5460   ti_sysbios_knl_Task_Module__loggerFxn2__C
815a5464   ti_sysbios_knl_Task_Module__loggerFxn4__C
815a5468   ti_sysbios_knl_Task_Module__loggerObj__C
815a546c   ti_sysbios_knl_Task_Object__count__C
815a5470   ti_sysbios_knl_Task_Object__heap__C
815a5474   ti_sysbios_knl_Task_allBlockedFunc__C
815a5478   ti_sysbios_knl_Task_defaultStackHeap__C
815a547c   ti_sysbios_knl_Task_defaultStackSize__C
815a5480   ti_sysbios_knl_Task_numConstructedTasks__C
815a5484   ti_sysbios_knl_Task_numPriorities__C
815a5488   ti_sysbios_timers_timer64_Timer_A_notAvailable__C
815a548c   ti_sysbios_timers_timer64_Timer_E_cannotSupport__C
815a5490   ti_sysbios_timers_timer64_Timer_Module__diagsEnabled__C
815a5494   ti_sysbios_timers_timer64_Timer_Module__diagsIncluded__C
815a5498   ti_sysbios_timers_timer64_Timer_Module__diagsMask__C
815a549c   ti_sysbios_timers_timer64_Timer_anyMask__C
815a54a0   ti_sysbios_timers_timer64_Timer_freqDivisor__C
815a54a4   ti_sysbios_timers_timer64_Timer_numLocalTimers__C
815a54a8   ti_sysbios_timers_timer64_Timer_numTimerDevices__C
815a54ac   xdc_runtime_Assert_E_assertFailed__C
815a54b0   xdc_runtime_Core_A_initializedParams__C
815a54b4   xdc_runtime_Core_Module__diagsEnabled__C
815a54b8   xdc_runtime_Core_Module__diagsIncluded__C
815a54bc   xdc_runtime_Core_Module__diagsMask__C
815a54c0   xdc_runtime_Error_E_generic__C
815a54c4   xdc_runtime_Error_E_memory__C
815a54c8   xdc_runtime_Error_Module__diagsEnabled__C
815a54cc   xdc_runtime_Error_Module__diagsIncluded__C
815a54d0   xdc_runtime_Error_Module__diagsMask__C
815a54d4   xdc_runtime_Error_Module__loggerFxn8__C
815a54d8   xdc_runtime_Error_Module__loggerObj__C
815a54dc   xdc_runtime_Error_policy__C
815a54e0   xdc_runtime_Error_raiseHook__C
815a54e4   xdc_runtime_IFilterLogger_Interface__BASE__C
815a54e8   xdc_runtime_IGateProvider_Interface__BASE__C
815a54ec   xdc_runtime_IHeap_Interface__BASE__C
815a54f0   xdc_runtime_ILogger_Interface__BASE__C
815a54f4   xdc_runtime_IModule_Interface__BASE__C
815a54f8   xdc_runtime_Log_L_error__C
815a54fc   xdc_runtime_LoggerBuf_E_badLevel__C
815a5500   xdc_runtime_LoggerBuf_Module__gateObj__C
815a5504   xdc_runtime_LoggerBuf_Object__count__C
815a5508   xdc_runtime_LoggerBuf_statusLogger__C
815a550c   xdc_runtime_Memory_defaultHeapInstance__C
815a5510   xdc_runtime_Startup_execImpl__C
815a5514   xdc_runtime_Startup_maxPasses__C
815a5518   xdc_runtime_Startup_sfxnRts__C
815a551c   xdc_runtime_Startup_sfxnTab__C
815a5520   xdc_runtime_System_Module__gateObj__C
815a5524   xdc_runtime_System_extendFxn__C
815a5528   xdc_runtime_System_maxAtexitHandlers__C
815a552c   xdc_runtime_Text_charTab__C
815a5530   xdc_runtime_Text_nameEmpty__C
815a5534   xdc_runtime_Text_nameStatic__C
815a5538   xdc_runtime_Text_nameUnknown__C
815a553c   xdc_runtime_Text_nodeTab__C
815a5540   xdc_runtime_Text_visitRopeFxn__C
815a5544   ti_sysbios_BIOS_Module__id__C
815a5548   ti_sysbios_family_c64p_EventCombiner_Module__id__C
815a554c   ti_sysbios_family_c64p_Exception_Module__id__C
815a5550   ti_sysbios_family_c64p_Hwi_Module__id__C
815a5554   ti_sysbios_family_c64p_Hwi_Module__loggerDefined__C
815a5558   ti_sysbios_gates_GateMutex_Module__id__C
815a555c   ti_sysbios_hal_Hwi_Module__id__C
815a5560   ti_sysbios_heaps_HeapMem_Module__id__C
815a5564   ti_sysbios_knl_Clock_Module__id__C
815a5568   ti_sysbios_knl_Clock_Module__loggerDefined__C
815a556c   ti_sysbios_knl_Semaphore_Module__id__C
815a5570   ti_sysbios_knl_Semaphore_Module__loggerDefined__C
815a5574   ti_sysbios_knl_Swi_Module__id__C
815a5578   ti_sysbios_knl_Swi_Module__loggerDefined__C
815a557c   ti_sysbios_knl_Task_Module__id__C
815a5580   ti_sysbios_knl_Task_Module__loggerDefined__C
815a5584   ti_sysbios_knl_Task_deleteTerminatedTasks__C
815a5588   ti_sysbios_knl_Task_initStackFlag__C
815a558c   ti_sysbios_timers_timer64_Timer_Module__id__C
815a5590   ti_sysbios_timers_timer64_Timer_startupNeeded__C
815a5594   xdc_runtime_Core_Module__id__C
815a5598   xdc_runtime_Error_Module__loggerDefined__C
815a559c   xdc_runtime_Error_maxDepth__C
815a55a0   xdc_runtime_LoggerBuf_Module__id__C
815a55a4   xdc_runtime_LoggerBuf_filterByLevel__C
815a55a8   xdc_runtime_Memory_Module__id__C
815a55ac   xdc_runtime_Text_charCnt__C
815a55b0   xdc_runtime_Text_isLoaded__C
815a55b4   xdc_runtime_Text_registryModsLastId__C
815a55b8   xdc_runtime_Text_unnamedModsLastId__C
815a5600   ti_ndk_config_Global_pit
815a57c0   ti_ndk_config_Global_pitBuffer
815b17c0   ti_sysbios_knl_Task_Instance_State_0_hookEnv__A
815b17c8   ti_sysbios_knl_Task_Instance_State_1_hookEnv__A
815b17d0   ti_sysbios_knl_Task_Instance_State_2_hookEnv__A
815b17d8   xdc_runtime_LoggerBuf_Instance_State_0_entryArr__A
815b1fd8   vlan_mcb
815b266c   raweth_pcb
815b30d0   HostName
815b31d0   http
815b31f8   dhcpservice
815b3220   gPlatformInfo
815b32b8   _tmpnams
815b33f8   qmssLObj
815b3708   IPV6_LINKLOCALMASK
815b3718   IPV6_MULTICASTMASK
815b3728   IPV6_UNSPECIFIED_ADDRESS
815b3738   IPV6_LOOPBACK_ADDRESS
815b3748   IPV6_HOST_MASK
815b3758   IPV6_ALL_NODES_ADDRESS
815b3768   IPV6_ALL_ROUTER_ADDRESS
815b3778   ipv6mcb
815b37d0   tcps
815b3888   tpseudo
815b3894   tcp6_stats
815b3950   _ICMPIn
815b39a0   _ICMPOut
815b39f0   BlockMax
815b3a10   BlockCount
815b3a30   PageMax
815b3a50   PageCount
815b3a6c   ips
815b3ad4   nimu_mcb
815b3b38   gI2cBlock
815b3bb4   udps
815b3bd8   upseudo
815b3be8   nimuGlobalConfigParams
815b3bf8   coreKey
815b3c18   udp6_stats
815b3c40   gCppiCfg
815b3c60   ti_ndk_config_Global_Id2Size
815b3c7c   icmp6stats
815b3c94   PBMQ_free
815b3cb4   stkEvent
815b3cc4   raws
815b3cd4   raw6_stats
815b3ce4   raweths
815b3d00   ti_sysbios_BIOS_Module__state__V
815b3d1c   ti_sysbios_family_c64p_EventCombiner_Module__state__V
815b411c   ti_sysbios_family_c64p_Exception_Module__state__V
815b4148   ti_sysbios_family_c64p_Hwi_Module__root__V
815b4150   ti_sysbios_family_c64p_Hwi_Module__state__V
815b41b8   ti_sysbios_gates_GateHwi_Module__root__V
815b41c0   ti_sysbios_gates_GateMutex_Module__root__V
815b41c8   ti_sysbios_hal_Hwi_Module__root__V
815b41d0   ti_sysbios_hal_Timer_Module__root__V
815b41d8   ti_sysbios_heaps_HeapMem_Module__root__V
815b41e0   ti_sysbios_knl_Clock_Module__root__V
815b41e8   ti_sysbios_knl_Clock_Module__state__V
815b4214   ti_sysbios_knl_Queue_Module__root__V
815b421c   ti_sysbios_knl_Semaphore_Module__root__V
815b4224   ti_sysbios_knl_Swi_Module__root__V
815b422c   ti_sysbios_knl_Swi_Module__state__V
815b4248   ti_sysbios_knl_Task_Module__root__V
815b4250   ti_sysbios_knl_Task_Module__state__V
815b4284   ti_sysbios_timers_timer64_Timer_Module__root__V
815b428c   ti_sysbios_timers_timer64_Timer_Module__state__V
815b42a0   xdc_runtime_Error_Module__state__V
815b42a4   xdc_runtime_LoggerBuf_Module__root__V
815b42ac   xdc_runtime_LoggerBuf_Module__state__V
815b42b4   xdc_runtime_Memory_Module__state__V
815b42b8   xdc_runtime_Registry_Module__state__V
815b42c0   xdc_runtime_Startup_Module__state__V
815b42c8   xdc_runtime_System_Module__state__V
815b42d4   xdc_runtime_Text_Module__state__V
815b42dc   __xdc__init__addr
815b42e0   _ftable
815b44c0   cppiGblCfgParams
815b4600   qmssGblCfgParams
815b4720   ti_sysbios_knl_Task_Object__table__V
815b47b0   TSK_idle
815b47f8   ti_sysbios_timers_timer64_Timer_Module_State_0_device__A
815b48b8   _ipcfg
815b496c   _ft_end
815b4a10   ti_sysbios_knl_Swi_Module_State_0_readyQ__A
815b4a90   ti_sysbios_knl_Task_Module_State_0_readyQ__A
815b4b10   ServiceStatus
815b4c00   ti_sysbios_family_c64p_Hwi_Object__table__V
815b4c78   NIMUDeviceTable
815b4c80   DNSErrorStrings
815b4d70   ti_sysbios_timers_timer64_Timer_Object__table__V
815b4e80   ti_sysbios_gates_GateMutex_Object__table__V
815b4ec0   ti_sysbios_timers_timer64_Timer_Module_State_0_gctrl__A
815b4f00   ti_sysbios_timers_timer64_Timer_Module_State_0_handles__A
815b4f40   ti_sysbios_timers_timer64_Timer_Module_State_0_intFreqs__A
815b4fb4   _cleanup_ptr
815b4fb8   _dtors_ptr
815b4fbc   __TI_enable_exit_profile_output
815b4ff4   __errno
815b4ff4   errno
815b4ff8   ti_sysbios_knl_Swi_Object__table__V
815b5054   _oscfg
815b5078   xdc_runtime_LoggerBuf_Object__table__V
815b50a0   Qmss_highEoiVector
815b50c0   pstrMsgName
815b50e0   xdc_runtime_System_Module_State_0_atexitHandlers__A
815b5100   ReportStr
815b5114   cppiLObj
815b5118   StatusStr
815b512c   paLObj
815b5144   _lock
815b5148   _unlock
815b5168   ti_sysbios_heaps_HeapMem_Object__table__V
815b5180   Qmss_lowEoiVector
815b51b0   ti_sysbios_hal_Hwi_Object__table__V
815b51b8   ti_sysbios_hal_Timer_Object__table__V
815b51c8   ti_sysbios_gates_GateHwi_Object__table__V
815b51d8   DHCP_OPTIONS
815b51e0   Qmss_cdmaEoiVector
815b5240   gDeviceNandBBlist
815b646c   gDeviceNand
815b64a4   gDeviceNor
815b64dc   gDeviceEeprom0
815b6514   gDeviceEeprom1
815b6550   emac_port_mode
815b6658   __TI_STATIC_BASE
815b6690   _IGMPInDiscard
815b6694   _IGMPInQuery
815b6698   _IGMPInQueryGroup
815b669c   _IGMPInResponse
815b66a0   _IGMPOutResponse
815b66a4   gTxCmdReturnQHnd
815b66a8   gTxCmdFreeQHnd
815b66ac   ethSemHandle
815b66bc   hCfg
815b66c0   pform_status
815b66fc   CONTENT_TYPE_APPLET
815b6700   CONTENT_TYPE_AU
815b6704   CONTENT_TYPE_CSS
815b6708   CONTENT_TYPE_DOC
815b670c   CONTENT_TYPE_GIF
815b6710   CONTENT_TYPE_HTML
815b6714   CONTENT_TYPE_JPG
815b6718   CONTENT_TYPE_MPEG
815b671c   CONTENT_TYPE_PDF
815b6720   CONTENT_TYPE_WAV
815b6724   CONTENT_TYPE_ZIP
815b6728   CONTENT_TYPE
815b672c   CONTENT_LENGTH
815b6730   CRLF
815b6734   DEFAULT_NAME
815b6738   HTTP_VER
815b673c   SPACE
815b6740   PITCount
815b6744   PITUsed
815b6748   PITHigh
815b6764   PAGEHEAD
815b6768   PAGEWRAPPER
815b676c   PAGEWRAPPERBACK
815b6770   PAGEFOOTER
815b6774   MAINHDR
815b6778   HDR
815b677c   ROW_END
815b6780   ROW_START
815b6800   _IGMPForceVersion1
815b6808   VerStr
815b680c   LocalIPAddr
815b6820   DebugLogSize
815b6824   DebugCritError
815b6830   _ICMPInErrors
815b6834   _ICMPOutErrors
815b6838   _IPExecuting
815b6848   gFragQList
815b6868   tcp_iss
815b686c   ptTimeFirst
815b6870   pt6TimeFirst
815b6874   tcp6_iss
815b6880   platform_errno
815b6884   platform_init_return_code
815b6898   httpErrorResponseHook
815b68a4   _IPReasmPtr
815b68ac   gMLDNodeList
815b68cc   qmssLObjIsValid
815b68d0   IPV6_MAX_MULTICAST_SOLICIT
815b68d4   IPV6_MAX_UNICAST_SOLICIT
815b68d8   IPV6_RETRANS_TIME
815b68dc   IPV6_DELAY_FIRST_PROBE_TIME
815b68e0   IPV6_REACHABLE_TIME
815b68e4   IPV6_MAX_RTR_SOLICITATION_DELAY
815b68e8   IPV6_RTR_SOLICITATION_INTERVAL
815b68ec   IPV6_MAX_RTR_SOLICITATIONS
815b68f0   INFINITE_LT
815b68f4   ti_ndk_config_Global_rawPageSize
815b68f8   ti_ndk_config_Global_rawPageCount
815b68fc   ti_ndk_config_Global_smallest
815b6900   ti_ndk_config_Global_largest
815b6904   ti_ndk_config_Global_numFrameBuf
815b6908   ti_ndk_config_Global_sizeFrameBuf
815e8424   __TI_Handler_Table_Base
815e8430   __TI_Handler_Table_Limit
815e8494   __TI_CINIT_Base
815e852c   __TI_CINIT_Limit
ffffffff   __TI_pprof_out_hndl
ffffffff   __TI_prof_data_size
ffffffff   __TI_prof_data_start
ffffffff   __binit__
ffffffff   __c_args__
ffffffff   binit
UNDEFED    __TI_INITARRAY_Base
UNDEFED    __TI_INITARRAY_Limit

[1697 symbols]
